Component: Arm Compiler for Embedded 6.24 Tool: armlink [5f371500]

==============================================================================

Section Cross References

    main.o(.text.main) refers to oled.o(.text.OLED_Init) for OLED_Init
    main.o(.text.main) refers to oled.o(.text.OLED_Clear) for OLED_Clear
    main.o(.text.main) refers to timer.o(.text.time2_init) for time2_init
    main.o(.text.main) refers to led.o(.text.led_init) for led_init
    main.o(.text.main) refers to misc.o(.text.NVIC_PriorityGroupConfig) for NVIC_PriorityGroupConfig
    main.o(.text.main) refers to adc.o(.text.adc_init) for adc_init
    main.o(.text.main) refers to uart.o(.text.Uart_Init) for Uart_Init
    main.o(.text.main) refers to oled.o(.text.OLED_DrawTriangle) for OLED_DrawTriangle
    main.o(.text.main) refers to main.o(.rodata.str1.1) for .L.str
    main.o(.text.main) refers to oled.o(.text.OLED_ShowString) for OLED_ShowString
    main.o(.text.main) refers to oled.o(.text.OLED_ShowChinese) for OLED_ShowChinese
    main.o(.text.main) refers to oled.o(.text.OLED_Update) for OLED_Update
    main.o(.text.main) refers to uart.o(.text.Send_String) for Send_String
    main.o(.text.main) refers to puts.o(i.puts) for puts
    main.o(.text.main) refers to adc.o(.bss.ad_result) for ad_result
    main.o(.text.main) refers to dfltui.o(.text) for __aeabi_ui2d
    main.o(.text.main) refers to ddiv.o(.text) for __aeabi_ddiv
    main.o(.text.main) refers to d2f.o(.text) for __aeabi_d2f
    main.o(.text.main) refers to display.o(.bss.ad_Vref) for ad_Vref
    main.o(.text.main) refers to f2d.o(.text) for __aeabi_f2d
    main.o(.text.main) refers to printfa.o(i.__0printf) for __2printf
    main.o(.text.main) refers to ffltui.o(.text) for __aeabi_ui2f
    main.o(.text.main) refers to fmul.o(.text) for __aeabi_fmul
    main.o(.text.main) refers to fdiv.o(.text) for __aeabi_fdiv
    main.o(.text.main) refers to display.o(.bss.ad_result1) for ad_result1
    main.o(.text.main) refers to display.o(.bss.ad_result16) for ad_result16
    main.o(.text.main) refers to dadd.o(.text) for __aeabi_dsub
    main.o(.text.main) refers to display.o(.bss.temp) for temp
    main.o(.text.main) refers to display.o(.bss.ad_result2) for ad_result2
    main.o(.text.main) refers to oled.o(.text.OLED_Printf) for OLED_Printf
    main.o(.text.main) refers to oled.o(.text.OLED_ShowChar) for OLED_ShowChar
    main.o(.text.main) refers to oled_data.o(.rodata.Celsius) for Celsius
    main.o(.text.main) refers to oled.o(.text.OLED_ShowImage) for OLED_ShowImage
    main.o(.text.main) refers to timer.o(.bss.Refresh_Data_Flag) for Refresh_Data_Flag
    main.o(.text.main) refers to display.o(.text.Data_Shows) for Data_Shows
    main.o(.text.main) refers to display.o(.text.Data_Collection) for Data_Collection
    main.o(.ARM.exidx.text.main) refers to main.o(.text.main) for [Anonymous Symbol]
    led.o(.text.led_init) refers to stm32f10x_rcc.o(.text.RCC_APB2PeriphClockCmd) for RCC_APB2PeriphClockCmd
    led.o(.text.led_init) refers to stm32f10x_gpio.o(.text.GPIO_Init) for GPIO_Init
    led.o(.text.led_init) refers to stm32f10x_gpio.o(.text.GPIO_SetBits) for GPIO_SetBits
    led.o(.text.led_init) refers to stm32f10x_gpio.o(.text.GPIO_PinRemapConfig) for GPIO_PinRemapConfig
    led.o(.ARM.exidx.text.led_init) refers to led.o(.text.led_init) for [Anonymous Symbol]
    led.o(.ARM.exidx.text.Led_on) refers to led.o(.text.Led_on) for [Anonymous Symbol]
    led.o(.ARM.exidx.text.Led_off) refers to led.o(.text.Led_off) for [Anonymous Symbol]
    key.o(.text.key_init) refers to stm32f10x_rcc.o(.text.RCC_APB2PeriphClockCmd) for RCC_APB2PeriphClockCmd
    key.o(.text.key_init) refers to stm32f10x_gpio.o(.text.GPIO_Init) for GPIO_Init
    key.o(.ARM.exidx.text.key_init) refers to key.o(.text.key_init) for [Anonymous Symbol]
    key.o(.text.key_scan) refers to key.o(.bss.key_scan.key_value) for key_scan.key_value
    key.o(.text.key_scan) refers to delay.o(.text.delay_ms) for delay_ms
    key.o(.text.key_scan) refers to stm32f10x_gpio.o(.text.GPIO_ReadInputDataBit) for GPIO_ReadInputDataBit
    key.o(.ARM.exidx.text.key_scan) refers to key.o(.text.key_scan) for [Anonymous Symbol]
    exti.o(.text.Exti_Init) refers to stm32f10x_rcc.o(.text.RCC_APB2PeriphClockCmd) for RCC_APB2PeriphClockCmd
    exti.o(.text.Exti_Init) refers to stm32f10x_gpio.o(.text.GPIO_Init) for GPIO_Init
    exti.o(.text.Exti_Init) refers to stm32f10x_gpio.o(.text.GPIO_EXTILineConfig) for GPIO_EXTILineConfig
    exti.o(.text.Exti_Init) refers to stm32f10x_exti.o(.text.EXTI_Init) for EXTI_Init
    exti.o(.text.Exti_Init) refers to misc.o(.text.NVIC_Init) for NVIC_Init
    exti.o(.ARM.exidx.text.Exti_Init) refers to exti.o(.text.Exti_Init) for [Anonymous Symbol]
    exti.o(.text.EXTI0_IRQHandler) refers to stm32f10x_exti.o(.text.EXTI_GetITStatus) for EXTI_GetITStatus
    exti.o(.text.EXTI0_IRQHandler) refers to delay.o(.text.delay) for delay
[...]
    Removing stm32f10x_tim.o(.text.TIM_BDTRConfig), (40 bytes).
    Removing stm32f10x_tim.o(.ARM.exidx.text.TIM_BDTRConfig), (8 bytes).
    Removing stm32f10x_tim.o(.text.TIM_TimeBaseStructInit), (20 bytes).
    Removing stm32f10x_tim.o(.ARM.exidx.text.TIM_TimeBaseStructInit), (8 bytes).
    Removing stm32f10x_tim.o(.text.TIM_OCStructInit), (12 bytes).
    Removing stm32f10x_tim.o(.ARM.exidx.text.TIM_OCStructInit), (8 bytes).
    Removing stm32f10x_tim.o(.text.TIM_ICStructInit), (12 bytes).
    Removing stm32f10x_tim.o(.ARM.exidx.text.TIM_ICStructInit), (8 bytes).
    Removing stm32f10x_tim.o(.text.TIM_BDTRStructInit), (12 bytes).
    Removing stm32f10x_tim.o(.ARM.exidx.text.TIM_BDTRStructInit), (8 bytes).
    Removing stm32f10x_tim.o(.ARM.exidx.text.TIM_Cmd), (8 bytes).
    Removing stm32f10x_tim.o(.text.TIM_CtrlPWMOutputs), (24 bytes).
    Removing stm32f10x_tim.o(.ARM.exidx.text.TIM_CtrlPWMOutputs), (8 bytes).
    Removing stm32f10x_tim.o(.ARM.exidx.text.TIM_ITConfig), (8 bytes).
    Removing stm32f10x_tim.o(.text.TIM_GenerateEvent), (4 bytes).
    Removing stm32f10x_tim.o(.ARM.exidx.text.TIM_GenerateEvent), (8 bytes).
    Removing stm32f10x_tim.o(.text.TIM_DMAConfig), (8 bytes).
    Removing stm32f10x_tim.o(.ARM.exidx.text.TIM_DMAConfig), (8 bytes).
    Removing stm32f10x_tim.o(.text.TIM_DMACmd), (16 bytes).
    Removing stm32f10x_tim.o(.ARM.exidx.text.TIM_DMACmd), (8 bytes).
    Removing stm32f10x_tim.o(.text.TIM_InternalClockConfig), (10 bytes).
    Removing stm32f10x_tim.o(.ARM.exidx.text.TIM_InternalClockConfig), (8 bytes).
    Removing stm32f10x_tim.o(.text.TIM_ITRxExternalClockConfig), (20 bytes).
    Removing stm32f10x_tim.o(.ARM.exidx.text.TIM_ITRxExternalClockConfig), (8 bytes).
    Removing stm32f10x_tim.o(.text.TIM_SelectInputTrigger), (12 bytes).
    Removing stm32f10x_tim.o(.ARM.exidx.text.TIM_SelectInputTrigger), (8 bytes).
    Removing stm32f10x_tim.o(.text.TIM_TIxExternalClockConfig), (280 bytes).
    Removing stm32f10x_tim.o(.ARM.exidx.text.TIM_TIxExternalClockConfig), (8 bytes).
    Removing stm32f10x_tim.o(.text.TIM_ETRClockMode1Config), (30 bytes).
    Removing stm32f10x_tim.o(.ARM.exidx.text.TIM_ETRClockMode1Config), (8 bytes).
    Removing stm32f10x_tim.o(.text.TIM_ETRConfig), (22 bytes).
    Removing stm32f10x_tim.o(.ARM.exidx.text.TIM_ETRConfig), (8 bytes).
    Removing stm32f10x_tim.o(.text.TIM_ETRClockMode2Config), (30 bytes).
    Removing stm32f10x_tim.o(.ARM.exidx.text.TIM_ETRClockMode2Config), (8 bytes).
    Removing stm32f10x_tim.o(.text.TIM_PrescalerConfig), (6 bytes).
    Removing stm32f10x_tim.o(.ARM.exidx.text.TIM_PrescalerConfig), (8 bytes).
    Removing stm32f10x_tim.o(.text.TIM_CounterModeConfig), (12 bytes).
    Removing stm32f10x_tim.o(.ARM.exidx.text.TIM_CounterModeConfig), (8 bytes).
    Removing stm32f10x_tim.o(.text.TIM_EncoderInterfaceConfig), (48 bytes).
    Removing stm32f10x_tim.o(.ARM.exidx.text.TIM_EncoderInterfaceConfig), (8 bytes).
    Removing stm32f10x_tim.o(.text.TIM_ForcedOC1Config), (12 bytes).
    Removing stm32f10x_tim.o(.ARM.exidx.text.TIM_ForcedOC1Config), (8 bytes).
    Removing stm32f10x_tim.o(.text.TIM_ForcedOC2Config), (14 bytes).
    Removing stm32f10x_tim.o(.ARM.exidx.text.TIM_ForcedOC2Config), (8 bytes).
    Removing stm32f10x_tim.o(.text.TIM_ForcedOC3Config), (12 bytes).
    Removing stm32f10x_tim.o(.ARM.exidx.text.TIM_ForcedOC3Config), (8 bytes).
    Removing stm32f10x_tim.o(.text.TIM_ForcedOC4Config), (14 bytes).
    Removing stm32f10x_tim.o(.ARM.exidx.text.TIM_ForcedOC4Config), (8 bytes).
    Removing stm32f10x_tim.o(.text.TIM_ARRPreloadConfig), (20 bytes).
    Removing stm32f10x_tim.o(.ARM.exidx.text.TIM_ARRPreloadConfig), (8 bytes).
    Removing stm32f10x_tim.o(.text.TIM_SelectCOM), (20 bytes).
    Removing stm32f10x_tim.o(.ARM.exidx.text.TIM_SelectCOM), (8 bytes).
    Removing stm32f10x_tim.o(.text.TIM_SelectCCDMA), (20 bytes).
    Removing stm32f10x_tim.o(.ARM.exidx.text.TIM_SelectCCDMA), (8 bytes).
    Removing stm32f10x_tim.o(.text.TIM_CCPreloadControl), (18 bytes).
    Removing stm32f10x_tim.o(.ARM.exidx.text.TIM_CCPreloadControl), (8 bytes).
    Removing stm32f10x_tim.o(.text.TIM_OC1PreloadConfig), (12 bytes).
    Removing stm32f10x_tim.o(.ARM.exidx.text.TIM_OC1PreloadConfig), (8 bytes).
    Removing stm32f10x_tim.o(.text.TIM_OC2PreloadConfig), (14 bytes).
    Removing stm32f10x_tim.o(.ARM.exidx.text.TIM_OC2PreloadConfig), (8 bytes).
    Removing stm32f10x_tim.o(.text.TIM_OC3PreloadConfig), (12 bytes).
    Removing stm32f10x_tim.o(.ARM.exidx.text.TIM_OC3PreloadConfig), (8 bytes).
    Removing stm32f10x_tim.o(.text.TIM_OC4PreloadConfig), (14 bytes).
    Removing stm32f10x_tim.o(.ARM.exidx.text.TIM_OC4PreloadConfig), (8 bytes).
    Removing stm32f10x_tim.o(.text.TIM_OC1FastConfig), (12 bytes).
    Removing stm32f10x_tim.o(.ARM.exidx.text.TIM_OC1FastConfig), (8 bytes).
    Removing stm32f10x_tim.o(.text.TIM_OC2FastConfig), (14 bytes).
    Removing stm32f10x_tim.o(.ARM.exidx.text.TIM_OC2FastConfig), (8 bytes).
    Removing stm32f10x_tim.o(.text.TIM_OC3FastConfig), (12 bytes).
    Removing stm32f10x_tim.o(.ARM.exidx.text.TIM_OC3FastConfig), (8 bytes).
    Removing stm32f10x_tim.o(.text.TIM_OC4FastConfig), (14 bytes).
    Removing stm32f10x_tim.o(.ARM.exidx.text.TIM_OC4FastConfig), (8 bytes).
    Removing stm32f10x_tim.o(.text.TIM_ClearOC1Ref), (12 bytes).
    Removing stm32f10x_tim.o(.ARM.exidx.text.TIM_ClearOC1Ref), (8 bytes).
    Removing stm32f10x_tim.o(.text.TIM_ClearOC2Ref), (14 bytes).
    Removing stm32f10x_tim.o(.ARM.exidx.text.TIM_ClearOC2Ref), (8 bytes).
    Removing stm32f10x_tim.o(.text.TIM_ClearOC3Ref), (12 bytes).
    Removing stm32f10x_tim.o(.ARM.exidx.text.TIM_ClearOC3Ref), (8 bytes).
    Removing stm32f10x_tim.o(.text.TIM_ClearOC4Ref), (14 bytes).
    Removing stm32f10x_tim.o(.ARM.exidx.text.TIM_ClearOC4Ref), (8 bytes).
    Removing stm32f10x_tim.o(.text.TIM_OC1PolarityConfig), (12 bytes).
    Removing stm32f10x_tim.o(.ARM.exidx.text.TIM_OC1PolarityConfig), (8 bytes).
    Removing stm32f10x_tim.o(.text.TIM_OC1NPolarityConfig), (12 bytes).
    Removing stm32f10x_tim.o(.ARM.exidx.text.TIM_OC1NPolarityConfig), (8 bytes).
    Removing stm32f10x_tim.o(.text.TIM_OC2PolarityConfig), (14 bytes).
    Removing stm32f10x_tim.o(.ARM.exidx.text.TIM_OC2PolarityConfig), (8 bytes).
    Removing stm32f10x_tim.o(.text.TIM_OC2NPolarityConfig), (14 bytes).
    Removing stm32f10x_tim.o(.ARM.exidx.text.TIM_OC2NPolarityConfig), (8 bytes).
    Removing stm32f10x_tim.o(.text.TIM_OC3PolarityConfig), (14 bytes).
    Removing stm32f10x_tim.o(.ARM.exidx.text.TIM_OC3PolarityConfig), (8 bytes).
    Removing stm32f10x_tim.o(.text.TIM_OC3NPolarityConfig), (14 bytes).
    Removing stm32f10x_tim.o(.ARM.exidx.text.TIM_OC3NPolarityConfig), (8 bytes).
    Removing stm32f10x_tim.o(.text.TIM_OC4PolarityConfig), (14 bytes).
    Removing stm32f10x_tim.o(.ARM.exidx.text.TIM_OC4PolarityConfig), (8 bytes).
    Removing stm32f10x_tim.o(.text.TIM_CCxCmd), (32 bytes).
    Removing stm32f10x_tim.o(.ARM.exidx.text.TIM_CCxCmd), (8 bytes).
    Removing stm32f10x_tim.o(.text.TIM_CCxNCmd), (32 bytes).
    Removing stm32f10x_tim.o(.ARM.exidx.text.TIM_CCxNCmd), (8 bytes).
    Removing stm32f10x_tim.o(.text.TIM_SelectOCxM), (84 bytes).
    Removing stm32f10x_tim.o(.ARM.exidx.text.TIM_SelectOCxM), (8 bytes).
    Removing stm32f10x_tim.o(.text.TIM_UpdateDisableConfig), (20 bytes).
    Removing stm32f10x_tim.o(.ARM.exidx.text.TIM_UpdateDisableConfig), (8 bytes).
    Removing stm32f10x_tim.o(.text.TIM_UpdateRequestConfig), (20 bytes).
    Removing stm32f10x_tim.o(.ARM.exidx.text.TIM_UpdateRequestConfig), (8 bytes).
    Removing stm32f10x_tim.o(.text.TIM_SelectHallSensor), (20 bytes).
    Removing stm32f10x_tim.o(.ARM.exidx.text.TIM_SelectHallSensor), (8 bytes).
    Removing stm32f10x_tim.o(.text.TIM_SelectOnePulseMode), (16 bytes).
    Removing stm32f10x_tim.o(.ARM.exidx.text.TIM_SelectOnePulseMode), (8 bytes).
    Removing stm32f10x_tim.o(.text.TIM_SelectOutputTrigger), (16 bytes).
    Removing stm32f10x_tim.o(.ARM.exidx.text.TIM_SelectOutputTrigger), (8 bytes).
    Removing stm32f10x_tim.o(.text.TIM_SelectSlaveMode), (16 bytes).
    Removing stm32f10x_tim.o(.ARM.exidx.text.TIM_SelectSlaveMode), (8 bytes).
    Removing stm32f10x_tim.o(.text.TIM_SelectMasterSlaveMode), (16 bytes).
    Removing stm32f10x_tim.o(.ARM.exidx.text.TIM_SelectMasterSlaveMode), (8 bytes).
    Removing stm32f10x_tim.o(.text.TIM_SetCounter), (4 bytes).
    Removing stm32f10x_tim.o(.ARM.exidx.text.TIM_SetCounter), (8 bytes).
    Removing stm32f10x_tim.o(.text.TIM_SetAutoreload), (4 bytes).
    Removing stm32f10x_tim.o(.ARM.exidx.text.TIM_SetAutoreload), (8 bytes).
    Removing stm32f10x_tim.o(.text.TIM_SetCompare1), (4 bytes).
    Removing stm32f10x_tim.o(.ARM.exidx.text.TIM_SetCompare1), (8 bytes).
    Removing stm32f10x_tim.o(.text.TIM_SetCompare2), (4 bytes).
    Removing stm32f10x_tim.o(.ARM.exidx.text.TIM_SetCompare2), (8 bytes).
    Removing stm32f10x_tim.o(.text.TIM_SetCompare3), (4 bytes).
    Removing stm32f10x_tim.o(.ARM.exidx.text.TIM_SetCompare3), (8 bytes).
    Removing stm32f10x_tim.o(.text.TIM_SetCompare4), (6 bytes).
    Removing stm32f10x_tim.o(.ARM.exidx.text.TIM_SetCompare4), (8 bytes).
    Removing stm32f10x_tim.o(.text.TIM_SetClockDivision), (16 bytes).
    Removing stm32f10x_tim.o(.ARM.exidx.text.TIM_SetClockDivision), (8 bytes).
    Removing stm32f10x_tim.o(.text.TIM_GetCapture1), (4 bytes).
    Removing stm32f10x_tim.o(.ARM.exidx.text.TIM_GetCapture1), (8 bytes).
    Removing stm32f10x_tim.o(.text.TIM_GetCapture2), (4 bytes).
    Removing stm32f10x_tim.o(.ARM.exidx.text.TIM_GetCapture2), (8 bytes).
    Removing stm32f10x_tim.o(.text.TIM_GetCapture3), (4 bytes).
    Removing stm32f10x_tim.o(.ARM.exidx.text.TIM_GetCapture3), (8 bytes).
    Removing stm32f10x_tim.o(.text.TIM_GetCapture4), (6 bytes).
    Removing stm32f10x_tim.o(.ARM.exidx.text.TIM_GetCapture4), (8 bytes).
    Removing stm32f10x_tim.o(.text.TIM_GetCounter), (4 bytes).
    Removing stm32f10x_tim.o(.ARM.exidx.text.TIM_GetCounter), (8 bytes).
    Removing stm32f10x_tim.o(.text.TIM_GetPrescaler), (4 bytes).
    Removing stm32f10x_tim.o(.ARM.exidx.text.TIM_GetPrescaler), (8 bytes).
    Removing stm32f10x_tim.o(.text.TIM_GetFlagStatus), (10 bytes).
    Removing stm32f10x_tim.o(.ARM.exidx.text.TIM_GetFlagStatus), (8 bytes).
    Removing stm32f10x_tim.o(.text.TIM_ClearFlag), (6 bytes).
    Removing stm32f10x_tim.o(.ARM.exidx.text.TIM_ClearFlag), (8 bytes).
    Removing stm32f10x_tim.o(.ARM.exidx.text.TIM_GetITStatus), (8 bytes).
    Removing stm32f10x_tim.o(.ARM.exidx.text.TIM_ClearITPendingBit), (8 bytes).
    Removing stm32f10x_usart.o(.text), (0 bytes).
    Removing stm32f10x_usart.o(.text.USART_DeInit), (174 bytes).
    Removing stm32f10x_usart.o(.ARM.exidx.text.USART_DeInit), (8 bytes).
    Removing stm32f10x_usart.o(.ARM.exidx.text.USART_Init), (8 bytes).
    Removing stm32f10x_usart.o(.text.USART_StructInit), (18 bytes).
    Removing stm32f10x_usart.o(.ARM.exidx.text.USART_StructInit), (8 bytes).
    Removing stm32f10x_usart.o(.text.USART_ClockInit), (34 bytes).
    Removing stm32f10x_usart.o(.ARM.exidx.text.USART_ClockInit), (8 bytes).
    Removing stm32f10x_usart.o(.text.USART_ClockStructInit), (8 bytes).
    Removing stm32f10x_usart.o(.ARM.exidx.text.USART_ClockStructInit), (8 bytes).
    Removing stm32f10x_usart.o(.ARM.exidx.text.USART_Cmd), (8 bytes).
    Removing stm32f10x_usart.o(.ARM.exidx.text.USART_ITConfig), (8 bytes).
    Removing stm32f10x_usart.o(.text.USART_DMACmd), (16 bytes).
    Removing stm32f10x_usart.o(.ARM.exidx.text.USART_DMACmd), (8 bytes).
    Removing stm32f10x_usart.o(.text.USART_SetAddress), (16 bytes).
    Removing stm32f10x_usart.o(.ARM.exidx.text.USART_SetAddress), (8 bytes).
    Removing stm32f10x_usart.o(.text.USART_WakeUpConfig), (16 bytes).
    Removing stm32f10x_usart.o(.ARM.exidx.text.USART_WakeUpConfig), (8 bytes).
    Removing stm32f10x_usart.o(.text.USART_ReceiverWakeUpCmd), (20 bytes).
    Removing stm32f10x_usart.o(.ARM.exidx.text.USART_ReceiverWakeUpCmd), (8 bytes).
    Removing stm32f10x_usart.o(.text.USART_LINBreakDetectLengthConfig), (16 bytes).
    Removing stm32f10x_usart.o(.ARM.exidx.text.USART_LINBreakDetectLengthConfig), (8 bytes).
    Removing stm32f10x_usart.o(.text.USART_LINCmd), (20 bytes).
    Removing stm32f10x_usart.o(.ARM.exidx.text.USART_LINCmd), (8 bytes).
    Removing stm32f10x_usart.o(.ARM.exidx.text.USART_SendData), (8 bytes).
    Removing stm32f10x_usart.o(.ARM.exidx.text.USART_ReceiveData), (8 bytes).
    Removing stm32f10x_usart.o(.text.USART_SendBreak), (10 bytes).
    Removing stm32f10x_usart.o(.ARM.exidx.text.USART_SendBreak), (8 bytes).
    Removing stm32f10x_usart.o(.text.USART_SetGuardTime), (16 bytes).
    Removing stm32f10x_usart.o(.ARM.exidx.text.USART_SetGuardTime), (8 bytes).
    Removing stm32f10x_usart.o(.text.USART_SetPrescaler), (16 bytes).
    Removing stm32f10x_usart.o(.ARM.exidx.text.USART_SetPrescaler), (8 bytes).
    Removing stm32f10x_usart.o(.text.USART_SmartCardCmd), (20 bytes).
    Removing stm32f10x_usart.o(.ARM.exidx.text.USART_SmartCardCmd), (8 bytes).
    Removing stm32f10x_usart.o(.text.USART_SmartCardNACKCmd), (20 bytes).
    Removing stm32f10x_usart.o(.ARM.exidx.text.USART_SmartCardNACKCmd), (8 bytes).
    Removing stm32f10x_usart.o(.text.USART_HalfDuplexCmd), (20 bytes).
    Removing stm32f10x_usart.o(.ARM.exidx.text.USART_HalfDuplexCmd), (8 bytes).
    Removing stm32f10x_usart.o(.text.USART_OverSampling8Cmd), (20 bytes).
    Removing stm32f10x_usart.o(.ARM.exidx.text.USART_OverSampling8Cmd), (8 bytes).
    Removing stm32f10x_usart.o(.text.USART_OneBitMethodCmd), (20 bytes).
    Removing stm32f10x_usart.o(.ARM.exidx.text.USART_OneBitMethodCmd), (8 bytes).
    Removing stm32f10x_usart.o(.text.USART_IrDAConfig), (16 bytes).
    Removing stm32f10x_usart.o(.ARM.exidx.text.USART_IrDAConfig), (8 bytes).
    Removing stm32f10x_usart.o(.text.USART_IrDACmd), (20 bytes).
    Removing stm32f10x_usart.o(.ARM.exidx.text.USART_IrDACmd), (8 bytes).
    Removing stm32f10x_usart.o(.ARM.exidx.text.USART_GetFlagStatus), (8 bytes).
    Removing stm32f10x_usart.o(.text.USART_ClearFlag), (6 bytes).
    Removing stm32f10x_usart.o(.ARM.exidx.text.USART_ClearFlag), (8 bytes).
    Removing stm32f10x_usart.o(.ARM.exidx.text.USART_GetITStatus), (8 bytes).
    Removing stm32f10x_usart.o(.ARM.exidx.text.USART_ClearITPendingBit), (8 bytes).
    Removing gpio_stm32f10x.o(.text), (0 bytes).
    Removing gpio_stm32f10x.o(.text.GPIO_PortClock), (170 bytes).
    Removing gpio_stm32f10x.o(.ARM.exidx.text.GPIO_PortClock), (8 bytes).
    Removing gpio_stm32f10x.o(.text.GPIO_GetPortClockState), (50 bytes).
    Removing gpio_stm32f10x.o(.ARM.exidx.text.GPIO_GetPortClockState), (8 bytes).
    Removing gpio_stm32f10x.o(.text.GPIO_PinConfigure), (164 bytes).
    Removing gpio_stm32f10x.o(.ARM.exidx.text.GPIO_PinConfigure), (8 bytes).
    Removing gpio_stm32f10x.o(.text.GPIO_AFConfigure), (128 bytes).
    Removing gpio_stm32f10x.o(.ARM.exidx.text.GPIO_AFConfigure), (8 bytes).
    Removing gpio_stm32f10x.o(.rodata..Lswitch.table.GPIO_PinConfigure.1), (28 bytes).
    Removing startup_stm32f10x_md.o(HEAP), (512 bytes).
    Removing system_stm32f10x.o(.text), (0 bytes).
    Removing system_stm32f10x.o(.ARM.exidx.text.SystemInit), (8 bytes).
    Removing system_stm32f10x.o(.text.SystemCoreClockUpdate), (94 bytes).
    Removing system_stm32f10x.o(.ARM.exidx.text.SystemCoreClockUpdate), (8 bytes).
    Removing system_stm32f10x.o(.data.SystemCoreClock), (4 bytes).
    Removing system_stm32f10x.o(.rodata.AHBPrescTable), (16 bytes).
    Removing fadd.o(.text), (176 bytes).
    Removing fcmpgt.o(.text), (28 bytes).
    Removing dcmple.o(.text), (54 bytes).
    Removing dcmplt.o(.text), (54 bytes).
    Removing dcmpgt.o(.text), (54 bytes).
    Removing fflti.o(.text), (18 bytes).
    Removing dfixui.o(.text), (50 bytes).

573 unused section(s) (total 16931 bytes) removed from the image.

==============================================================================

Image Symbol Table

    Local Symbols

    Symbol Name                              Value     Ov Type        Size  Object(Section)

    ../clib/division.s                       0x00000000   Number         0  aeabi_sdiv.o ABSOLUTE
    ../clib/microlib/division.c              0x00000000   Number         0  uidiv.o ABSOLUTE
    ../clib/microlib/division.c              0x00000000   Number         0  uldiv.o ABSOLUTE
    ../clib/microlib/errno.c                 0x00000000   Number         0  errno.o ABSOLUTE
    ../clib/microlib/init/entry.s            0x00000000   Number         0  entry.o ABSOLUTE
    ../clib/microlib/init/entry.s            0x00000000   Number         0  entry2.o ABSOLUTE
    ../clib/microlib/init/entry.s            0x00000000   Number         0  entry5.o ABSOLUTE
    ../clib/microlib/init/entry.s            0x00000000   Number         0  entry7a.o ABSOLUTE
    ../clib/microlib/init/entry.s            0x00000000   Number         0  entry7b.o ABSOLUTE
    ../clib/microlib/init/entry.s            0x00000000   Number         0  entry8a.o ABSOLUTE
    ../clib/microlib/init/entry.s            0x00000000   Number         0  entry8b.o ABSOLUTE
    ../clib/microlib/init/entry.s            0x00000000   Number         0  entry9a.o ABSOLUTE
    ../clib/microlib/init/entry.s            0x00000000   Number         0  entry9b.o ABSOLUTE
    ../clib/microlib/init/entry.s            0x00000000   Number         0  entry10a.o ABSOLUTE
    ../clib/microlib/init/entry.s            0x00000000   Number         0  entry10b.o ABSOLUTE
    ../clib/microlib/init/entry.s            0x00000000   Number         0  entry11a.o ABSOLUTE
    ../clib/microlib/init/entry.s            0x00000000   Number         0  entry11b.o ABSOLUTE
    ../clib/microlib/longlong.c              0x00000000   Number         0  llshl.o ABSOLUTE
    ../clib/microlib/longlong.c              0x00000000   Number         0  llushr.o ABSOLUTE
    ../clib/microlib/longlong.c              0x00000000   Number         0  llsshr.o ABSOLUTE
    ../clib/microlib/printf/printf.c         0x00000000   Number         0  printfb.o ABSOLUTE
    ../clib/microlib/printf/printf.c         0x00000000   Number         0  printf0.o ABSOLUTE
    ../clib/microlib/printf/printf.c         0x00000000   Number         0  printf1.o ABSOLUTE
    ../clib/microlib/printf/printf.c         0x00000000   Number         0  printf2.o ABSOLUTE
    ../clib/microlib/printf/printf.c         0x00000000   Number         0  printf3.o ABSOLUTE
    ../clib/microlib/printf/printf.c         0x00000000   Number         0  printf4.o ABSOLUTE
    ../clib/microlib/printf/printf.c         0x00000000   Number         0  printf5.o ABSOLUTE
    ../clib/microlib/printf/printf.c         0x00000000   Number         0  printf6.o ABSOLUTE
    ../clib/microlib/printf/printf.c         0x00000000   Number         0  printf7.o ABSOLUTE
    ../clib/microlib/printf/printf.c         0x00000000   Number         0  printf8.o ABSOLUTE
    ../clib/microlib/printf/printf.c         0x00000000   Number         0  printfa.o ABSOLUTE
    ../clib/microlib/printf/stubs.s          0x00000000   Number         0  printfstubs.o ABSOLUTE
    ../clib/microlib/stdio/puts.c            0x00000000   Number         0  puts.o ABSOLUTE
    ../clib/microlib/stdio/puts.c            0x00000000   Number         0  puts_e.o ABSOLUTE
    ../clib/microlib/stdio/streams.c         0x00000000   Number         0  stdout.o ABSOLUTE
    ../clib/microlib/string/memset.c         0x00000000   Number         0  memseta.o ABSOLUTE
    ../clib/microlib/string/strcmp.c         0x00000000   Number         0  strcmp.o ABSOLUTE
    ../clib/microlib/stubs.s                 0x00000000   Number         0  iusefp.o ABSOLUTE
    ../fplib/microlib/d2f.c                  0x00000000   Number         0  d2f.o ABSOLUTE
    ../fplib/microlib/f2d.c                  0x00000000   Number         0  f2d.o ABSOLUTE
    ../fplib/microlib/fpadd.c                0x00000000   Number         0  fadd.o ABSOLUTE
    ../fplib/microlib/fpadd.c                0x00000000   Number         0  dadd.o ABSOLUTE
    ../fplib/microlib/fpcmp.c                0x00000000   Number         0  fcmpgt.o ABSOLUTE
    ../fplib/microlib/fpcmp.c                0x00000000   Number         0  dcmple.o ABSOLUTE
    ../fplib/microlib/fpcmp.c                0x00000000   Number         0  dcmplt.o ABSOLUTE
    ../fplib/microlib/fpcmp.c                0x00000000   Number         0  dcmpgt.o ABSOLUTE
    ../fplib/microlib/fpdiv.c                0x00000000   Number         0  fdiv.o ABSOLUTE
    ../fplib/microlib/fpdiv.c                0x00000000   Number         0  ddiv.o ABSOLUTE
    ../fplib/microlib/fpepilogue.c           0x00000000   Number         0  fepilogue.o ABSOLUTE
    ../fplib/microlib/fpepilogue.c           0x00000000   Number         0  depilogue.o ABSOLUTE
    ../fplib/microlib/fpfix.c                0x00000000   Number         0  dfixi.o ABSOLUTE
    ../fplib/microlib/fpfix.c                0x00000000   Number         0  dfixui.o ABSOLUTE
    ../fplib/microlib/fpfix.c                0x00000000   Number         0  dfixul.o ABSOLUTE
    ../fplib/microlib/fpflt.c                0x00000000   Number         0  fflti.o ABSOLUTE
    ../fplib/microlib/fpflt.c                0x00000000   Number         0  ffltui.o ABSOLUTE
    ../fplib/microlib/fpflt.c                0x00000000   Number         0  dflti.o ABSOLUTE
    ../fplib/microlib/fpflt.c                0x00000000   Number         0  dfltui.o ABSOLUTE
    ../fplib/microlib/fpmul.c                0x00000000   Number         0  fmul.o ABSOLUTE
    ../fplib/microlib/fpmul.c                0x00000000   Number         0  dmul.o ABSOLUTE
    ../fplib/microlib/fpscalb.c              0x00000000   Number         0  dscalb.o ABSOLUTE
    ../mathlib/atan.c                        0x00000000   Number         0  atan.o ABSOLUTE
    ../mathlib/atan2.c                       0x00000000   Number         0  atan2.o ABSOLUTE
    ../mathlib/dunder.c                      0x00000000   Number         0  dunder.o ABSOLUTE
    ../mathlib/fpclassify.c                  0x00000000   Number         0  fpclassify.o ABSOLUTE
    ../mathlib/poly.c                        0x00000000   Number         0  poly.o ABSOLUTE
    ../mathlib/qnan.c                        0x00000000   Number         0  qnan.o ABSOLUTE
    ADC.C                                    0x00000000   Number         0  adc.o ABSOLUTE
    EXTI.C                                   0x00000000   Number         0  exti.o ABSOLUTE
    GPIO_STM32F10x.c                         0x00000000   Number         0  gpio_stm32f10x.o ABSOLUTE
    Key.c                                    0x00000000   Number         0  key.o ABSOLUTE
    OLED.c                                   0x00000000   Number         0  oled.o ABSOLUTE
    OLED_Data.c                              0x00000000   Number         0  oled_data.o ABSOLUTE
    RTE/Device/STM32F103C8/startup_stm32f10x_md.s 0x00000000   Number         0  startup_stm32f10x_md.o ABSOLUTE
    cdcmple.s                                0x00000000   Number         0  cdcmple.o ABSOLUTE
    cdrcmple.s                               0x00000000   Number         0  cdrcmple.o ABSOLUTE
    dc.s                                     0x00000000   Number         0  dc.o ABSOLUTE
    delay.c                                  0x00000000   Number         0  delay.o ABSOLUTE
    display.c                                0x00000000   Number         0  display.o ABSOLUTE
    handlers.s                               0x00000000   Number         0  handlers.o ABSOLUTE
    init.s                                   0x00000000   Number         0  init.o ABSOLUTE
    led.c                                    0x00000000   Number         0  led.o ABSOLUTE
    main.c                                   0x00000000   Number         0  main.o ABSOLUTE
    misc.c                                   0x00000000   Number         0  misc.o ABSOLUTE
    stm32f10x_adc.c                          0x00000000   Number         0  stm32f10x_adc.o ABSOLUTE
    stm32f10x_dma.c                          0x00000000   Number         0  stm32f10x_dma.o ABSOLUTE
    stm32f10x_exti.c                         0x00000000   Number         0  stm32f10x_exti.o ABSOLUTE
    stm32f10x_gpio.c                         0x00000000   Number         0  stm32f10x_gpio.o ABSOLUTE
    stm32f10x_rcc.c                          0x00000000   Number         0  stm32f10x_rcc.o ABSOLUTE
    stm32f10x_tim.c                          0x00000000   Number         0  stm32f10x_tim.o ABSOLUTE
    stm32f10x_usart.c                        0x00000000   Number         0  stm32f10x_usart.o ABSOLUTE
    system_stm32f10x.c                       0x00000000   Number         0  system_stm32f10x.o ABSOLUTE
    timer.c                                  0x00000000   Number         0  timer.o ABSOLUTE
    uart.c                                   0x00000000   Number         0  uart.o ABSOLUTE
    RESET                                    0x08000000   Section      236  startup_stm32f10x_md.o(RESET)
    .ARM.Collect$$$$00000000                 0x080000ec   Section        0  entry.o(.ARM.Collect$$$$00000000)
    .ARM.Collect$$$$00000001                 0x080000ec   Section        4  entry2.o(.ARM.Collect$$$$00000001)
    .ARM.Collect$$$$00000004                 0x080000f0   Section        4  entry5.o(.ARM.Collect$$$$00000004)
    .ARM.Collect$$$$00000008                 0x080000f4   Section        0  entry7b.o(.ARM.Collect$$$$00000008)
    .ARM.Collect$$$$0000000A                 0x080000f4   Section        0  entry8b.o(.ARM.Collect$$$$0000000A)
    .ARM.Collect$$$$0000000B                 0x080000f4   Section        8  entry9a.o(.ARM.Collect$$$$0000000B)
    __lit__00000000                          0x080000fc   Data           4  entry2.o(.ARM.Collect$$$$00002712)
    .ARM.Collect$$$$0000000D                 0x080000fc   Section        0  entry10a.o(.ARM.Collect$$$$0000000D)
    .ARM.Collect$$$$0000000F                 0x080000fc   Section        0  entry11a.o(.ARM.Collect$$$$0000000F)
    .ARM.Collect$$$$00002712                 0x080000fc   Section        4  entry2.o(.ARM.Collect$$$$00002712)
    .text                                    0x08000100   Section       36  startup_stm32f10x_md.o(.text)
    .text                                    0x08000124   Section        0  memseta.o(.text)
    .text                                    0x08000148   Section        0  strcmp.o(.text)
    .text                                    0x08000164   Section        0  fmul.o(.text)
    .text                                    0x080001c8   Section        0  fdiv.o(.text)
    .text                                    0x08000244   Section        0  dadd.o(.text)
    .text                                    0x08000392   Section        0  dmul.o(.text)
    .text                                    0x08000476   Section        0  ddiv.o(.text)
    .text                                    0x08000554   Section        0  ffltui.o(.text)
    .text                                    0x0800055e   Section        0  dflti.o(.text)
    .text                                    0x08000580   Section        0  dfltui.o(.text)
    .text                                    0x0800059a   Section        0  dfixi.o(.text)
    .text                                    0x080005d8   Section        0  f2d.o(.text)
    .text                                    0x080005fe   Section        0  d2f.o(.text)
    .text                                    0x08000636   Section        0  uidiv.o(.text)
    .text                                    0x08000662   Section        0  uldiv.o(.text)
    .text                                    0x080006c4   Section        0  llshl.o(.text)
    .text                                    0x080006e2   Section        0  llushr.o(.text)
    .text                                    0x08000702   Section        0  llsshr.o(.text)
    .text                                    0x08000726   Section        0  iusefp.o(.text)
    .text                                    0x08000726   Section        0  fepilogue.o(.text)
    .text                                    0x08000794   Section        0  depilogue.o(.text)
    .text                                    0x0800084e   Section        0  dfixul.o(.text)
    .text                                    0x08000880   Section       48  cdcmple.o(.text)
    .text                                    0x080008b0   Section       48  cdrcmple.o(.text)
    .text                                    0x080008e0   Section       48  init.o(.text)
    .text                                    0x08000910   Section        0  dscalb.o(.text)
    [Anonymous Symbol]                       0x08000940   Section        0  stm32f10x_adc.o(.text.ADC_Cmd)
    [Anonymous Symbol]                       0x08000950   Section        0  stm32f10x_adc.o(.text.ADC_DMACmd)
    [Anonymous Symbol]                       0x08000964   Section        0  stm32f10x_adc.o(.text.ADC_GetCalibrationStatus)
    [Anonymous Symbol]                       0x0800096c   Section        0  stm32f10x_adc.o(.text.ADC_GetResetCalibrationStatus)
    [Anonymous Symbol]                       0x08000974   Section        0  stm32f10x_adc.o(.text.ADC_Init)
    [Anonymous Symbol]                       0x080009c8   Section        0  stm32f10x_adc.o(.text.ADC_RegularChannelConfig)
    [Anonymous Symbol]                       0x08000a28   Section        0  stm32f10x_adc.o(.text.ADC_ResetCalibration)
    [Anonymous Symbol]                       0x08000a34   Section        0  stm32f10x_adc.o(.text.ADC_SoftwareStartConvCmd)
    [Anonymous Symbol]                       0x08000a48   Section        0  stm32f10x_adc.o(.text.ADC_StartCalibration)
    [Anonymous Symbol]                       0x08000a54   Section        0  stm32f10x_adc.o(.text.ADC_TempSensorVrefintCmd)
    [Anonymous Symbol]                       0x08000a70   Section        0  stm32f10x_dma.o(.text.DMA_Cmd)
    [Anonymous Symbol]                       0x08000a88   Section        0  stm32f10x_dma.o(.text.DMA_DeInit)
    [Anonymous Symbol]                       0x08000b94   Section        0  stm32f10x_dma.o(.text.DMA_Init)
    [Anonymous Symbol]                       0x08000bdc   Section        0  display.o(.text.Data_Collection)
    [Anonymous Symbol]                       0x08000be0   Section        0  display.o(.text.Data_Shows)
    [Anonymous Symbol]                       0x08000ed0   Section        0  exti.o(.text.EXTI0_IRQHandler)
    [Anonymous Symbol]                       0x08000f14   Section        0  exti.o(.text.EXTI1_IRQHandler)
    [Anonymous Symbol]                       0x08000f50   Section        0  exti.o(.text.EXTI4_IRQHandler)
    [Anonymous Symbol]                       0x08000f90   Section        0  stm32f10x_exti.o(.text.EXTI_ClearITPendingBit)
    [Anonymous Symbol]                       0x08000f9c   Section        0  stm32f10x_exti.o(.text.EXTI_GetITStatus)
    [Anonymous Symbol]                       0x08000fbc   Section        0  stm32f10x_gpio.o(.text.GPIO_Init)
    [Anonymous Symbol]                       0x08001078   Section        0  stm32f10x_gpio.o(.text.GPIO_PinRemapConfig)
    [Anonymous Symbol]                       0x080010f8   Section        0  stm32f10x_gpio.o(.text.GPIO_SetBits)
    [Anonymous Symbol]                       0x080010fc   Section        0  stm32f10x_gpio.o(.text.GPIO_WriteBit)
    [Anonymous Symbol]                       0x08001108   Section        0  misc.o(.text.NVIC_Init)
    [Anonymous Symbol]                       0x08001168   Section        0  misc.o(.text.NVIC_PriorityGroupConfig)
    [Anonymous Symbol]                       0x0800117c   Section        0  oled.o(.text.OLED_Clear)
    [Anonymous Symbol]                       0x08001190   Section        0  oled.o(.text.OLED_ClearArea)
    [Anonymous Symbol]                       0x0800120c   Section        0  oled.o(.text.OLED_DrawArc)
    [Anonymous Symbol]                       0x08001b98   Section        0  oled.o(.text.OLED_DrawLine)
    [Anonymous Symbol]                       0x08001de4   Section        0  oled.o(.text.OLED_DrawTriangle)
    [Anonymous Symbol]                       0x08001f50   Section        0  oled.o(.text.OLED_I2C_SendByte)
    [Anonymous Symbol]                       0x08001fac   Section        0  oled.o(.text.OLED_Init)
    [Anonymous Symbol]                       0x0800208c   Section        0  oled.o(.text.OLED_Printf)
    [Anonymous Symbol]                       0x0800210c   Section        0  oled.o(.text.OLED_ShowChar)
    [Anonymous Symbol]                       0x08002154   Section        0  oled.o(.text.OLED_ShowChinese)
    [Anonymous Symbol]                       0x080021f8   Section        0  oled.o(.text.OLED_ShowImage)
    [Anonymous Symbol]                       0x08002328   Section        0  oled.o(.text.OLED_ShowString)
    [Anonymous Symbol]                       0x08002398   Section        0  oled.o(.text.OLED_Update)
    [Anonymous Symbol]                       0x080023d0   Section        0  oled.o(.text.OLED_WriteCommand)
    [Anonymous Symbol]                       0x08002484   Section        0  oled.o(.text.OLED_WriteData)
    [Anonymous Symbol]                       0x08002508   Section        0  stm32f10x_rcc.o(.text.RCC_ADCCLKConfig)
    [Anonymous Symbol]                       0x0800251c   Section        0  stm32f10x_rcc.o(.text.RCC_AHBPeriphClockCmd)
    [Anonymous Symbol]                       0x08002534   Section        0  stm32f10x_rcc.o(.text.RCC_APB1PeriphClockCmd)
    [Anonymous Symbol]                       0x0800254c   Section        0  stm32f10x_rcc.o(.text.RCC_APB2PeriphClockCmd)
    [Anonymous Symbol]                       0x08002564   Section        0  stm32f10x_rcc.o(.text.RCC_GetClocksFreq)
    [Anonymous Symbol]                       0x080025f0   Section        0  uart.o(.text.Send_String)
    [Anonymous Symbol]                       0x08002624   Section        0  system_stm32f10x.o(.text.SystemInit)
    [Anonymous Symbol]                       0x08002730   Section        0  timer.o(.text.TIM1_UP_IRQHandler)
    [Anonymous Symbol]                       0x08002764   Section        0  timer.o(.text.TIM2_IRQHandler)
    [Anonymous Symbol]                       0x08002794   Section        0  timer.o(.text.TIM3_IRQHandler)
    [Anonymous Symbol]                       0x080027c8   Section        0  timer.o(.text.TIM4_IRQHandler)
    [Anonymous Symbol]                       0x080027fc   Section        0  stm32f10x_tim.o(.text.TIM_ClearITPendingBit)
    [Anonymous Symbol]                       0x08002804   Section        0  stm32f10x_tim.o(.text.TIM_Cmd)
    [Anonymous Symbol]                       0x08002818   Section        0  stm32f10x_tim.o(.text.TIM_GetITStatus)
    [Anonymous Symbol]                       0x08002830   Section        0  stm32f10x_tim.o(.text.TIM_ITConfig)
    [Anonymous Symbol]                       0x08002840   Section        0  stm32f10x_tim.o(.text.TIM_TimeBaseInit)
    [Anonymous Symbol]                       0x080028ec   Section        0  uart.o(.text.USART1_IRQHandler)
    [Anonymous Symbol]                       0x0800295c   Section        0  stm32f10x_usart.o(.text.USART_ClearITPendingBit)
    [Anonymous Symbol]                       0x0800296c   Section        0  stm32f10x_usart.o(.text.USART_Cmd)
    [Anonymous Symbol]                       0x08002980   Section        0  stm32f10x_usart.o(.text.USART_GetFlagStatus)
    [Anonymous Symbol]                       0x0800298c   Section        0  stm32f10x_usart.o(.text.USART_GetITStatus)
    [Anonymous Symbol]                       0x080029c0   Section        0  stm32f10x_usart.o(.text.USART_ITConfig)
    [Anonymous Symbol]                       0x080029f0   Section        0  stm32f10x_usart.o(.text.USART_Init)
    [Anonymous Symbol]                       0x08002aa8   Section        0  stm32f10x_usart.o(.text.USART_ReceiveData)
    [Anonymous Symbol]                       0x08002ab0   Section        0  stm32f10x_usart.o(.text.USART_SendData)
    [Anonymous Symbol]                       0x08002ab8   Section        0  uart.o(.text.Uart_Init)
    [Anonymous Symbol]                       0x08002b48   Section        0  adc.o(.text.adc_init)
    [Anonymous Symbol]                       0x08002c6c   Section        0  delay.o(.text.delay)
    [Anonymous Symbol]                       0x08002c70   Section        0  uart.o(.text.fputc)
    [Anonymous Symbol]                       0x08002c94   Section        0  adc.o(.text.get_adc1_result)
    [Anonymous Symbol]                       0x08002ca4   Section        0  led.o(.text.led_init)
    [Anonymous Symbol]                       0x08002d14   Section        0  main.o(.text.main)
    [Anonymous Symbol]                       0x08003018   Section        0  timer.o(.text.time2_init)
    i.__0printf                              0x0800307c   Section        0  printfa.o(i.__0printf)
    i.__0vsprintf                            0x0800309c   Section        0  printfa.o(i.__0vsprintf)
    i.__ARM_fpclassify                       0x080030c0   Section        0  fpclassify.o(i.__ARM_fpclassify)
    i.__kernel_poly                          0x080030e8   Section        0  poly.o(i.__kernel_poly)
    i.__mathlib_dbl_infnan                   0x08003192   Section        0  dunder.o(i.__mathlib_dbl_infnan)
    i.__mathlib_dbl_infnan2                  0x08003198   Section        0  dunder.o(i.__mathlib_dbl_infnan2)
    i.__mathlib_dbl_underflow                0x0800319c   Section        0  dunder.o(i.__mathlib_dbl_underflow)
    i.__scatterload_copy                     0x080031ac   Section       14  handlers.o(i.__scatterload_copy)
    i.__scatterload_null                     0x080031ba   Section        2  handlers.o(i.__scatterload_null)
    i.__scatterload_zeroinit                 0x080031bc   Section       14  handlers.o(i.__scatterload_zeroinit)
    i.__set_errno                            0x080031cc   Section        0  errno.o(i.__set_errno)
    _fp_digits                               0x080031d9   Thumb Code   366  printfa.o(i._fp_digits)
    i._fp_digits                             0x080031d8   Section        0  printfa.o(i._fp_digits)
    _printf_core                             0x0800335d   Thumb Code  1744  printfa.o(i._printf_core)
    i._printf_core                           0x0800335c   Section        0  printfa.o(i._printf_core)
    _printf_post_padding                     0x08003a39   Thumb Code    36  printfa.o(i._printf_post_padding)
    i._printf_post_padding                   0x08003a38   Section        0  printfa.o(i._printf_post_padding)
    _printf_pre_padding                      0x08003a5d   Thumb Code    46  printfa.o(i._printf_pre_padding)
    i._printf_pre_padding                    0x08003a5c   Section        0  printfa.o(i._printf_pre_padding)
    _sputc                                   0x08003a8b   Thumb Code    10  printfa.o(i._sputc)
    i._sputc                                 0x08003a8a   Section        0  printfa.o(i._sputc)
    i.atan                                   0x08003a94   Section        0  atan.o(i.atan)
    i.atan2                                  0x08003cb4   Section        0  atan2.o(i.atan2)
    i.puts                                   0x08003e50   Section        0  puts.o(i.puts)
    atanhi                                   0x08003e78   Data          32  atan.o(.constdata)
    .constdata                               0x08003e78   Section      152  atan.o(.constdata)
    atanlo                                   0x08003e98   Data          32  atan.o(.constdata)
    aTodd                                    0x08003eb8   Data          40  atan.o(.constdata)
    aTeven                                   0x08003ee0   Data          48  atan.o(.constdata)
    .constdata                               0x08003f10   Section        8  qnan.o(.constdata)
    ADCPrescTable                            0x08003f18   Data           4  stm32f10x_rcc.o(.rodata.ADCPrescTable)
    [Anonymous Symbol]                       0x08003f18   Section        0  stm32f10x_rcc.o(.rodata.ADCPrescTable)
    APBAHBPrescTable                         0x08003f1c   Data          16  stm32f10x_rcc.o(.rodata.APBAHBPrescTable)
    [Anonymous Symbol]                       0x08003f1c   Section        0  stm32f10x_rcc.o(.rodata.APBAHBPrescTable)
    .L.str.3                                 0x080049e4   Data          15  main.o(.rodata.str1.1)
    [Anonymous Symbol]                       0x080049e4   Section        0  main.o(.rodata.str1.1)
    .Lstr                                    0x080049f3   Data          14  main.o(.rodata.str1.1)
    .L.str                                   0x08004a01   Data           6  main.o(.rodata.str1.1)
    .data                                    0x20000000   Section        4  stdout.o(.data)
    _errno                                   0x20000004   Data           4  errno.o(.data)
    .data                                    0x20000004   Section        4  errno.o(.data)
    STACK                                    0x20000438   Section     1024  startup_stm32f10x_md.o(STACK)

    Global Symbols

    Symbol Name                              Value     Ov Type        Size  Object(Section)

    BuildAttributes$$THM_ISAv4$P$D$K$B$S$PE$A:L22UL41UL21$X:L11$S22US41US21$IEEE1$IW$~IW$USESV6$~STKCKD$USESV7$~SHL$OTIME$ROPI$IEEEX$EBA8$MICROLIB$REQ8$PRES8$EABIv2 0x00000000   Number         0  anon$$obj.o ABSOLUTE
    _printf_a                                0x00000000   Number         0  printfstubs.o ABSOLUTE
    _printf_c                                0x00000000   Number         0  printfstubs.o ABSOLUTE
    _printf_charcount                        0x00000000   Number         0  printfstubs.o ABSOLUTE
    _printf_d                                0x00000000   Number         0  printfstubs.o ABSOLUTE
    _printf_e                                0x00000000   Number         0  printfstubs.o ABSOLUTE
    _printf_f                                0x00000000   Number         0  printfstubs.o ABSOLUTE
    _printf_flags                            0x00000000   Number         0  printfstubs.o ABSOLUTE
    _printf_fp_dec                           0x00000000   Number         0  printfstubs.o ABSOLUTE
    _printf_fp_hex                           0x00000000   Number         0  printfstubs.o ABSOLUTE
    _printf_g                                0x00000000   Number         0  printfstubs.o ABSOLUTE
    _printf_i                                0x00000000   Number         0  printfstubs.o ABSOLUTE
    _printf_int_dec                          0x00000000   Number         0  printfstubs.o ABSOLUTE
    _printf_l                                0x00000000   Number         0  printfstubs.o ABSOLUTE
    _printf_lc                               0x00000000   Number         0  printfstubs.o ABSOLUTE
    _printf_ll                               0x00000000   Number         0  printfstubs.o ABSOLUTE
    _printf_lld                              0x00000000   Number         0  printfstubs.o ABSOLUTE
    _printf_lli                              0x00000000   Number         0  printfstubs.o ABSOLUTE
    _printf_llo                              0x00000000   Number         0  printfstubs.o ABSOLUTE
    _printf_llu                              0x00000000   Number         0  printfstubs.o ABSOLUTE
    _printf_llx                              0x00000000   Number         0  printfstubs.o ABSOLUTE
    _printf_longlong_dec                     0x00000000   Number         0  printfstubs.o ABSOLUTE
    _printf_longlong_hex                     0x00000000   Number         0  printfstubs.o ABSOLUTE
    _printf_longlong_oct                     0x00000000   Number         0  printfstubs.o ABSOLUTE
    _printf_ls                               0x00000000   Number         0  printfstubs.o ABSOLUTE
    _printf_mbtowc                           0x00000000   Number         0  printfstubs.o ABSOLUTE
    _printf_n                                0x00000000   Number         0  printfstubs.o ABSOLUTE
    _printf_o                                0x00000000   Number         0  printfstubs.o ABSOLUTE
    _printf_p                                0x00000000   Number         0  printfstubs.o ABSOLUTE
    _printf_percent                          0x00000000   Number         0  printfstubs.o ABSOLUTE
    _printf_pre_padding                      0x00000000   Number         0  printfstubs.o ABSOLUTE
    _printf_return_value                     0x00000000   Number         0  printfstubs.o ABSOLUTE
    _printf_s                                0x00000000   Number         0  printfstubs.o ABSOLUTE
    _printf_sizespec                         0x00000000   Number         0  printfstubs.o ABSOLUTE
    _printf_str                              0x00000000   Number         0  printfstubs.o ABSOLUTE
    _printf_truncate_signed                  0x00000000   Number         0  printfstubs.o ABSOLUTE
    _printf_truncate_unsigned                0x00000000   Number         0  printfstubs.o ABSOLUTE
    _printf_u                                0x00000000   Number         0  printfstubs.o ABSOLUTE
    _printf_wc                               0x00000000   Number         0  printfstubs.o ABSOLUTE
    _printf_wctomb                           0x00000000   Number         0  printfstubs.o ABSOLUTE
    _printf_widthprec                        0x00000000   Number         0  printfstubs.o ABSOLUTE
    _printf_x                                0x00000000   Number         0  printfstubs.o ABSOLUTE
    __cpp_initialize__aeabi_                  - Undefined Weak Reference
    __cxa_finalize                            - Undefined Weak Reference
    __decompress                              - Undefined Weak Reference
    _clock_init                               - Undefined Weak Reference
    _microlib_exit                            - Undefined Weak Reference
    __Vectors_Size                           0x000000ec   Number         0  startup_stm32f10x_md.o ABSOLUTE
    __Vectors                                0x08000000   Data           4  startup_stm32f10x_md.o(RESET)
    __Vectors_End                            0x080000ec   Data           0  startup_stm32f10x_md.o(RESET)
    __main                                   0x080000ed   Thumb Code     0  entry.o(.ARM.Collect$$$$00000000)
    _main_stk                                0x080000ed   Thumb Code     0  entry2.o(.ARM.Collect$$$$00000001)
    _main_scatterload                        0x080000f1   Thumb Code     0  entry5.o(.ARM.Collect$$$$00000004)
    __main_after_scatterload                 0x080000f5   Thumb Code     0  entry5.o(.ARM.Collect$$$$00000004)
    _main_clock                              0x080000f5   Thumb Code     0  entry7b.o(.ARM.Collect$$$$00000008)
    _main_cpp_init                           0x080000f5   Thumb Code     0  entry8b.o(.ARM.Collect$$$$0000000A)
    _main_init                               0x080000f5   Thumb Code     0  entry9a.o(.ARM.Collect$$$$0000000B)
    __rt_final_cpp                           0x080000fd   Thumb Code     0  entry10a.o(.ARM.Collect$$$$0000000D)
    __rt_final_exit                          0x080000fd   Thumb Code     0  entry11a.o(.ARM.Collect$$$$0000000F)
    Reset_Handler                            0x08000101   Thumb Code     8  startup_stm32f10x_md.o(.text)
    NMI_Handler                              0x08000109   Thumb Code     2  startup_stm32f10x_md.o(.text)
    HardFault_Handler                        0x0800010b   Thumb Code     2  startup_stm32f10x_md.o(.text)
    MemManage_Handler                        0x0800010d   Thumb Code     2  startup_stm32f10x_md.o(.text)
    BusFault_Handler                         0x0800010f   Thumb Code     2  startup_stm32f10x_md.o(.text)
    UsageFault_Handler                       0x08000111   Thumb Code     2  startup_stm32f10x_md.o(.text)
    SVC_Handler                              0x08000113   Thumb Code     2  startup_stm32f10x_md.o(.text)
    DebugMon_Handler                         0x08000115   Thumb Code     2  startup_stm32f10x_md.o(.text)
    PendSV_Handler                           0x08000117   Thumb Code     2  startup_stm32f10x_md.o(.text)
    SysTick_Handler                          0x08000119   Thumb Code     2  startup_stm32f10x_md.o(.text)
    ADC1_2_IRQHandler                        0x0800011b   Thumb Code     0  startup_stm32f10x_md.o(.text)
    CAN1_RX1_IRQHandler                      0x0800011b   Thumb Code     0  startup_stm32f10x_md.o(.text)
    CAN1_SCE_IRQHandler                      0x0800011b   Thumb Code     0  startup_stm32f10x_md.o(.text)
    DMA1_Channel1_IRQHandler                 0x0800011b   Thumb Code     0  startup_stm32f10x_md.o(.text)
    DMA1_Channel2_IRQHandler                 0x0800011b   Thumb Code     0  startup_stm32f10x_md.o(.text)
    DMA1_Channel3_IRQHandler                 0x0800011b   Thumb Code     0  startup_stm32f10x_md.o(.text)
    DMA1_Channel4_IRQHandler                 0x0800011b   Thumb Code     0  startup_stm32f10x_md.o(.text)
    DMA1_Channel5_IRQHandler                 0x0800011b   Thumb Code     0  startup_stm32f10x_md.o(.text)
    DMA1_Channel6_IRQHandler                 0x0800011b   Thumb Code     0  startup_stm32f10x_md.o(.text)
    DMA1_Channel7_IRQHandler                 0x0800011b   Thumb Code     0  startup_stm32f10x_md.o(.text)
    EXTI15_10_IRQHandler                     0x0800011b   Thumb Code     0  startup_stm32f10x_md.o(.text)
    EXTI2_IRQHandler                         0x0800011b   Thumb Code     0  startup_stm32f10x_md.o(.text)
    EXTI3_IRQHandler                         0x0800011b   Thumb Code     0  startup_stm32f10x_md.o(.text)
    EXTI9_5_IRQHandler                       0x0800011b   Thumb Code     0  startup_stm32f10x_md.o(.text)
    FLASH_IRQHandler                         0x0800011b   Thumb Code     0  startup_stm32f10x_md.o(.text)
    I2C1_ER_IRQHandler                       0x0800011b   Thumb Code     0  startup_stm32f10x_md.o(.text)
    I2C1_EV_IRQHandler                       0x0800011b   Thumb Code     0  startup_stm32f10x_md.o(.text)
    I2C2_ER_IRQHandler                       0x0800011b   Thumb Code     0  startup_stm32f10x_md.o(.text)
    I2C2_EV_IRQHandler                       0x0800011b   Thumb Code     0  startup_stm32f10x_md.o(.text)
    PVD_IRQHandler                           0x0800011b   Thumb Code     0  startup_stm32f10x_md.o(.text)
    RCC_IRQHandler                           0x0800011b   Thumb Code     0  startup_stm32f10x_md.o(.text)
    RTCAlarm_IRQHandler                      0x0800011b   Thumb Code     0  startup_stm32f10x_md.o(.text)
    RTC_IRQHandler                           0x0800011b   Thumb Code     0  startup_stm32f10x_md.o(.text)
    SPI1_IRQHandler                          0x0800011b   Thumb Code     0  startup_stm32f10x_md.o(.text)
    SPI2_IRQHandler                          0x0800011b   Thumb Code     0  startup_stm32f10x_md.o(.text)
    TAMPER_IRQHandler                        0x0800011b   Thumb Code     0  startup_stm32f10x_md.o(.text)
    TIM1_BRK_IRQHandler                      0x0800011b   Thumb Code     0  startup_stm32f10x_md.o(.text)
    TIM1_CC_IRQHandler                       0x0800011b   Thumb Code     0  startup_stm32f10x_md.o(.text)
    TIM1_TRG_COM_IRQHandler                  0x0800011b   Thumb Code     0  startup_stm32f10x_md.o(.text)
    USART2_IRQHandler                        0x0800011b   Thumb Code     0  startup_stm32f10x_md.o(.text)
    USART3_IRQHandler                        0x0800011b   Thumb Code     0  startup_stm32f10x_md.o(.text)
    USBWakeUp_IRQHandler                     0x0800011b   Thumb Code     0  startup_stm32f10x_md.o(.text)
    USB_HP_CAN1_TX_IRQHandler                0x0800011b   Thumb Code     0  startup_stm32f10x_md.o(.text)
    USB_LP_CAN1_RX0_IRQHandler               0x0800011b   Thumb Code     0  startup_stm32f10x_md.o(.text)
    WWDG_IRQHandler                          0x0800011b   Thumb Code     0  startup_stm32f10x_md.o(.text)
    __aeabi_memset                           0x08000125   Thumb Code    14  memseta.o(.text)
    __aeabi_memset4                          0x08000125   Thumb Code     0  memseta.o(.text)
    __aeabi_memset8                          0x08000125   Thumb Code     0  memseta.o(.text)
    __aeabi_memclr                           0x08000133   Thumb Code     4  memseta.o(.text)
    __aeabi_memclr4                          0x08000133   Thumb Code     0  memseta.o(.text)
    __aeabi_memclr8                          0x08000133   Thumb Code     0  memseta.o(.text)
    _memset$wrapper                          0x08000137   Thumb Code    18  memseta.o(.text)
    strcmp                                   0x08000149   Thumb Code    28  strcmp.o(.text)
    __aeabi_fmul                             0x08000165   Thumb Code   100  fmul.o(.text)
    __aeabi_fdiv                             0x080001c9   Thumb Code   124  fdiv.o(.text)
    __aeabi_dadd                             0x08000245   Thumb Code   322  dadd.o(.text)
    __aeabi_dsub                             0x08000387   Thumb Code     6  dadd.o(.text)
    __aeabi_drsub                            0x0800038d   Thumb Code     6  dadd.o(.text)
    __aeabi_dmul                             0x08000393   Thumb Code   228  dmul.o(.text)
    __aeabi_ddiv                             0x08000477   Thumb Code   222  ddiv.o(.text)
    __aeabi_ui2f                             0x08000555   Thumb Code    10  ffltui.o(.text)
    __aeabi_i2d                              0x0800055f   Thumb Code    34  dflti.o(.text)
    __aeabi_ui2d                             0x08000581   Thumb Code    26  dfltui.o(.text)
    __aeabi_d2iz                             0x0800059b   Thumb Code    62  dfixi.o(.text)
    __aeabi_f2d                              0x080005d9   Thumb Code    38  f2d.o(.text)
    __aeabi_d2f                              0x080005ff   Thumb Code    56  d2f.o(.text)
    __aeabi_uidiv                            0x08000637   Thumb Code     0  uidiv.o(.text)
    __aeabi_uidivmod                         0x08000637   Thumb Code    44  uidiv.o(.text)
    __aeabi_uldivmod                         0x08000663   Thumb Code    98  uldiv.o(.text)
    __aeabi_llsl                             0x080006c5   Thumb Code    30  llshl.o(.text)
    _ll_shift_l                              0x080006c5   Thumb Code     0  llshl.o(.text)
    __aeabi_llsr                             0x080006e3   Thumb Code    32  llushr.o(.text)
    _ll_ushift_r                             0x080006e3   Thumb Code     0  llushr.o(.text)
    __aeabi_lasr                             0x08000703   Thumb Code    36  llsshr.o(.text)
    _ll_sshift_r                             0x08000703   Thumb Code     0  llsshr.o(.text)
    __I$use$fp                               0x08000727   Thumb Code     0  iusefp.o(.text)
    _float_round                             0x08000727   Thumb Code    18  fepilogue.o(.text)
    _float_epilogue                          0x08000739   Thumb Code    92  fepilogue.o(.text)
    _double_round                            0x08000795   Thumb Code    30  depilogue.o(.text)
    _double_epilogue                         0x080007b3   Thumb Code   156  depilogue.o(.text)
    __aeabi_d2ulz                            0x0800084f   Thumb Code    48  dfixul.o(.text)
    __aeabi_cdcmpeq                          0x08000881   Thumb Code     0  cdcmple.o(.text)
    __aeabi_cdcmple                          0x08000881   Thumb Code    48  cdcmple.o(.text)
    __aeabi_cdrcmple                         0x080008b1   Thumb Code    48  cdrcmple.o(.text)
    __scatterload                            0x080008e1   Thumb Code    38  init.o(.text)
    __scatterload_rt2                        0x080008e1   Thumb Code     0  init.o(.text)
    __ARM_scalbn                             0x08000911   Thumb Code    46  dscalb.o(.text)
    scalbn                                   0x08000911   Thumb Code     0  dscalb.o(.text)
    ADC_Cmd                                  0x08000941   Thumb Code    16  stm32f10x_adc.o(.text.ADC_Cmd)
    ADC_DMACmd                               0x08000951   Thumb Code    18  stm32f10x_adc.o(.text.ADC_DMACmd)
    ADC_GetCalibrationStatus                 0x08000965   Thumb Code     8  stm32f10x_adc.o(.text.ADC_GetCalibrationStatus)
    ADC_GetResetCalibrationStatus            0x0800096d   Thumb Code     8  stm32f10x_adc.o(.text.ADC_GetResetCalibrationStatus)
    ADC_Init                                 0x08000975   Thumb Code    82  stm32f10x_adc.o(.text.ADC_Init)
    ADC_RegularChannelConfig                 0x080009c9   Thumb Code    96  stm32f10x_adc.o(.text.ADC_RegularChannelConfig)
    ADC_ResetCalibration                     0x08000a29   Thumb Code    10  stm32f10x_adc.o(.text.ADC_ResetCalibration)
    ADC_SoftwareStartConvCmd                 0x08000a35   Thumb Code    18  stm32f10x_adc.o(.text.ADC_SoftwareStartConvCmd)
    ADC_StartCalibration                     0x08000a49   Thumb Code    10  stm32f10x_adc.o(.text.ADC_StartCalibration)
    ADC_TempSensorVrefintCmd                 0x08000a55   Thumb Code    26  stm32f10x_adc.o(.text.ADC_TempSensorVrefintCmd)
    DMA_Cmd                                  0x08000a71   Thumb Code    22  stm32f10x_dma.o(.text.DMA_Cmd)
    DMA_DeInit                               0x08000a89   Thumb Code   268  stm32f10x_dma.o(.text.DMA_DeInit)
    DMA_Init                                 0x08000b95   Thumb Code    72  stm32f10x_dma.o(.text.DMA_Init)
    Data_Collection                          0x08000bdd   Thumb Code     4  display.o(.text.Data_Collection)
    Data_Shows                               0x08000be1   Thumb Code   604  display.o(.text.Data_Shows)
    EXTI0_IRQHandler                         0x08000ed1   Thumb Code    66  exti.o(.text.EXTI0_IRQHandler)
    EXTI1_IRQHandler                         0x08000f15   Thumb Code    60  exti.o(.text.EXTI1_IRQHandler)
    EXTI4_IRQHandler                         0x08000f51   Thumb Code    64  exti.o(.text.EXTI4_IRQHandler)
    EXTI_ClearITPendingBit                   0x08000f91   Thumb Code    12  stm32f10x_exti.o(.text.EXTI_ClearITPendingBit)
    EXTI_GetITStatus                         0x08000f9d   Thumb Code    30  stm32f10x_exti.o(.text.EXTI_GetITStatus)
    GPIO_Init                                0x08000fbd   Thumb Code   188  stm32f10x_gpio.o(.text.GPIO_Init)
    GPIO_PinRemapConfig                      0x08001079   Thumb Code   128  stm32f10x_gpio.o(.text.GPIO_PinRemapConfig)
    GPIO_SetBits                             0x080010f9   Thumb Code     4  stm32f10x_gpio.o(.text.GPIO_SetBits)
    GPIO_WriteBit                            0x080010fd   Thumb Code    12  stm32f10x_gpio.o(.text.GPIO_WriteBit)
    NVIC_Init                                0x08001109   Thumb Code    94  misc.o(.text.NVIC_Init)
    NVIC_PriorityGroupConfig                 0x08001169   Thumb Code    20  misc.o(.text.NVIC_PriorityGroupConfig)
    OLED_Clear                               0x0800117d   Thumb Code    20  oled.o(.text.OLED_Clear)
    OLED_ClearArea                           0x08001191   Thumb Code   124  oled.o(.text.OLED_ClearArea)
    OLED_DrawArc                             0x0800120d   Thumb Code  2442  oled.o(.text.OLED_DrawArc)
    OLED_DrawLine                            0x08001b99   Thumb Code   586  oled.o(.text.OLED_DrawLine)
    OLED_DrawTriangle                        0x08001de5   Thumb Code   362  oled.o(.text.OLED_DrawTriangle)
    OLED_I2C_SendByte                        0x08001f51   Thumb Code    92  oled.o(.text.OLED_I2C_SendByte)
    OLED_Init                                0x08001fad   Thumb Code   222  oled.o(.text.OLED_Init)
    OLED_Printf                              0x0800208d   Thumb Code   128  oled.o(.text.OLED_Printf)
    OLED_ShowChar                            0x0800210d   Thumb Code    70  oled.o(.text.OLED_ShowChar)
    OLED_ShowChinese                         0x08002155   Thumb Code   164  oled.o(.text.OLED_ShowChinese)
    OLED_ShowImage                           0x080021f9   Thumb Code   304  oled.o(.text.OLED_ShowImage)
    OLED_ShowString                          0x08002329   Thumb Code   112  oled.o(.text.OLED_ShowString)
    OLED_Update                              0x08002399   Thumb Code    54  oled.o(.text.OLED_Update)
    OLED_WriteCommand                        0x080023d1   Thumb Code   178  oled.o(.text.OLED_WriteCommand)
    OLED_WriteData                           0x08002485   Thumb Code   132  oled.o(.text.OLED_WriteData)
    RCC_ADCCLKConfig                         0x08002509   Thumb Code    20  stm32f10x_rcc.o(.text.RCC_ADCCLKConfig)
    RCC_AHBPeriphClockCmd                    0x0800251d   Thumb Code    24  stm32f10x_rcc.o(.text.RCC_AHBPeriphClockCmd)
    RCC_APB1PeriphClockCmd                   0x08002535   Thumb Code    24  stm32f10x_rcc.o(.text.RCC_APB1PeriphClockCmd)
    RCC_APB2PeriphClockCmd                   0x0800254d   Thumb Code    24  stm32f10x_rcc.o(.text.RCC_APB2PeriphClockCmd)
    RCC_GetClocksFreq                        0x08002565   Thumb Code   140  stm32f10x_rcc.o(.text.RCC_GetClocksFreq)
    Send_String                              0x080025f1   Thumb Code    50  uart.o(.text.Send_String)
    SystemInit                               0x08002625   Thumb Code   268  system_stm32f10x.o(.text.SystemInit)
    TIM1_UP_IRQHandler                       0x08002731   Thumb Code    52  timer.o(.text.TIM1_UP_IRQHandler)
    TIM2_IRQHandler                          0x08002765   Thumb Code    48  timer.o(.text.TIM2_IRQHandler)
    TIM3_IRQHandler                          0x08002795   Thumb Code    52  timer.o(.text.TIM3_IRQHandler)
    TIM4_IRQHandler                          0x080027c9   Thumb Code    52  timer.o(.text.TIM4_IRQHandler)
    TIM_ClearITPendingBit                    0x080027fd   Thumb Code     6  stm32f10x_tim.o(.text.TIM_ClearITPendingBit)
    TIM_Cmd                                  0x08002805   Thumb Code    18  stm32f10x_tim.o(.text.TIM_Cmd)
    TIM_GetITStatus                          0x08002819   Thumb Code    24  stm32f10x_tim.o(.text.TIM_GetITStatus)
    TIM_ITConfig                             0x08002831   Thumb Code    16  stm32f10x_tim.o(.text.TIM_ITConfig)
    TIM_TimeBaseInit                         0x08002841   Thumb Code   170  stm32f10x_tim.o(.text.TIM_TimeBaseInit)
    USART1_IRQHandler                        0x080028ed   Thumb Code   110  uart.o(.text.USART1_IRQHandler)
    USART_ClearITPendingBit                  0x0800295d   Thumb Code    14  stm32f10x_usart.o(.text.USART_ClearITPendingBit)
    USART_Cmd                                0x0800296d   Thumb Code    20  stm32f10x_usart.o(.text.USART_Cmd)
    USART_GetFlagStatus                      0x08002981   Thumb Code    10  stm32f10x_usart.o(.text.USART_GetFlagStatus)
    USART_GetITStatus                        0x0800298d   Thumb Code    50  stm32f10x_usart.o(.text.USART_GetITStatus)
    USART_ITConfig                           0x080029c1   Thumb Code    46  stm32f10x_usart.o(.text.USART_ITConfig)
    USART_Init                               0x080029f1   Thumb Code   182  stm32f10x_usart.o(.text.USART_Init)
    USART_ReceiveData                        0x08002aa9   Thumb Code     8  stm32f10x_usart.o(.text.USART_ReceiveData)
    USART_SendData                           0x08002ab1   Thumb Code     8  stm32f10x_usart.o(.text.USART_SendData)
    Uart_Init                                0x08002ab9   Thumb Code   142  uart.o(.text.Uart_Init)
    adc_init                                 0x08002b49   Thumb Code   292  adc.o(.text.adc_init)
    delay                                    0x08002c6d   Thumb Code     2  delay.o(.text.delay)
    fputc                                    0x08002c71   Thumb Code    36  uart.o(.text.fputc)
    get_adc1_result                          0x08002c95   Thumb Code    14  adc.o(.text.get_adc1_result)
    led_init                                 0x08002ca5   Thumb Code   110  led.o(.text.led_init)
    main                                     0x08002d15   Thumb Code   608  main.o(.text.main)
    time2_init                               0x08003019   Thumb Code    98  timer.o(.text.time2_init)
    __0printf                                0x0800307d   Thumb Code    22  printfa.o(i.__0printf)
    __1printf                                0x0800307d   Thumb Code     0  printfa.o(i.__0printf)
    __2printf                                0x0800307d   Thumb Code     0  printfa.o(i.__0printf)
    __c89printf                              0x0800307d   Thumb Code     0  printfa.o(i.__0printf)
    printf                                   0x0800307d   Thumb Code     0  printfa.o(i.__0printf)
    __0vsprintf                              0x0800309d   Thumb Code    30  printfa.o(i.__0vsprintf)
    __1vsprintf                              0x0800309d   Thumb Code     0  printfa.o(i.__0vsprintf)
    __2vsprintf                              0x0800309d   Thumb Code     0  printfa.o(i.__0vsprintf)
    __c89vsprintf                            0x0800309d   Thumb Code     0  printfa.o(i.__0vsprintf)
    vsprintf                                 0x0800309d   Thumb Code     0  printfa.o(i.__0vsprintf)
    __ARM_fpclassify                         0x080030c1   Thumb Code    40  fpclassify.o(i.__ARM_fpclassify)
    __kernel_poly                            0x080030e9   Thumb Code   170  poly.o(i.__kernel_poly)
    __mathlib_dbl_infnan                     0x08003193   Thumb Code     6  dunder.o(i.__mathlib_dbl_infnan)
    __mathlib_dbl_infnan2                    0x08003199   Thumb Code     4  dunder.o(i.__mathlib_dbl_infnan2)
    __mathlib_dbl_underflow                  0x0800319d   Thumb Code    10  dunder.o(i.__mathlib_dbl_underflow)
    __scatterload_copy                       0x080031ad   Thumb Code    14  handlers.o(i.__scatterload_copy)
    __scatterload_null                       0x080031bb   Thumb Code     2  handlers.o(i.__scatterload_null)
    __scatterload_zeroinit                   0x080031bd   Thumb Code    14  handlers.o(i.__scatterload_zeroinit)
    __set_errno                              0x080031cd   Thumb Code     6  errno.o(i.__set_errno)
    atan                                     0x08003a95   Thumb Code   474  atan.o(i.atan)
    atan2                                    0x08003cb5   Thumb Code   374  atan2.o(i.atan2)
    puts                                     0x08003e51   Thumb Code    30  puts.o(i.puts)
    __mathlib_zero                           0x08003f10   Data           8  qnan.o(.constdata)
    Celsius                                  0x08003f2c   Data           6  oled_data.o(.rodata.Celsius)
    OLED_CF16x16                             0x08003f32   Data         648  oled_data.o(.rodata.OLED_CF16x16)
    OLED_F6x8                                0x080041ba   Data         570  oled_data.o(.rodata.OLED_F6x8)
    OLED_F8x16                               0x080043f4   Data        1520  oled_data.o(.rodata.OLED_F8x16)
    Region$$Table$$Base                      0x08004a08   Number         0  anon$$obj.o(Region$$Table)
    Region$$Table$$Limit                     0x08004a28   Number         0  anon$$obj.o(Region$$Table)
    __stdout                                 0x20000000   Data           4  stdout.o(.data)
    a                                        0x20000008   Data           2  display.o(.data.a)
    OLED_DisplayBuf                          0x20000010   Data        1024  oled.o(.bss.OLED_DisplayBuf)
    Refresh_Data_Flag                        0x20000410   Data           1  timer.o(.bss.Refresh_Data_Flag)
    ad_Vref                                  0x20000414   Data           4  display.o(.bss.ad_Vref)
    ad_result                                0x20000418   Data           8  adc.o(.bss.ad_result)
    ad_result1                               0x20000420   Data           4  display.o(.bss.ad_result1)
    ad_result16                              0x20000424   Data           4  display.o(.bss.ad_result16)
    ad_result2                               0x20000428   Data           4  display.o(.bss.ad_result2)
    b                                        0x2000042c   Data           2  display.o(.bss.b)
    bn                                       0x2000042e   Data           2  display.o(.bss.bn)
    flag                                     0x20000430   Data           1  display.o(.bss.flag)
    num                                      0x20000431   Data           1  display.o(.bss.num)
    temp                                     0x20000434   Data           4  display.o(.bss.temp)
    __initial_sp                             0x20000838   Data           0  startup_stm32f10x_md.o(STACK)



==============================================================================

Memory Map of the image

  Image Entry point : 0x080000ed

  Load Region LR_IROM1 (Base: 0x08000000, Size: 0x00004a38, Max: 0x00010000, ABSOLUTE)

    Execution Region ER_IROM1 (Exec base: 0x08000000, Load base: 0x08000000, Size: 0x00004a28, Max: 0x00010000, ABSOLUTE)

    Exec Addr    Load Addr    Size         Type   Attr      Idx    E Section Name        Object

    0x08000000   0x08000000   0x000000ec   Data   RO          784    RESET               startup_stm32f10x_md.o
    0x080000ec   0x080000ec   0x00000000   Code   RO          809  * .ARM.Collect$$$$00000000  mc_w.l(entry.o)
    0x080000ec   0x080000ec   0x00000004   Code   RO         1137    .ARM.Collect$$$$00000001  mc_w.l(entry2.o)
    0x080000f0   0x080000f0   0x00000004   Code   RO         1140    .ARM.Collect$$$$00000004  mc_w.l(entry5.o)
    0x080000f4   0x080000f4   0x00000000   Code   RO         1142    .ARM.Collect$$$$00000008  mc_w.l(entry7b.o)
    0x080000f4   0x080000f4   0x00000000   Code   RO         1144    .ARM.Collect$$$$0000000A  mc_w.l(entry8b.o)
    0x080000f4   0x080000f4   0x00000008   Code   RO         1145    .ARM.Collect$$$$0000000B  mc_w.l(entry9a.o)
    0x080000fc   0x080000fc   0x00000000   Code   RO         1147    .ARM.Collect$$$$0000000D  mc_w.l(entry10a.o)
    0x080000fc   0x080000fc   0x00000000   Code   RO         1149    .ARM.Collect$$$$0000000F  mc_w.l(entry11a.o)
    0x080000fc   0x080000fc   0x00000004   Code   RO         1138    .ARM.Collect$$$$00002712  mc_w.l(entry2.o)
    0x08000100   0x08000100   0x00000024   Code   RO          785    .text               startup_stm32f10x_md.o
    0x08000124   0x08000124   0x00000024   Code   RO          816    .text               mc_w.l(memseta.o)
    0x08000148   0x08000148   0x0000001c   Code   RO          818    .text               mc_w.l(strcmp.o)
    0x08000164   0x08000164   0x00000064   Code   RO         1083    .text               mf_w.l(fmul.o)
    0x080001c8   0x080001c8   0x0000007c   Code   RO         1085    .text               mf_w.l(fdiv.o)
    0x08000244   0x08000244   0x0000014e   Code   RO         1087    .text               mf_w.l(dadd.o)
    0x08000392   0x08000392   0x000000e4   Code   RO         1089    .text               mf_w.l(dmul.o)
    0x08000476   0x08000476   0x000000de   Code   RO         1091    .text               mf_w.l(ddiv.o)
    0x08000554   0x08000554   0x0000000a   Code   RO         1103    .text               mf_w.l(ffltui.o)
    0x0800055e   0x0800055e   0x00000022   Code   RO         1105    .text               mf_w.l(dflti.o)
    0x08000580   0x08000580   0x0000001a   Code   RO         1107    .text               mf_w.l(dfltui.o)
    0x0800059a   0x0800059a   0x0000003e   Code   RO         1109    .text               mf_w.l(dfixi.o)
    0x080005d8   0x080005d8   0x00000026   Code   RO         1113    .text               mf_w.l(f2d.o)
    0x080005fe   0x080005fe   0x00000038   Code   RO         1115    .text               mf_w.l(d2f.o)
    0x08000636   0x08000636   0x0000002c   Code   RO         1161    .text               mc_w.l(uidiv.o)
    0x08000662   0x08000662   0x00000062   Code   RO         1163    .text               mc_w.l(uldiv.o)
    0x080006c4   0x080006c4   0x0000001e   Code   RO         1165    .text               mc_w.l(llshl.o)
    0x080006e2   0x080006e2   0x00000020   Code   RO         1167    .text               mc_w.l(llushr.o)
    0x08000702   0x08000702   0x00000024   Code   RO         1169    .text               mc_w.l(llsshr.o)
    0x08000726   0x08000726   0x00000000   Code   RO         1178    .text               mc_w.l(iusefp.o)
    0x08000726   0x08000726   0x0000006e   Code   RO         1179    .text               mf_w.l(fepilogue.o)
    0x08000794   0x08000794   0x000000ba   Code   RO         1181    .text               mf_w.l(depilogue.o)
    0x0800084e   0x0800084e   0x00000030   Code   RO         1183    .text               mf_w.l(dfixul.o)
    0x0800087e   0x0800087e   0x00000002   PAD
    0x08000880   0x08000880   0x00000030   Code   RO         1185    .text               mf_w.l(cdcmple.o)
    0x080008b0   0x080008b0   0x00000030   Code   RO         1187    .text               mf_w.l(cdrcmple.o)
    0x080008e0   0x080008e0   0x00000030   Code   RO         1193    .text               mc_w.l(init.o)
    0x08000910   0x08000910   0x0000002e   Code   RO         1195    .text               mf_w.l(dscalb.o)
    0x0800093e   0x0800093e   0x00000002   PAD
    0x08000940   0x08000940   0x00000010   Code   RO          271    .text.ADC_Cmd       stm32f10x_adc.o
    0x08000950   0x08000950   0x00000012   Code   RO          273    .text.ADC_DMACmd    stm32f10x_adc.o
    0x08000962   0x08000962   0x00000002   PAD
    0x08000964   0x08000964   0x00000008   Code   RO          283    .text.ADC_GetCalibrationStatus  stm32f10x_adc.o
    0x0800096c   0x0800096c   0x00000008   Code   RO          279    .text.ADC_GetResetCalibrationStatus  stm32f10x_adc.o
    0x08000974   0x08000974   0x00000052   Code   RO          267    .text.ADC_Init      stm32f10x_adc.o
    0x080009c6   0x080009c6   0x00000002   PAD
    0x080009c8   0x080009c8   0x00000060   Code   RO          293    .text.ADC_RegularChannelConfig  stm32f10x_adc.o
    0x08000a28   0x08000a28   0x0000000a   Code   RO          277    .text.ADC_ResetCalibration  stm32f10x_adc.o
    0x08000a32   0x08000a32   0x00000002   PAD
    0x08000a34   0x08000a34   0x00000012   Code   RO          285    .text.ADC_SoftwareStartConvCmd  stm32f10x_adc.o
    0x08000a46   0x08000a46   0x00000002   PAD
    0x08000a48   0x08000a48   0x0000000a   Code   RO          281    .text.ADC_StartCalibration  stm32f10x_adc.o
    0x08000a52   0x08000a52   0x00000002   PAD
    0x08000a54   0x08000a54   0x0000001a   Code   RO          327    .text.ADC_TempSensorVrefintCmd  stm32f10x_adc.o
    0x08000a6e   0x08000a6e   0x00000002   PAD
    0x08000a70   0x08000a70   0x00000016   Code   RO          351    .text.DMA_Cmd       stm32f10x_dma.o
    0x08000a86   0x08000a86   0x00000002   PAD
    0x08000a88   0x08000a88   0x0000010c   Code   RO          345    .text.DMA_DeInit    stm32f10x_dma.o
    0x08000b94   0x08000b94   0x00000048   Code   RO          347    .text.DMA_Init      stm32f10x_dma.o
    0x08000bdc   0x08000bdc   0x00000004   Code   RO          211    .text.Data_Collection  display.o
    0x08000be0   0x08000be0   0x000002f0   Code   RO          209    .text.Data_Shows    display.o
    0x08000ed0   0x08000ed0   0x00000042   Code   RO           39    .text.EXTI0_IRQHandler  exti.o
    0x08000f12   0x08000f12   0x00000002   PAD
    0x08000f14   0x08000f14   0x0000003c   Code   RO           41    .text.EXTI1_IRQHandler  exti.o
    0x08000f50   0x08000f50   0x00000040   Code   RO           43    .text.EXTI4_IRQHandler  exti.o
    0x08000f90   0x08000f90   0x0000000c   Code   RO          389    .text.EXTI_ClearITPendingBit  stm32f10x_exti.o
    0x08000f9c   0x08000f9c   0x0000001e   Code   RO          387    .text.EXTI_GetITStatus  stm32f10x_exti.o
    0x08000fba   0x08000fba   0x00000002   PAD
    0x08000fbc   0x08000fbc   0x000000bc   Code   RO          403    .text.GPIO_Init     stm32f10x_gpio.o
    0x08001078   0x08001078   0x00000080   Code   RO          429    .text.GPIO_PinRemapConfig  stm32f10x_gpio.o
    0x080010f8   0x080010f8   0x00000004   Code   RO          415    .text.GPIO_SetBits  stm32f10x_gpio.o
    0x080010fc   0x080010fc   0x0000000c   Code   RO          419    .text.GPIO_WriteBit  stm32f10x_gpio.o
    0x08001108   0x08001108   0x0000005e   Code   RO          249    .text.NVIC_Init     misc.o
    0x08001166   0x08001166   0x00000002   PAD
    0x08001168   0x08001168   0x00000014   Code   RO          247    .text.NVIC_PriorityGroupConfig  misc.o
    0x0800117c   0x0800117c   0x00000014   Code   RO          120    .text.OLED_Clear    oled.o
    0x08001190   0x08001190   0x0000007c   Code   RO          122    .text.OLED_ClearArea  oled.o
    0x0800120c   0x0800120c   0x0000098a   Code   RO          162    .text.OLED_DrawArc  oled.o
    0x08001b96   0x08001b96   0x00000002   PAD
    0x08001b98   0x08001b98   0x0000024a   Code   RO          152    .text.OLED_DrawLine  oled.o
    0x08001de2   0x08001de2   0x00000002   PAD
    0x08001de4   0x08001de4   0x0000016a   Code   RO          156    .text.OLED_DrawTriangle  oled.o
    0x08001f4e   0x08001f4e   0x00000002   PAD
    0x08001f50   0x08001f50   0x0000005c   Code   RO          100    .text.OLED_I2C_SendByte  oled.o
    0x08001fac   0x08001fac   0x000000de   Code   RO          106    .text.OLED_Init     oled.o
    0x0800208a   0x0800208a   0x00000002   PAD
    0x0800208c   0x0800208c   0x00000080   Code   RO          146    .text.OLED_Printf   oled.o
    0x0800210c   0x0800210c   0x00000046   Code   RO          128    .text.OLED_ShowChar  oled.o
    0x08002152   0x08002152   0x00000002   PAD
    0x08002154   0x08002154   0x000000a4   Code   RO          144    .text.OLED_ShowChinese  oled.o
    0x080021f8   0x080021f8   0x00000130   Code   RO          130    .text.OLED_ShowImage  oled.o
    0x08002328   0x08002328   0x00000070   Code   RO          132    .text.OLED_ShowString  oled.o
    0x08002398   0x08002398   0x00000036   Code   RO          116    .text.OLED_Update   oled.o
    0x080023ce   0x080023ce   0x00000002   PAD
    0x080023d0   0x080023d0   0x000000b2   Code   RO          102    .text.OLED_WriteCommand  oled.o
    0x08002482   0x08002482   0x00000002   PAD
    0x08002484   0x08002484   0x00000084   Code   RO          104    .text.OLED_WriteData  oled.o
    0x08002508   0x08002508   0x00000014   Code   RO          474    .text.RCC_ADCCLKConfig  stm32f10x_rcc.o
    0x0800251c   0x0800251c   0x00000018   Code   RO          486    .text.RCC_AHBPeriphClockCmd  stm32f10x_rcc.o
    0x08002534   0x08002534   0x00000018   Code   RO          490    .text.RCC_APB1PeriphClockCmd  stm32f10x_rcc.o
    0x0800254c   0x0800254c   0x00000018   Code   RO          488    .text.RCC_APB2PeriphClockCmd  stm32f10x_rcc.o
    0x08002564   0x08002564   0x0000008c   Code   RO          484    .text.RCC_GetClocksFreq  stm32f10x_rcc.o
    0x080025f0   0x080025f0   0x00000032   Code   RO           56    .text.Send_String   uart.o
    0x08002622   0x08002622   0x00000002   PAD
    0x08002624   0x08002624   0x0000010c   Code   RO          792    .text.SystemInit    system_stm32f10x.o
    0x08002730   0x08002730   0x00000034   Code   RO          193    .text.TIM1_UP_IRQHandler  timer.o
    0x08002764   0x08002764   0x00000030   Code   RO          195    .text.TIM2_IRQHandler  timer.o
    0x08002794   0x08002794   0x00000034   Code   RO          197    .text.TIM3_IRQHandler  timer.o
    0x080027c8   0x080027c8   0x00000034   Code   RO          199    .text.TIM4_IRQHandler  timer.o
    0x080027fc   0x080027fc   0x00000006   Code   RO          690    .text.TIM_ClearITPendingBit  stm32f10x_tim.o
    0x08002802   0x08002802   0x00000002   PAD
    0x08002804   0x08002804   0x00000012   Code   RO          552    .text.TIM_Cmd       stm32f10x_tim.o
    0x08002816   0x08002816   0x00000002   PAD
    0x08002818   0x08002818   0x00000018   Code   RO          688    .text.TIM_GetITStatus  stm32f10x_tim.o
    0x08002830   0x08002830   0x00000010   Code   RO          556    .text.TIM_ITConfig  stm32f10x_tim.o
    0x08002840   0x08002840   0x000000aa   Code   RO          520    .text.TIM_TimeBaseInit  stm32f10x_tim.o
    0x080028ea   0x080028ea   0x00000002   PAD
    0x080028ec   0x080028ec   0x0000006e   Code   RO           64    .text.USART1_IRQHandler  uart.o
    0x0800295a   0x0800295a   0x00000002   PAD
    0x0800295c   0x0800295c   0x0000000e   Code   RO          756    .text.USART_ClearITPendingBit  stm32f10x_usart.o
    0x0800296a   0x0800296a   0x00000002   PAD
    0x0800296c   0x0800296c   0x00000014   Code   RO          710    .text.USART_Cmd     stm32f10x_usart.o
    0x08002980   0x08002980   0x0000000a   Code   RO          750    .text.USART_GetFlagStatus  stm32f10x_usart.o
    0x0800298a   0x0800298a   0x00000002   PAD
    0x0800298c   0x0800298c   0x00000032   Code   RO          754    .text.USART_GetITStatus  stm32f10x_usart.o
    0x080029be   0x080029be   0x00000002   PAD
    0x080029c0   0x080029c0   0x0000002e   Code   RO          712    .text.USART_ITConfig  stm32f10x_usart.o
    0x080029ee   0x080029ee   0x00000002   PAD
    0x080029f0   0x080029f0   0x000000b6   Code   RO          702    .text.USART_Init    stm32f10x_usart.o
    0x08002aa6   0x08002aa6   0x00000002   PAD
    0x08002aa8   0x08002aa8   0x00000008   Code   RO          728    .text.USART_ReceiveData  stm32f10x_usart.o
    0x08002ab0   0x08002ab0   0x00000008   Code   RO          726    .text.USART_SendData  stm32f10x_usart.o
    0x08002ab8   0x08002ab8   0x0000008e   Code   RO           52    .text.Uart_Init     uart.o
    0x08002b46   0x08002b46   0x00000002   PAD
    0x08002b48   0x08002b48   0x00000124   Code   RO           78    .text.adc_init      adc.o
    0x08002c6c   0x08002c6c   0x00000002   Code   RO          237    .text.delay         delay.o
    0x08002c6e   0x08002c6e   0x00000002   PAD
    0x08002c70   0x08002c70   0x00000024   Code   RO           60    .text.fputc         uart.o
    0x08002c94   0x08002c94   0x0000000e   Code   RO           80    .text.get_adc1_result  adc.o
    0x08002ca2   0x08002ca2   0x00000002   PAD
    0x08002ca4   0x08002ca4   0x0000006e   Code   RO           12    .text.led_init      led.o
    0x08002d12   0x08002d12   0x00000002   PAD
    0x08002d14   0x08002d14   0x00000304   Code   RO            2    .text.main          main.o
    0x08003018   0x08003018   0x00000062   Code   RO          187    .text.time2_init    timer.o
    0x0800307a   0x0800307a   0x00000002   PAD
    0x0800307c   0x0800307c   0x00000020   Code   RO         1053    i.__0printf         mc_w.l(printfa.o)
    0x0800309c   0x0800309c   0x00000024   Code   RO         1059    i.__0vsprintf       mc_w.l(printfa.o)
    0x080030c0   0x080030c0   0x00000028   Code   RO         1189    i.__ARM_fpclassify  m_ws.l(fpclassify.o)
    0x080030e8   0x080030e8   0x000000aa   Code   RO         1191    i.__kernel_poly     m_ws.l(poly.o)
    0x08003192   0x08003192   0x00000006   Code   RO         1123    i.__mathlib_dbl_infnan  m_ws.l(dunder.o)
    0x08003198   0x08003198   0x00000004   Code   RO         1124    i.__mathlib_dbl_infnan2  m_ws.l(dunder.o)
    0x0800319c   0x0800319c   0x00000010   Code   RO         1128    i.__mathlib_dbl_underflow  m_ws.l(dunder.o)
    0x080031ac   0x080031ac   0x0000000e   Code   RO         1199    i.__scatterload_copy  mc_w.l(handlers.o)
    0x080031ba   0x080031ba   0x00000002   Code   RO         1200    i.__scatterload_null  mc_w.l(handlers.o)
    0x080031bc   0x080031bc   0x0000000e   Code   RO         1201    i.__scatterload_zeroinit  mc_w.l(handlers.o)
    0x080031ca   0x080031ca   0x00000002   PAD
    0x080031cc   0x080031cc   0x0000000c   Code   RO         1173    i.__set_errno       mc_w.l(errno.o)
    0x080031d8   0x080031d8   0x00000184   Code   RO         1060    i._fp_digits        mc_w.l(printfa.o)
    0x0800335c   0x0800335c   0x000006dc   Code   RO         1061    i._printf_core      mc_w.l(printfa.o)
    0x08003a38   0x08003a38   0x00000024   Code   RO         1062    i._printf_post_padding  mc_w.l(printfa.o)
    0x08003a5c   0x08003a5c   0x0000002e   Code   RO         1063    i._printf_pre_padding  mc_w.l(printfa.o)
    0x08003a8a   0x08003a8a   0x0000000a   Code   RO         1065    i._sputc            mc_w.l(printfa.o)
    0x08003a94   0x08003a94   0x00000220   Code   RO         1118    i.atan              m_ws.l(atan.o)
    0x08003cb4   0x08003cb4   0x0000019c   Code   RO          806    i.atan2             m_ws.l(atan2.o)
    0x08003e50   0x08003e50   0x00000024   Code   RO          812    i.puts              mc_w.l(puts.o)
    0x08003e74   0x08003e74   0x00000004   PAD
    0x08003e78   0x08003e78   0x00000098   Data   RO         1119    .constdata          m_ws.l(atan.o)
    0x08003f10   0x08003f10   0x00000008   Data   RO         1136    .constdata          m_ws.l(qnan.o)
    0x08003f18   0x08003f18   0x00000004   Data   RO          509    .rodata.ADCPrescTable  stm32f10x_rcc.o
    0x08003f1c   0x08003f1c   0x00000010   Data   RO          508    .rodata.APBAHBPrescTable  stm32f10x_rcc.o
    0x08003f2c   0x08003f2c   0x00000006   Data   RO          177    .rodata.Celsius     oled_data.o
    0x08003f32   0x08003f32   0x00000288   Data   RO          175    .rodata.OLED_CF16x16  oled_data.o
    0x080041ba   0x080041ba   0x0000023a   Data   RO          174    .rodata.OLED_F6x8   oled_data.o
    0x080043f4   0x080043f4   0x000005f0   Data   RO          173    .rodata.OLED_F8x16  oled_data.o
    0x080049e4   0x080049e4   0x00000023   Data   RO            4    .rodata.str1.1      main.o
    0x08004a07   0x08004a07   0x00000001   PAD
    0x08004a08   0x08004a08   0x00000020   Data   RO         1198    Region$$Table       anon$$obj.o


    Execution Region RW_IRAM1 (Exec base: 0x20000000, Load base: 0x08004a28, Size: 0x00000838, Max: 0x00005000, ABSOLUTE)

    Exec Addr    Load Addr    Size         Type   Attr      Idx    E Section Name        Object

    0x20000000   0x08004a28   0x00000004   Data   RW         1151    .data               mc_w.l(stdout.o)
    0x20000004   0x08004a2c   0x00000004   Data   RW         1174    .data               mc_w.l(errno.o)
    0x20000008   0x08004a30   0x00000002   Data   RW          214    .data.a             display.o
    0x2000000a   0x08004a32   0x00000006   PAD
    0x20000010        -       0x00000400   Zero   RW          164    .bss.OLED_DisplayBuf  oled.o
    0x20000410        -       0x00000001   Zero   RW          201    .bss.Refresh_Data_Flag  timer.o
    0x20000411   0x08004a32   0x00000003   PAD
    0x20000414        -       0x00000004   Zero   RW          219    .bss.ad_Vref        display.o
    0x20000418        -       0x00000008   Zero   RW           82    .bss.ad_result      adc.o
    0x20000420        -       0x00000004   Zero   RW          220    .bss.ad_result1     display.o
    0x20000424        -       0x00000004   Zero   RW          221    .bss.ad_result16    display.o
    0x20000428        -       0x00000004   Zero   RW          223    .bss.ad_result2     display.o
    0x2000042c        -       0x00000002   Zero   RW          215    .bss.b              display.o
    0x2000042e        -       0x00000002   Zero   RW          216    .bss.bn             display.o
    0x20000430        -       0x00000001   Zero   RW          217    .bss.flag           display.o
    0x20000431        -       0x00000001   Zero   RW          218    .bss.num            display.o
    0x20000432   0x08004a32   0x00000002   PAD
    0x20000434        -       0x00000004   Zero   RW          222    .bss.temp           display.o
    0x20000438        -       0x00000400   Zero   RW          782    STACK               startup_stm32f10x_md.o


==============================================================================

Image component sizes


      Code (inc. data)   RO Data    RW Data    ZI Data      Debug   Object Name

       306          0          0          0          8       3219   adc.o
         2          0          0          0          0       1563   delay.o
       756        148          0          2         26       1579   display.o
       190          0          0          0          0       3948   exti.o
       110          0          0          0          0       1816   led.o
       772        164         35          0          0       1062   main.o
       114          0          0          0          0       3682   misc.o
      4990          0          0          0       1024      36627   oled.o
         0          0       2744          0          0        911   oled_data.o
        36          8        236          0       1024        848   startup_stm32f10x_md.o
       292          0          0          0          0       9621   stm32f10x_adc.o
       362          0          0          0          0       4259   stm32f10x_dma.o
        42          0          0          0          0       3051   stm32f10x_exti.o
       332          0          0          0          0       6140   stm32f10x_gpio.o
       232          0         20          0          0       8532   stm32f10x_rcc.o
       234          0          0          0          0      30004   stm32f10x_tim.o
       338          0          0          0          0       8901   stm32f10x_usart.o
       268          0          0          0          0       2879   system_stm32f10x.o
       302          0          0          0          1       4599   timer.o
       338          0          0          0          0       5893   uart.o

    ----------------------------------------------------------------------
     10080        320       3068          4       2092     139134   Object Totals
         0          0         32          0          0          0   (incl. Generated)
        64          0          1          2          9          0   (incl. Padding)

    ----------------------------------------------------------------------

      Code (inc. data)   RO Data    RW Data    ZI Data      Debug   Library Member Name

       544         70        152          0          0        124   atan.o
       412         38          0          0          0        144   atan2.o
        26          6          0          0          0        204   dunder.o
        40          0          0          0          0         68   fpclassify.o
       170          0          0          0          0         96   poly.o
         0          0          8          0          0          0   qnan.o
         0          0          0          0          0          0   entry.o
         0          0          0          0          0          0   entry10a.o
         0          0          0          0          0          0   entry11a.o
         8          4          0          0          0          0   entry2.o
         4          0          0          0          0          0   entry5.o
         0          0          0          0          0          0   entry7b.o
         0          0          0          0          0          0   entry8b.o
         8          4          0          0          0          0   entry9a.o
        12          6          0          4          0         68   errno.o
        30          0          0          0          0          0   handlers.o
        48         10          0          0          0         68   init.o
         0          0          0          0          0          0   iusefp.o
        30          0          0          0          0         68   llshl.o
        36          0          0          0          0         68   llsshr.o
        32          0          0          0          0         68   llushr.o
        36          0          0          0          0        108   memseta.o
      2304         96          0          0          0        600   printfa.o
        36          6          0          0          0         80   puts.o
         0          0          0          4          0          0   stdout.o
        28          0          0          0          0         76   strcmp.o
        44          0          0          0          0         80   uidiv.o
        98          0          0          0          0         92   uldiv.o
        48          0          0          0          0         68   cdcmple.o
        48          0          0          0          0         68   cdrcmple.o
        56          0          0          0          0         88   d2f.o
       334          0          0          0          0        148   dadd.o
       222          0          0          0          0        100   ddiv.o
       186          0          0          0          0        176   depilogue.o
        62          0          0          0          0         80   dfixi.o
        48          0          0          0          0         68   dfixul.o
        34          0          0          0          0         76   dflti.o
        26          0          0          0          0         76   dfltui.o
       228          0          0          0          0         96   dmul.o
        46          0          0          0          0         80   dscalb.o
        38          0          0          0          0         68   f2d.o
       124          0          0          0          0         88   fdiv.o
       110          0          0          0          0        168   fepilogue.o
        10          0          0          0          0         68   ffltui.o
       100          0          0          0          0         76   fmul.o

    ----------------------------------------------------------------------
      5676        244        160          8          0       3604   Library Totals
        10          4          0          0          0          0   (incl. Padding)

    ----------------------------------------------------------------------

      Code (inc. data)   RO Data    RW Data    ZI Data      Debug   Library Name

      1192        114        160          0          0        636   m_ws.l
      2754        126          0          8          0       1376   mc_w.l
      1720          0          0          0          0       1592   mf_w.l

    ----------------------------------------------------------------------
      5676        244        160          8          0       3604   Library Totals

    ----------------------------------------------------------------------

==============================================================================


      Code (inc. data)   RO Data    RW Data    ZI Data      Debug   

     15756        564       3228         12       2092     140574   Grand Totals
     15756        564       3228         12       2092     140574   ELF Image Totals
     15756        564       3228         12          0          0   ROM Totals

==============================================================================

    Total RO  Size (Code + RO Data)                18984 (  18.54kB)
    Total RW  Size (RW Data + ZI Data)              2104 (   2.05kB)
    Total ROM Size (Code + RO Data + RW Data)      18996 (  18.55kB)

==============================================================================

