Component: Arm Compiler for Embedded 6.24 Tool: armlink [5f371500]

==============================================================================

Section Cross References

    main.o(.text.main) refers to oled.o(.text.OLED_Init) for OLED_Init
    main.o(.text.main) refers to oled.o(.text.OLED_Clear) for OLED_Clear
    main.o(.text.main) refers to led.o(.text.led_init) for led_init
    main.o(.text.main) refers to adc.o(.text.adc_init) for adc_init
    main.o(.text.main) refers to uart.o(.text.Uart_Init) for Uart_Init
    main.o(.text.main) refers to oled.o(.text.OLED_DrawTriangle) for OLED_DrawTriangle
    main.o(.text.main) refers to oled.o(.text.OLED_ShowString) for OLED_ShowString
    main.o(.text.main) refers to oled.o(.text.OLED_ShowChinese) for OLED_ShowChinese
    main.o(.text.main) refers to oled.o(.text.OLED_Update) for OLED_Update
    main.o(.text.main) refers to uart.o(.text.Send_String) for Send_String
    main.o(.text.main) refers to puts.o(i.puts) for puts
    main.o(.text.main) refers to adc.o(.bss.ad_result) for ad_result
    main.o(.text.main) refers to dfltui.o(.text) for __aeabi_ui2d
    main.o(.text.main) refers to ddiv.o(.text) for __aeabi_ddiv
    main.o(.text.main) refers to d2f.o(.text) for __aeabi_d2f
    main.o(.text.main) refers to f2d.o(.text) for __aeabi_f2d
    main.o(.text.main) refers to main.o(.rodata.str1.1) for .L.str.5
    main.o(.text.main) refers to printfa.o(i.__0printf) for __2printf
    main.o(.text.main) refers to ffltui.o(.text) for __aeabi_ui2f
    main.o(.text.main) refers to fmul.o(.text) for __aeabi_fmul
    main.o(.text.main) refers to fdiv.o(.text) for __aeabi_fdiv
    main.o(.text.main) refers to dadd.o(.text) for __aeabi_dsub
    main.o(.text.main) refers to oled.o(.text.OLED_Printf) for OLED_Printf
    main.o(.text.main) refers to oled.o(.text.OLED_ShowChar) for OLED_ShowChar
    main.o(.text.main) refers to oled_data.o(.rodata.Celsius) for Celsius
    main.o(.text.main) refers to oled.o(.text.OLED_ShowImage) for OLED_ShowImage
    main.o(.text.main) refers to adc.o(.text.get_adc1_result) for get_adc1_result
    main.o(.text.main) refers to oled.o(.text.OLED_DrawArc) for OLED_DrawArc
    main.o(.text.main) refers to oled.o(.text.OLED_UpdateArea) for OLED_UpdateArea
    main.o(.text.main) refers to oled.o(.text.OLED_ClearArea) for OLED_ClearArea
    main.o(.ARM.exidx.text.main) refers to main.o(.text.main) for [Anonymous Symbol]
    led.o(.text.led_init) refers to stm32f10x_rcc.o(.text.RCC_APB2PeriphClockCmd) for RCC_APB2PeriphClockCmd
    led.o(.text.led_init) refers to stm32f10x_gpio.o(.text.GPIO_Init) for GPIO_Init
    led.o(.text.led_init) refers to stm32f10x_gpio.o(.text.GPIO_SetBits) for GPIO_SetBits
    led.o(.text.led_init) refers to stm32f10x_gpio.o(.text.GPIO_PinRemapConfig) for GPIO_PinRemapConfig
    led.o(.ARM.exidx.text.led_init) refers to led.o(.text.led_init) for [Anonymous Symbol]
    led.o(.ARM.exidx.text.Led_on) refers to led.o(.text.Led_on) for [Anonymous Symbol]
    led.o(.ARM.exidx.text.Led_off) refers to led.o(.text.Led_off) for [Anonymous Symbol]
    key.o(.text.key_init) refers to stm32f10x_rcc.o(.text.RCC_APB2PeriphClockCmd) for RCC_APB2PeriphClockCmd
    key.o(.text.key_init) refers to stm32f10x_gpio.o(.text.GPIO_Init) for GPIO_Init
    key.o(.ARM.exidx.text.key_init) refers to key.o(.text.key_init) for [Anonymous Symbol]
    key.o(.text.key_scan) refers to key.o(.bss.key_scan.key_value) for key_scan.key_value
    key.o(.text.key_scan) refers to delay.o(.text.delay_ms) for delay_ms
    key.o(.text.key_scan) refers to stm32f10x_gpio.o(.text.GPIO_ReadInputDataBit) for GPIO_ReadInputDataBit
    key.o(.ARM.exidx.text.key_scan) refers to key.o(.text.key_scan) for [Anonymous Symbol]
    exti.o(.text.Exti_Init) refers to stm32f10x_rcc.o(.text.RCC_APB2PeriphClockCmd) for RCC_APB2PeriphClockCmd
    exti.o(.text.Exti_Init) refers to stm32f10x_gpio.o(.text.GPIO_Init) for GPIO_Init
    exti.o(.text.Exti_Init) refers to stm32f10x_gpio.o(.text.GPIO_EXTILineConfig) for GPIO_EXTILineConfig
    exti.o(.text.Exti_Init) refers to stm32f10x_exti.o(.text.EXTI_Init) for EXTI_Init
    exti.o(.text.Exti_Init) refers to misc.o(.text.NVIC_Init) for NVIC_Init
    exti.o(.ARM.exidx.text.Exti_Init) refers to exti.o(.text.Exti_Init) for [Anonymous Symbol]
    exti.o(.text.EXTI0_IRQHandler) refers to stm32f10x_exti.o(.text.EXTI_GetITStatus) for EXTI_GetITStatus
    exti.o(.text.EXTI0_IRQHandler) refers to delay.o(.text.delay) for delay
    exti.o(.text.EXTI0_IRQHandler) refers to stm32f10x_exti.o(.text.EXTI_ClearITPendingBit) for EXTI_ClearITPendingBit
    exti.o(.ARM.exidx.text.EXTI0_IRQHandler) refers to exti.o(.text.EXTI0_IRQHandler) for [Anonymous Symbol]
    exti.o(.text.EXTI1_IRQHandler) refers to stm32f10x_exti.o(.text.EXTI_GetITStatus) for EXTI_GetITStatus
    exti.o(.text.EXTI1_IRQHandler) refers to delay.o(.text.delay) for delay
    exti.o(.text.EXTI1_IRQHandler) refers to stm32f10x_exti.o(.text.EXTI_ClearITPendingBit) for EXTI_ClearITPendingBit
[...]
    Removing oled.o(.ARM.exidx.text.OLED_ShowString), (8 bytes).
    Removing oled.o(.text.OLED_ShowNum), (182 bytes).
    Removing oled.o(.ARM.exidx.text.OLED_ShowNum), (8 bytes).
    Removing oled.o(.text.OLED_ShowSignedNum), (306 bytes).
    Removing oled.o(.ARM.exidx.text.OLED_ShowSignedNum), (8 bytes).
    Removing oled.o(.text.OLED_ShowHexNum), (216 bytes).
    Removing oled.o(.ARM.exidx.text.OLED_ShowHexNum), (8 bytes).
    Removing oled.o(.text.OLED_ShowBinNum), (154 bytes).
    Removing oled.o(.ARM.exidx.text.OLED_ShowBinNum), (8 bytes).
    Removing oled.o(.text.OLED_ShowFloatNum), (678 bytes).
    Removing oled.o(.ARM.exidx.text.OLED_ShowFloatNum), (8 bytes).
    Removing oled.o(.ARM.exidx.text.OLED_ShowChinese), (8 bytes).
    Removing oled.o(.ARM.exidx.text.OLED_Printf), (8 bytes).
    Removing oled.o(.text.OLED_DrawPoint), (48 bytes).
    Removing oled.o(.ARM.exidx.text.OLED_DrawPoint), (8 bytes).
    Removing oled.o(.text.OLED_GetPoint), (46 bytes).
    Removing oled.o(.ARM.exidx.text.OLED_GetPoint), (8 bytes).
    Removing oled.o(.ARM.exidx.text.OLED_DrawLine), (8 bytes).
    Removing oled.o(.text.OLED_DrawRectangle), (326 bytes).
    Removing oled.o(.ARM.exidx.text.OLED_DrawRectangle), (8 bytes).
    Removing oled.o(.ARM.exidx.text.OLED_DrawTriangle), (8 bytes).
    Removing oled.o(.text.OLED_DrawCircle), (974 bytes).
    Removing oled.o(.ARM.exidx.text.OLED_DrawCircle), (8 bytes).
    Removing oled.o(.text.OLED_DrawEllipse), (1406 bytes).
    Removing oled.o(.ARM.exidx.text.OLED_DrawEllipse), (8 bytes).
    Removing oled.o(.ARM.exidx.text.OLED_DrawArc), (8 bytes).
    Removing oled_data.o(.text), (0 bytes).
    Removing oled_data.o(.rodata.Diode), (32 bytes).
    Removing oled_data.o(.rodata.Battery), (180 bytes).
    Removing oled_data.o(.rodata.Lenna1), (512 bytes).
    Removing delay.o(.text), (0 bytes).
    Removing delay.o(.text.delay_us), (44 bytes).
    Removing delay.o(.ARM.exidx.text.delay_us), (8 bytes).
    Removing delay.o(.text.delay_ms), (64 bytes).
    Removing delay.o(.ARM.exidx.text.delay_ms), (8 bytes).
    Removing delay.o(.text.delay_s), (74 bytes).
    Removing delay.o(.ARM.exidx.text.delay_s), (8 bytes).
    Removing delay.o(.ARM.exidx.text.delay), (8 bytes).
    Removing misc.o(.text), (0 bytes).
    Removing misc.o(.text.NVIC_PriorityGroupConfig), (20 bytes).
    Removing misc.o(.ARM.exidx.text.NVIC_PriorityGroupConfig), (8 bytes).
    Removing misc.o(.ARM.exidx.text.NVIC_Init), (8 bytes).
    Removing misc.o(.text.NVIC_SetVectorTable), (24 bytes).
    Removing misc.o(.ARM.exidx.text.NVIC_SetVectorTable), (8 bytes).
    Removing misc.o(.text.NVIC_SystemLPConfig), (24 bytes).
    Removing misc.o(.ARM.exidx.text.NVIC_SystemLPConfig), (8 bytes).
    Removing misc.o(.text.SysTick_CLKSourceConfig), (24 bytes).
    Removing misc.o(.ARM.exidx.text.SysTick_CLKSourceConfig), (8 bytes).
    Removing stm32f10x_adc.o(.text), (0 bytes).
    Removing stm32f10x_adc.o(.text.ADC_DeInit), (76 bytes).
    Removing stm32f10x_adc.o(.ARM.exidx.text.ADC_DeInit), (8 bytes).
    Removing stm32f10x_adc.o(.ARM.exidx.text.ADC_Init), (8 bytes).
    Removing stm32f10x_adc.o(.text.ADC_StructInit), (16 bytes).
    Removing stm32f10x_adc.o(.ARM.exidx.text.ADC_StructInit), (8 bytes).
    Removing stm32f10x_adc.o(.ARM.exidx.text.ADC_Cmd), (8 bytes).
    Removing stm32f10x_adc.o(.ARM.exidx.text.ADC_DMACmd), (8 bytes).
    Removing stm32f10x_adc.o(.text.ADC_ITConfig), (18 bytes).
    Removing stm32f10x_adc.o(.ARM.exidx.text.ADC_ITConfig), (8 bytes).
    Removing stm32f10x_adc.o(.ARM.exidx.text.ADC_ResetCalibration), (8 bytes).
    Removing stm32f10x_adc.o(.ARM.exidx.text.ADC_GetResetCalibrationStatus), (8 bytes).
    Removing stm32f10x_adc.o(.ARM.exidx.text.ADC_StartCalibration), (8 bytes).
    Removing stm32f10x_adc.o(.ARM.exidx.text.ADC_GetCalibrationStatus), (8 bytes).
    Removing stm32f10x_adc.o(.ARM.exidx.text.ADC_SoftwareStartConvCmd), (8 bytes).
    Removing stm32f10x_adc.o(.text.ADC_GetSoftwareStartConvStatus), (8 bytes).
    Removing stm32f10x_adc.o(.ARM.exidx.text.ADC_GetSoftwareStartConvStatus), (8 bytes).
    Removing stm32f10x_adc.o(.text.ADC_DiscModeChannelCountConfig), (24 bytes).
    Removing stm32f10x_adc.o(.ARM.exidx.text.ADC_DiscModeChannelCountConfig), (8 bytes).
    Removing stm32f10x_adc.o(.text.ADC_DiscModeCmd), (18 bytes).
    Removing stm32f10x_adc.o(.ARM.exidx.text.ADC_DiscModeCmd), (8 bytes).
    Removing stm32f10x_adc.o(.ARM.exidx.text.ADC_RegularChannelConfig), (8 bytes).
    Removing stm32f10x_adc.o(.text.ADC_ExternalTrigConvCmd), (18 bytes).
    Removing stm32f10x_adc.o(.ARM.exidx.text.ADC_ExternalTrigConvCmd), (8 bytes).
    Removing stm32f10x_adc.o(.text.ADC_GetConversionValue), (6 bytes).
    Removing stm32f10x_adc.o(.ARM.exidx.text.ADC_GetConversionValue), (8 bytes).
    Removing stm32f10x_adc.o(.text.ADC_GetDualModeConversionValue), (12 bytes).
    Removing stm32f10x_adc.o(.ARM.exidx.text.ADC_GetDualModeConversionValue), (8 bytes).
    Removing stm32f10x_adc.o(.text.ADC_AutoInjectedConvCmd), (18 bytes).
    Removing stm32f10x_adc.o(.ARM.exidx.text.ADC_AutoInjectedConvCmd), (8 bytes).
    Removing stm32f10x_adc.o(.text.ADC_InjectedDiscModeCmd), (18 bytes).
    Removing stm32f10x_adc.o(.ARM.exidx.text.ADC_InjectedDiscModeCmd), (8 bytes).
    Removing stm32f10x_adc.o(.text.ADC_ExternalTrigInjectedConvConfig), (12 bytes).
    Removing stm32f10x_adc.o(.ARM.exidx.text.ADC_ExternalTrigInjectedConvConfig), (8 bytes).
    Removing stm32f10x_adc.o(.text.ADC_ExternalTrigInjectedConvCmd), (18 bytes).
    Removing stm32f10x_adc.o(.ARM.exidx.text.ADC_ExternalTrigInjectedConvCmd), (8 bytes).
    Removing stm32f10x_adc.o(.text.ADC_SoftwareStartInjectedConvCmd), (18 bytes).
    Removing stm32f10x_adc.o(.ARM.exidx.text.ADC_SoftwareStartInjectedConvCmd), (8 bytes).
    Removing stm32f10x_adc.o(.text.ADC_GetSoftwareStartInjectedConvCmdStatus), (8 bytes).
    Removing stm32f10x_adc.o(.ARM.exidx.text.ADC_GetSoftwareStartInjectedConvCmdStatus), (8 bytes).
    Removing stm32f10x_adc.o(.text.ADC_InjectedChannelConfig), (78 bytes).
    Removing stm32f10x_adc.o(.ARM.exidx.text.ADC_InjectedChannelConfig), (8 bytes).
    Removing stm32f10x_adc.o(.text.ADC_InjectedSequencerLengthConfig), (22 bytes).
    Removing stm32f10x_adc.o(.ARM.exidx.text.ADC_InjectedSequencerLengthConfig), (8 bytes).
    Removing stm32f10x_adc.o(.text.ADC_SetInjectedOffset), (22 bytes).
    Removing stm32f10x_adc.o(.ARM.exidx.text.ADC_SetInjectedOffset), (8 bytes).
    Removing stm32f10x_adc.o(.text.ADC_GetInjectedConversionValue), (26 bytes).
    Removing stm32f10x_adc.o(.ARM.exidx.text.ADC_GetInjectedConversionValue), (8 bytes).
    Removing stm32f10x_adc.o(.text.ADC_AnalogWatchdogCmd), (18 bytes).
    Removing stm32f10x_adc.o(.ARM.exidx.text.ADC_AnalogWatchdogCmd), (8 bytes).
    Removing stm32f10x_adc.o(.text.ADC_AnalogWatchdogThresholdsConfig), (6 bytes).
    Removing stm32f10x_adc.o(.ARM.exidx.text.ADC_AnalogWatchdogThresholdsConfig), (8 bytes).
    Removing stm32f10x_adc.o(.text.ADC_AnalogWatchdogSingleChannelConfig), (12 bytes).
    Removing stm32f10x_adc.o(.ARM.exidx.text.ADC_AnalogWatchdogSingleChannelConfig), (8 bytes).
    Removing stm32f10x_adc.o(.ARM.exidx.text.ADC_TempSensorVrefintCmd), (8 bytes).
    Removing stm32f10x_adc.o(.text.ADC_GetFlagStatus), (10 bytes).
    Removing stm32f10x_adc.o(.ARM.exidx.text.ADC_GetFlagStatus), (8 bytes).
    Removing stm32f10x_adc.o(.text.ADC_ClearFlag), (6 bytes).
    Removing stm32f10x_adc.o(.ARM.exidx.text.ADC_ClearFlag), (8 bytes).
    Removing stm32f10x_adc.o(.text.ADC_GetITStatus), (26 bytes).
    Removing stm32f10x_adc.o(.ARM.exidx.text.ADC_GetITStatus), (8 bytes).
    Removing stm32f10x_adc.o(.text.ADC_ClearITPendingBit), (8 bytes).
    Removing stm32f10x_adc.o(.ARM.exidx.text.ADC_ClearITPendingBit), (8 bytes).
    Removing stm32f10x_dma.o(.text), (0 bytes).
    Removing stm32f10x_dma.o(.ARM.exidx.text.DMA_DeInit), (8 bytes).
    Removing stm32f10x_dma.o(.ARM.exidx.text.DMA_Init), (8 bytes).
    Removing stm32f10x_dma.o(.text.DMA_StructInit), (10 bytes).
    Removing stm32f10x_dma.o(.ARM.exidx.text.DMA_StructInit), (8 bytes).
    Removing stm32f10x_dma.o(.ARM.exidx.text.DMA_Cmd), (8 bytes).
    Removing stm32f10x_dma.o(.text.DMA_ITConfig), (16 bytes).
    Removing stm32f10x_dma.o(.ARM.exidx.text.DMA_ITConfig), (8 bytes).
    Removing stm32f10x_dma.o(.text.DMA_SetCurrDataCounter), (4 bytes).
    Removing stm32f10x_dma.o(.ARM.exidx.text.DMA_SetCurrDataCounter), (8 bytes).
    Removing stm32f10x_dma.o(.text.DMA_GetCurrDataCounter), (6 bytes).
    Removing stm32f10x_dma.o(.ARM.exidx.text.DMA_GetCurrDataCounter), (8 bytes).
    Removing stm32f10x_dma.o(.text.DMA_GetFlagStatus), (22 bytes).
    Removing stm32f10x_dma.o(.ARM.exidx.text.DMA_GetFlagStatus), (8 bytes).
    Removing stm32f10x_dma.o(.text.DMA_ClearFlag), (16 bytes).
    Removing stm32f10x_dma.o(.ARM.exidx.text.DMA_ClearFlag), (8 bytes).
    Removing stm32f10x_dma.o(.text.DMA_GetITStatus), (22 bytes).
    Removing stm32f10x_dma.o(.ARM.exidx.text.DMA_GetITStatus), (8 bytes).
    Removing stm32f10x_dma.o(.text.DMA_ClearITPendingBit), (16 bytes).
    Removing stm32f10x_dma.o(.ARM.exidx.text.DMA_ClearITPendingBit), (8 bytes).
    Removing stm32f10x_exti.o(.text), (0 bytes).
    Removing stm32f10x_exti.o(.text.EXTI_DeInit), (30 bytes).
    Removing stm32f10x_exti.o(.ARM.exidx.text.EXTI_DeInit), (8 bytes).
    Removing stm32f10x_exti.o(.text.EXTI_Init), (104 bytes).
    Removing stm32f10x_exti.o(.ARM.exidx.text.EXTI_Init), (8 bytes).
    Removing stm32f10x_exti.o(.text.EXTI_StructInit), (14 bytes).
    Removing stm32f10x_exti.o(.ARM.exidx.text.EXTI_StructInit), (8 bytes).
    Removing stm32f10x_exti.o(.text.EXTI_GenerateSWInterrupt), (16 bytes).
    Removing stm32f10x_exti.o(.ARM.exidx.text.EXTI_GenerateSWInterrupt), (8 bytes).
    Removing stm32f10x_exti.o(.text.EXTI_GetFlagStatus), (18 bytes).
    Removing stm32f10x_exti.o(.ARM.exidx.text.EXTI_GetFlagStatus), (8 bytes).
    Removing stm32f10x_exti.o(.text.EXTI_ClearFlag), (12 bytes).
    Removing stm32f10x_exti.o(.ARM.exidx.text.EXTI_ClearFlag), (8 bytes).
    Removing stm32f10x_exti.o(.ARM.exidx.text.EXTI_GetITStatus), (8 bytes).
    Removing stm32f10x_exti.o(.ARM.exidx.text.EXTI_ClearITPendingBit), (8 bytes).
    Removing stm32f10x_gpio.o(.text), (0 bytes).
    Removing stm32f10x_gpio.o(.text.GPIO_DeInit), (52 bytes).
    Removing stm32f10x_gpio.o(.ARM.exidx.text.GPIO_DeInit), (8 bytes).
    Removing stm32f10x_gpio.o(.text.GPIO_AFIODeInit), (22 bytes).
    Removing stm32f10x_gpio.o(.ARM.exidx.text.GPIO_AFIODeInit), (8 bytes).
    Removing stm32f10x_gpio.o(.ARM.exidx.text.GPIO_Init), (8 bytes).
    Removing stm32f10x_gpio.o(.text.GPIO_StructInit), (12 bytes).
    Removing stm32f10x_gpio.o(.ARM.exidx.text.GPIO_StructInit), (8 bytes).
    Removing stm32f10x_gpio.o(.text.GPIO_ReadInputDataBit), (10 bytes).
    Removing stm32f10x_gpio.o(.ARM.exidx.text.GPIO_ReadInputDataBit), (8 bytes).
    Removing stm32f10x_gpio.o(.text.GPIO_ReadInputData), (6 bytes).
    Removing stm32f10x_gpio.o(.ARM.exidx.text.GPIO_ReadInputData), (8 bytes).
    Removing stm32f10x_gpio.o(.text.GPIO_ReadOutputDataBit), (10 bytes).
    Removing stm32f10x_gpio.o(.ARM.exidx.text.GPIO_ReadOutputDataBit), (8 bytes).
    Removing stm32f10x_gpio.o(.text.GPIO_ReadOutputData), (6 bytes).
    Removing stm32f10x_gpio.o(.ARM.exidx.text.GPIO_ReadOutputData), (8 bytes).
    Removing stm32f10x_gpio.o(.ARM.exidx.text.GPIO_SetBits), (8 bytes).
    Removing stm32f10x_gpio.o(.text.GPIO_ResetBits), (4 bytes).
    Removing stm32f10x_gpio.o(.ARM.exidx.text.GPIO_ResetBits), (8 bytes).
    Removing stm32f10x_gpio.o(.ARM.exidx.text.GPIO_WriteBit), (8 bytes).
    Removing stm32f10x_gpio.o(.text.GPIO_Write), (4 bytes).
    Removing stm32f10x_gpio.o(.ARM.exidx.text.GPIO_Write), (8 bytes).
    Removing stm32f10x_gpio.o(.text.GPIO_PinLockConfig), (16 bytes).
    Removing stm32f10x_gpio.o(.ARM.exidx.text.GPIO_PinLockConfig), (8 bytes).
    Removing stm32f10x_gpio.o(.text.GPIO_EventOutputConfig), (30 bytes).
    Removing stm32f10x_gpio.o(.ARM.exidx.text.GPIO_EventOutputConfig), (8 bytes).
    Removing stm32f10x_gpio.o(.text.GPIO_EventOutputCmd), (10 bytes).
    Removing stm32f10x_gpio.o(.ARM.exidx.text.GPIO_EventOutputCmd), (8 bytes).
    Removing stm32f10x_gpio.o(.ARM.exidx.text.GPIO_PinRemapConfig), (8 bytes).
    Removing stm32f10x_gpio.o(.text.GPIO_EXTILineConfig), (54 bytes).
    Removing stm32f10x_gpio.o(.ARM.exidx.text.GPIO_EXTILineConfig), (8 bytes).
    Removing stm32f10x_gpio.o(.text.GPIO_ETH_MediaInterfaceConfig), (10 bytes).
    Removing stm32f10x_gpio.o(.ARM.exidx.text.GPIO_ETH_MediaInterfaceConfig), (8 bytes).
    Removing stm32f10x_gpio.o(.rodata..Lswitch.table.GPIO_DeInit.1), (28 bytes).
    Removing stm32f10x_rcc.o(.text), (0 bytes).
    Removing stm32f10x_rcc.o(.text.RCC_DeInit), (66 bytes).
    Removing stm32f10x_rcc.o(.ARM.exidx.text.RCC_DeInit), (8 bytes).
    Removing stm32f10x_rcc.o(.text.RCC_HSEConfig), (50 bytes).
    Removing stm32f10x_rcc.o(.ARM.exidx.text.RCC_HSEConfig), (8 bytes).
    Removing stm32f10x_rcc.o(.text.RCC_WaitForHSEStartUp), (48 bytes).
    Removing stm32f10x_rcc.o(.ARM.exidx.text.RCC_WaitForHSEStartUp), (8 bytes).
    Removing stm32f10x_rcc.o(.text.RCC_GetFlagStatus), (38 bytes).
    Removing stm32f10x_rcc.o(.ARM.exidx.text.RCC_GetFlagStatus), (8 bytes).
    Removing stm32f10x_rcc.o(.text.RCC_AdjustHSICalibrationValue), (22 bytes).
    Removing stm32f10x_rcc.o(.ARM.exidx.text.RCC_AdjustHSICalibrationValue), (8 bytes).
    Removing stm32f10x_rcc.o(.text.RCC_HSICmd), (10 bytes).
    Removing stm32f10x_rcc.o(.ARM.exidx.text.RCC_HSICmd), (8 bytes).
    Removing stm32f10x_rcc.o(.text.RCC_PLLConfig), (22 bytes).
    Removing stm32f10x_rcc.o(.ARM.exidx.text.RCC_PLLConfig), (8 bytes).
    Removing stm32f10x_rcc.o(.text.RCC_PLLCmd), (10 bytes).
    Removing stm32f10x_rcc.o(.ARM.exidx.text.RCC_PLLCmd), (8 bytes).
    Removing stm32f10x_rcc.o(.text.RCC_SYSCLKConfig), (20 bytes).
    Removing stm32f10x_rcc.o(.ARM.exidx.text.RCC_SYSCLKConfig), (8 bytes).
    Removing stm32f10x_rcc.o(.text.RCC_GetSYSCLKSource), (16 bytes).
    Removing stm32f10x_rcc.o(.ARM.exidx.text.RCC_GetSYSCLKSource), (8 bytes).
    Removing stm32f10x_rcc.o(.text.RCC_HCLKConfig), (20 bytes).
    Removing stm32f10x_rcc.o(.ARM.exidx.text.RCC_HCLKConfig), (8 bytes).
    Removing stm32f10x_rcc.o(.text.RCC_PCLK1Config), (20 bytes).
    Removing stm32f10x_rcc.o(.ARM.exidx.text.RCC_PCLK1Config), (8 bytes).
    Removing stm32f10x_rcc.o(.text.RCC_PCLK2Config), (22 bytes).
    Removing stm32f10x_rcc.o(.ARM.exidx.text.RCC_PCLK2Config), (8 bytes).
    Removing stm32f10x_rcc.o(.text.RCC_ITConfig), (24 bytes).
    Removing stm32f10x_rcc.o(.ARM.exidx.text.RCC_ITConfig), (8 bytes).
    Removing stm32f10x_rcc.o(.text.RCC_USBCLKConfig), (10 bytes).
    Removing stm32f10x_rcc.o(.ARM.exidx.text.RCC_USBCLKConfig), (8 bytes).
    Removing stm32f10x_rcc.o(.ARM.exidx.text.RCC_ADCCLKConfig), (8 bytes).
    Removing stm32f10x_rcc.o(.text.RCC_LSEConfig), (30 bytes).
    Removing stm32f10x_rcc.o(.ARM.exidx.text.RCC_LSEConfig), (8 bytes).
    Removing stm32f10x_rcc.o(.text.RCC_LSICmd), (12 bytes).
    Removing stm32f10x_rcc.o(.ARM.exidx.text.RCC_LSICmd), (8 bytes).
    Removing stm32f10x_rcc.o(.text.RCC_RTCCLKConfig), (16 bytes).
    Removing stm32f10x_rcc.o(.ARM.exidx.text.RCC_RTCCLKConfig), (8 bytes).
    Removing stm32f10x_rcc.o(.text.RCC_RTCCLKCmd), (12 bytes).
    Removing stm32f10x_rcc.o(.ARM.exidx.text.RCC_RTCCLKCmd), (8 bytes).
    Removing stm32f10x_rcc.o(.ARM.exidx.text.RCC_GetClocksFreq), (8 bytes).
    Removing stm32f10x_rcc.o(.ARM.exidx.text.RCC_AHBPeriphClockCmd), (8 bytes).
    Removing stm32f10x_rcc.o(.ARM.exidx.text.RCC_APB2PeriphClockCmd), (8 bytes).
    Removing stm32f10x_rcc.o(.text.RCC_APB1PeriphClockCmd), (24 bytes).
    Removing stm32f10x_rcc.o(.ARM.exidx.text.RCC_APB1PeriphClockCmd), (8 bytes).
    Removing stm32f10x_rcc.o(.text.RCC_APB2PeriphResetCmd), (24 bytes).
    Removing stm32f10x_rcc.o(.ARM.exidx.text.RCC_APB2PeriphResetCmd), (8 bytes).
    Removing stm32f10x_rcc.o(.text.RCC_APB1PeriphResetCmd), (24 bytes).
    Removing stm32f10x_rcc.o(.ARM.exidx.text.RCC_APB1PeriphResetCmd), (8 bytes).
    Removing stm32f10x_rcc.o(.text.RCC_BackupResetCmd), (12 bytes).
    Removing stm32f10x_rcc.o(.ARM.exidx.text.RCC_BackupResetCmd), (8 bytes).
    Removing stm32f10x_rcc.o(.text.RCC_ClockSecuritySystemCmd), (10 bytes).
    Removing stm32f10x_rcc.o(.ARM.exidx.text.RCC_ClockSecuritySystemCmd), (8 bytes).
    Removing stm32f10x_rcc.o(.text.RCC_MCOConfig), (12 bytes).
    Removing stm32f10x_rcc.o(.ARM.exidx.text.RCC_MCOConfig), (8 bytes).
    Removing stm32f10x_rcc.o(.text.RCC_ClearFlag), (18 bytes).
    Removing stm32f10x_rcc.o(.ARM.exidx.text.RCC_ClearFlag), (8 bytes).
    Removing stm32f10x_rcc.o(.text.RCC_GetITStatus), (18 bytes).
    Removing stm32f10x_rcc.o(.ARM.exidx.text.RCC_GetITStatus), (8 bytes).
    Removing stm32f10x_rcc.o(.text.RCC_ClearITPendingBit), (12 bytes).
    Removing stm32f10x_rcc.o(.ARM.exidx.text.RCC_ClearITPendingBit), (8 bytes).
    Removing stm32f10x_usart.o(.text), (0 bytes).
    Removing stm32f10x_usart.o(.text.USART_DeInit), (174 bytes).
    Removing stm32f10x_usart.o(.ARM.exidx.text.USART_DeInit), (8 bytes).
    Removing stm32f10x_usart.o(.ARM.exidx.text.USART_Init), (8 bytes).
    Removing stm32f10x_usart.o(.text.USART_StructInit), (18 bytes).
    Removing stm32f10x_usart.o(.ARM.exidx.text.USART_StructInit), (8 bytes).
    Removing stm32f10x_usart.o(.text.USART_ClockInit), (34 bytes).
    Removing stm32f10x_usart.o(.ARM.exidx.text.USART_ClockInit), (8 bytes).
    Removing stm32f10x_usart.o(.text.USART_ClockStructInit), (8 bytes).
    Removing stm32f10x_usart.o(.ARM.exidx.text.USART_ClockStructInit), (8 bytes).
    Removing stm32f10x_usart.o(.ARM.exidx.text.USART_Cmd), (8 bytes).
    Removing stm32f10x_usart.o(.ARM.exidx.text.USART_ITConfig), (8 bytes).
    Removing stm32f10x_usart.o(.text.USART_DMACmd), (16 bytes).
    Removing stm32f10x_usart.o(.ARM.exidx.text.USART_DMACmd), (8 bytes).
    Removing stm32f10x_usart.o(.text.USART_SetAddress), (16 bytes).
    Removing stm32f10x_usart.o(.ARM.exidx.text.USART_SetAddress), (8 bytes).
    Removing stm32f10x_usart.o(.text.USART_WakeUpConfig), (16 bytes).
    Removing stm32f10x_usart.o(.ARM.exidx.text.USART_WakeUpConfig), (8 bytes).
    Removing stm32f10x_usart.o(.text.USART_ReceiverWakeUpCmd), (20 bytes).
    Removing stm32f10x_usart.o(.ARM.exidx.text.USART_ReceiverWakeUpCmd), (8 bytes).
    Removing stm32f10x_usart.o(.text.USART_LINBreakDetectLengthConfig), (16 bytes).
    Removing stm32f10x_usart.o(.ARM.exidx.text.USART_LINBreakDetectLengthConfig), (8 bytes).
    Removing stm32f10x_usart.o(.text.USART_LINCmd), (20 bytes).
    Removing stm32f10x_usart.o(.ARM.exidx.text.USART_LINCmd), (8 bytes).
    Removing stm32f10x_usart.o(.ARM.exidx.text.USART_SendData), (8 bytes).
    Removing stm32f10x_usart.o(.ARM.exidx.text.USART_ReceiveData), (8 bytes).
    Removing stm32f10x_usart.o(.text.USART_SendBreak), (10 bytes).
    Removing stm32f10x_usart.o(.ARM.exidx.text.USART_SendBreak), (8 bytes).
    Removing stm32f10x_usart.o(.text.USART_SetGuardTime), (16 bytes).
    Removing stm32f10x_usart.o(.ARM.exidx.text.USART_SetGuardTime), (8 bytes).
    Removing stm32f10x_usart.o(.text.USART_SetPrescaler), (16 bytes).
    Removing stm32f10x_usart.o(.ARM.exidx.text.USART_SetPrescaler), (8 bytes).
    Removing stm32f10x_usart.o(.text.USART_SmartCardCmd), (20 bytes).
    Removing stm32f10x_usart.o(.ARM.exidx.text.USART_SmartCardCmd), (8 bytes).
    Removing stm32f10x_usart.o(.text.USART_SmartCardNACKCmd), (20 bytes).
    Removing stm32f10x_usart.o(.ARM.exidx.text.USART_SmartCardNACKCmd), (8 bytes).
    Removing stm32f10x_usart.o(.text.USART_HalfDuplexCmd), (20 bytes).
    Removing stm32f10x_usart.o(.ARM.exidx.text.USART_HalfDuplexCmd), (8 bytes).
    Removing stm32f10x_usart.o(.text.USART_OverSampling8Cmd), (20 bytes).
    Removing stm32f10x_usart.o(.ARM.exidx.text.USART_OverSampling8Cmd), (8 bytes).
    Removing stm32f10x_usart.o(.text.USART_OneBitMethodCmd), (20 bytes).
    Removing stm32f10x_usart.o(.ARM.exidx.text.USART_OneBitMethodCmd), (8 bytes).
    Removing stm32f10x_usart.o(.text.USART_IrDAConfig), (16 bytes).
    Removing stm32f10x_usart.o(.ARM.exidx.text.USART_IrDAConfig), (8 bytes).
    Removing stm32f10x_usart.o(.text.USART_IrDACmd), (20 bytes).
    Removing stm32f10x_usart.o(.ARM.exidx.text.USART_IrDACmd), (8 bytes).
    Removing stm32f10x_usart.o(.ARM.exidx.text.USART_GetFlagStatus), (8 bytes).
    Removing stm32f10x_usart.o(.text.USART_ClearFlag), (6 bytes).
    Removing stm32f10x_usart.o(.ARM.exidx.text.USART_ClearFlag), (8 bytes).
    Removing stm32f10x_usart.o(.ARM.exidx.text.USART_GetITStatus), (8 bytes).
    Removing stm32f10x_usart.o(.ARM.exidx.text.USART_ClearITPendingBit), (8 bytes).
    Removing gpio_stm32f10x.o(.text), (0 bytes).
    Removing gpio_stm32f10x.o(.text.GPIO_PortClock), (170 bytes).
    Removing gpio_stm32f10x.o(.ARM.exidx.text.GPIO_PortClock), (8 bytes).
    Removing gpio_stm32f10x.o(.text.GPIO_GetPortClockState), (50 bytes).
    Removing gpio_stm32f10x.o(.ARM.exidx.text.GPIO_GetPortClockState), (8 bytes).
    Removing gpio_stm32f10x.o(.text.GPIO_PinConfigure), (164 bytes).
    Removing gpio_stm32f10x.o(.ARM.exidx.text.GPIO_PinConfigure), (8 bytes).
    Removing gpio_stm32f10x.o(.text.GPIO_AFConfigure), (128 bytes).
    Removing gpio_stm32f10x.o(.ARM.exidx.text.GPIO_AFConfigure), (8 bytes).
    Removing gpio_stm32f10x.o(.rodata..Lswitch.table.GPIO_PinConfigure.1), (28 bytes).
    Removing startup_stm32f10x_md.o(HEAP), (512 bytes).
    Removing system_stm32f10x.o(.text), (0 bytes).
    Removing system_stm32f10x.o(.ARM.exidx.text.SystemInit), (8 bytes).
    Removing system_stm32f10x.o(.text.SystemCoreClockUpdate), (94 bytes).
    Removing system_stm32f10x.o(.ARM.exidx.text.SystemCoreClockUpdate), (8 bytes).
    Removing system_stm32f10x.o(.data.SystemCoreClock), (4 bytes).
    Removing system_stm32f10x.o(.rodata.AHBPrescTable), (16 bytes).
    Removing fadd.o(.text), (176 bytes).
    Removing fcmpgt.o(.text), (28 bytes).
    Removing dcmple.o(.text), (54 bytes).
    Removing dcmplt.o(.text), (54 bytes).
    Removing dcmpgt.o(.text), (54 bytes).
    Removing fflti.o(.text), (18 bytes).
    Removing dfixui.o(.text), (50 bytes).

388 unused section(s) (total 12140 bytes) removed from the image.

==============================================================================

Image Symbol Table

    Local Symbols

    Symbol Name                              Value     Ov Type        Size  Object(Section)

    ../clib/division.s                       0x00000000   Number         0  aeabi_sdiv.o ABSOLUTE
    ../clib/microlib/division.c              0x00000000   Number         0  uidiv.o ABSOLUTE
    ../clib/microlib/division.c              0x00000000   Number         0  uldiv.o ABSOLUTE
    ../clib/microlib/errno.c                 0x00000000   Number         0  errno.o ABSOLUTE
    ../clib/microlib/init/entry.s            0x00000000   Number         0  entry.o ABSOLUTE
    ../clib/microlib/init/entry.s            0x00000000   Number         0  entry2.o ABSOLUTE
    ../clib/microlib/init/entry.s            0x00000000   Number         0  entry5.o ABSOLUTE
    ../clib/microlib/init/entry.s            0x00000000   Number         0  entry7a.o ABSOLUTE
    ../clib/microlib/init/entry.s            0x00000000   Number         0  entry7b.o ABSOLUTE
    ../clib/microlib/init/entry.s            0x00000000   Number         0  entry8a.o ABSOLUTE
    ../clib/microlib/init/entry.s            0x00000000   Number         0  entry8b.o ABSOLUTE
    ../clib/microlib/init/entry.s            0x00000000   Number         0  entry9a.o ABSOLUTE
    ../clib/microlib/init/entry.s            0x00000000   Number         0  entry9b.o ABSOLUTE
    ../clib/microlib/init/entry.s            0x00000000   Number         0  entry10a.o ABSOLUTE
    ../clib/microlib/init/entry.s            0x00000000   Number         0  entry10b.o ABSOLUTE
    ../clib/microlib/init/entry.s            0x00000000   Number         0  entry11a.o ABSOLUTE
    ../clib/microlib/init/entry.s            0x00000000   Number         0  entry11b.o ABSOLUTE
    ../clib/microlib/longlong.c              0x00000000   Number         0  llshl.o ABSOLUTE
    ../clib/microlib/longlong.c              0x00000000   Number         0  llushr.o ABSOLUTE
    ../clib/microlib/longlong.c              0x00000000   Number         0  llsshr.o ABSOLUTE
    ../clib/microlib/printf/printf.c         0x00000000   Number         0  printfb.o ABSOLUTE
    ../clib/microlib/printf/printf.c         0x00000000   Number         0  printf0.o ABSOLUTE
    ../clib/microlib/printf/printf.c         0x00000000   Number         0  printf1.o ABSOLUTE
    ../clib/microlib/printf/printf.c         0x00000000   Number         0  printf2.o ABSOLUTE
    ../clib/microlib/printf/printf.c         0x00000000   Number         0  printf3.o ABSOLUTE
    ../clib/microlib/printf/printf.c         0x00000000   Number         0  printf4.o ABSOLUTE
    ../clib/microlib/printf/printf.c         0x00000000   Number         0  printf5.o ABSOLUTE
    ../clib/microlib/printf/printf.c         0x00000000   Number         0  printf6.o ABSOLUTE
    ../clib/microlib/printf/printf.c         0x00000000   Number         0  printf7.o ABSOLUTE
    ../clib/microlib/printf/printf.c         0x00000000   Number         0  printf8.o ABSOLUTE
    ../clib/microlib/printf/printf.c         0x00000000   Number         0  printfa.o ABSOLUTE
    ../clib/microlib/printf/stubs.s          0x00000000   Number         0  printfstubs.o ABSOLUTE
    ../clib/microlib/stdio/puts.c            0x00000000   Number         0  puts.o ABSOLUTE
    ../clib/microlib/stdio/puts.c            0x00000000   Number         0  puts_e.o ABSOLUTE
    ../clib/microlib/stdio/streams.c         0x00000000   Number         0  stdout.o ABSOLUTE
    ../clib/microlib/string/memset.c         0x00000000   Number         0  memseta.o ABSOLUTE
    ../clib/microlib/string/strcmp.c         0x00000000   Number         0  strcmp.o ABSOLUTE
    ../clib/microlib/stubs.s                 0x00000000   Number         0  iusefp.o ABSOLUTE
    ../fplib/microlib/d2f.c                  0x00000000   Number         0  d2f.o ABSOLUTE
    ../fplib/microlib/f2d.c                  0x00000000   Number         0  f2d.o ABSOLUTE
    ../fplib/microlib/fpadd.c                0x00000000   Number         0  fadd.o ABSOLUTE
    ../fplib/microlib/fpadd.c                0x00000000   Number         0  dadd.o ABSOLUTE
    ../fplib/microlib/fpcmp.c                0x00000000   Number         0  fcmpgt.o ABSOLUTE
    ../fplib/microlib/fpcmp.c                0x00000000   Number         0  dcmple.o ABSOLUTE
    ../fplib/microlib/fpcmp.c                0x00000000   Number         0  dcmplt.o ABSOLUTE
    ../fplib/microlib/fpcmp.c                0x00000000   Number         0  dcmpgt.o ABSOLUTE
    ../fplib/microlib/fpdiv.c                0x00000000   Number         0  fdiv.o ABSOLUTE
    ../fplib/microlib/fpdiv.c                0x00000000   Number         0  ddiv.o ABSOLUTE
    ../fplib/microlib/fpepilogue.c           0x00000000   Number         0  fepilogue.o ABSOLUTE
    ../fplib/microlib/fpepilogue.c           0x00000000   Number         0  depilogue.o ABSOLUTE
    ../fplib/microlib/fpfix.c                0x00000000   Number         0  dfixi.o ABSOLUTE
    ../fplib/microlib/fpfix.c                0x00000000   Number         0  dfixui.o ABSOLUTE
    ../fplib/microlib/fpfix.c                0x00000000   Number         0  dfixul.o ABSOLUTE
    ../fplib/microlib/fpflt.c                0x00000000   Number         0  fflti.o ABSOLUTE
    ../fplib/microlib/fpflt.c                0x00000000   Number         0  ffltui.o ABSOLUTE
    ../fplib/microlib/fpflt.c                0x00000000   Number         0  dflti.o ABSOLUTE
    ../fplib/microlib/fpflt.c                0x00000000   Number         0  dfltui.o ABSOLUTE
    ../fplib/microlib/fpmul.c                0x00000000   Number         0  fmul.o ABSOLUTE
    ../fplib/microlib/fpmul.c                0x00000000   Number         0  dmul.o ABSOLUTE
    ../fplib/microlib/fpscalb.c              0x00000000   Number         0  dscalb.o ABSOLUTE
    ../mathlib/atan.c                        0x00000000   Number         0  atan.o ABSOLUTE
    ../mathlib/atan2.c                       0x00000000   Number         0  atan2.o ABSOLUTE
    ../mathlib/dunder.c                      0x00000000   Number         0  dunder.o ABSOLUTE
    ../mathlib/fpclassify.c                  0x00000000   Number         0  fpclassify.o ABSOLUTE
    ../mathlib/poly.c                        0x00000000   Number         0  poly.o ABSOLUTE
    ../mathlib/qnan.c                        0x00000000   Number         0  qnan.o ABSOLUTE
    ADC.C                                    0x00000000   Number         0  adc.o ABSOLUTE
    EXTI.C                                   0x00000000   Number         0  exti.o ABSOLUTE
    GPIO_STM32F10x.c                         0x00000000   Number         0  gpio_stm32f10x.o ABSOLUTE
    Key.c                                    0x00000000   Number         0  key.o ABSOLUTE
    OLED.c                                   0x00000000   Number         0  oled.o ABSOLUTE
    OLED_Data.c                              0x00000000   Number         0  oled_data.o ABSOLUTE
    RTE/Device/STM32F103C8/startup_stm32f10x_md.s 0x00000000   Number         0  startup_stm32f10x_md.o ABSOLUTE
    cdcmple.s                                0x00000000   Number         0  cdcmple.o ABSOLUTE
    cdrcmple.s                               0x00000000   Number         0  cdrcmple.o ABSOLUTE
    dc.s                                     0x00000000   Number         0  dc.o ABSOLUTE
    delay.c                                  0x00000000   Number         0  delay.o ABSOLUTE
    handlers.s                               0x00000000   Number         0  handlers.o ABSOLUTE
    init.s                                   0x00000000   Number         0  init.o ABSOLUTE
    led.c                                    0x00000000   Number         0  led.o ABSOLUTE
    main.c                                   0x00000000   Number         0  main.o ABSOLUTE
    misc.c                                   0x00000000   Number         0  misc.o ABSOLUTE
    stm32f10x_adc.c                          0x00000000   Number         0  stm32f10x_adc.o ABSOLUTE
    stm32f10x_dma.c                          0x00000000   Number         0  stm32f10x_dma.o ABSOLUTE
    stm32f10x_exti.c                         0x00000000   Number         0  stm32f10x_exti.o ABSOLUTE
    stm32f10x_gpio.c                         0x00000000   Number         0  stm32f10x_gpio.o ABSOLUTE
    stm32f10x_rcc.c                          0x00000000   Number         0  stm32f10x_rcc.o ABSOLUTE
    stm32f10x_usart.c                        0x00000000   Number         0  stm32f10x_usart.o ABSOLUTE
    system_stm32f10x.c                       0x00000000   Number         0  system_stm32f10x.o ABSOLUTE
    uart.c                                   0x00000000   Number         0  uart.o ABSOLUTE
    RESET                                    0x08000000   Section      236  startup_stm32f10x_md.o(RESET)
    .ARM.Collect$$$$00000000                 0x080000ec   Section        0  entry.o(.ARM.Collect$$$$00000000)
    .ARM.Collect$$$$00000001                 0x080000ec   Section        4  entry2.o(.ARM.Collect$$$$00000001)
    .ARM.Collect$$$$00000004                 0x080000f0   Section        4  entry5.o(.ARM.Collect$$$$00000004)
    .ARM.Collect$$$$00000008                 0x080000f4   Section        0  entry7b.o(.ARM.Collect$$$$00000008)
    .ARM.Collect$$$$0000000A                 0x080000f4   Section        0  entry8b.o(.ARM.Collect$$$$0000000A)
    .ARM.Collect$$$$0000000B                 0x080000f4   Section        8  entry9a.o(.ARM.Collect$$$$0000000B)
    __lit__00000000                          0x080000fc   Data           4  entry2.o(.ARM.Collect$$$$00002712)
    .ARM.Collect$$$$0000000D                 0x080000fc   Section        0  entry10a.o(.ARM.Collect$$$$0000000D)
    .ARM.Collect$$$$0000000F                 0x080000fc   Section        0  entry11a.o(.ARM.Collect$$$$0000000F)
    .ARM.Collect$$$$00002712                 0x080000fc   Section        4  entry2.o(.ARM.Collect$$$$00002712)
    .text                                    0x08000100   Section       36  startup_stm32f10x_md.o(.text)
    .text                                    0x08000124   Section        0  memseta.o(.text)
    .text                                    0x08000148   Section        0  strcmp.o(.text)
    .text                                    0x08000164   Section        0  fmul.o(.text)
    .text                                    0x080001c8   Section        0  fdiv.o(.text)
    .text                                    0x08000244   Section        0  dadd.o(.text)
    .text                                    0x08000392   Section        0  dmul.o(.text)
    .text                                    0x08000476   Section        0  ddiv.o(.text)
    .text                                    0x08000554   Section        0  ffltui.o(.text)
    .text                                    0x0800055e   Section        0  dflti.o(.text)
    .text                                    0x08000580   Section        0  dfltui.o(.text)
    .text                                    0x0800059a   Section        0  dfixi.o(.text)
    .text                                    0x080005d8   Section        0  f2d.o(.text)
    .text                                    0x080005fe   Section        0  d2f.o(.text)
    .text                                    0x08000636   Section        0  uidiv.o(.text)
    .text                                    0x08000662   Section        0  uldiv.o(.text)
    .text                                    0x080006c4   Section        0  llshl.o(.text)
    .text                                    0x080006e2   Section        0  llushr.o(.text)
    .text                                    0x08000702   Section        0  llsshr.o(.text)
    .text                                    0x08000726   Section        0  iusefp.o(.text)
    .text                                    0x08000726   Section        0  fepilogue.o(.text)
    .text                                    0x08000794   Section        0  depilogue.o(.text)
    .text                                    0x0800084e   Section        0  dfixul.o(.text)
    .text                                    0x08000880   Section       48  cdcmple.o(.text)
    .text                                    0x080008b0   Section       48  cdrcmple.o(.text)
    .text                                    0x080008e0   Section       48  init.o(.text)
    .text                                    0x08000910   Section        0  dscalb.o(.text)
    [Anonymous Symbol]                       0x08000940   Section        0  stm32f10x_adc.o(.text.ADC_Cmd)
    [Anonymous Symbol]                       0x08000950   Section        0  stm32f10x_adc.o(.text.ADC_DMACmd)
    [Anonymous Symbol]                       0x08000964   Section        0  stm32f10x_adc.o(.text.ADC_GetCalibrationStatus)
    [Anonymous Symbol]                       0x0800096c   Section        0  stm32f10x_adc.o(.text.ADC_GetResetCalibrationStatus)
    [Anonymous Symbol]                       0x08000974   Section        0  stm32f10x_adc.o(.text.ADC_Init)
    [Anonymous Symbol]                       0x080009c8   Section        0  stm32f10x_adc.o(.text.ADC_RegularChannelConfig)
    [Anonymous Symbol]                       0x08000a28   Section        0  stm32f10x_adc.o(.text.ADC_ResetCalibration)
    [Anonymous Symbol]                       0x08000a34   Section        0  stm32f10x_adc.o(.text.ADC_SoftwareStartConvCmd)
    [Anonymous Symbol]                       0x08000a48   Section        0  stm32f10x_adc.o(.text.ADC_StartCalibration)
    [Anonymous Symbol]                       0x08000a54   Section        0  stm32f10x_adc.o(.text.ADC_TempSensorVrefintCmd)
    [Anonymous Symbol]                       0x08000a70   Section        0  stm32f10x_dma.o(.text.DMA_Cmd)
    [Anonymous Symbol]                       0x08000a88   Section        0  stm32f10x_dma.o(.text.DMA_DeInit)
    [Anonymous Symbol]                       0x08000b94   Section        0  stm32f10x_dma.o(.text.DMA_Init)
    [Anonymous Symbol]                       0x08000bdc   Section        0  exti.o(.text.EXTI0_IRQHandler)
    [Anonymous Symbol]                       0x08000c20   Section        0  exti.o(.text.EXTI1_IRQHandler)
    [Anonymous Symbol]                       0x08000c5c   Section        0  exti.o(.text.EXTI4_IRQHandler)
    [Anonymous Symbol]                       0x08000c9c   Section        0  stm32f10x_exti.o(.text.EXTI_ClearITPendingBit)
    [Anonymous Symbol]                       0x08000ca8   Section        0  stm32f10x_exti.o(.text.EXTI_GetITStatus)
    [Anonymous Symbol]                       0x08000cc8   Section        0  stm32f10x_gpio.o(.text.GPIO_Init)
    [Anonymous Symbol]                       0x08000d84   Section        0  stm32f10x_gpio.o(.text.GPIO_PinRemapConfig)
    [Anonymous Symbol]                       0x08000e04   Section        0  stm32f10x_gpio.o(.text.GPIO_SetBits)
    [Anonymous Symbol]                       0x08000e08   Section        0  stm32f10x_gpio.o(.text.GPIO_WriteBit)
    [Anonymous Symbol]                       0x08000e14   Section        0  misc.o(.text.NVIC_Init)
    [Anonymous Symbol]                       0x08000e74   Section        0  oled.o(.text.OLED_Clear)
    [Anonymous Symbol]                       0x08000e88   Section        0  oled.o(.text.OLED_ClearArea)
    [Anonymous Symbol]                       0x08000f04   Section        0  oled.o(.text.OLED_DrawArc)
    [Anonymous Symbol]                       0x08001890   Section        0  oled.o(.text.OLED_DrawLine)
    [Anonymous Symbol]                       0x08001adc   Section        0  oled.o(.text.OLED_DrawTriangle)
    [Anonymous Symbol]                       0x08001c48   Section        0  oled.o(.text.OLED_I2C_SendByte)
    [Anonymous Symbol]                       0x08001ca4   Section        0  oled.o(.text.OLED_Init)
    [Anonymous Symbol]                       0x08001d84   Section        0  oled.o(.text.OLED_Printf)
    [Anonymous Symbol]                       0x08001e04   Section        0  oled.o(.text.OLED_ShowChar)
    [Anonymous Symbol]                       0x08001e4c   Section        0  oled.o(.text.OLED_ShowChinese)
    [Anonymous Symbol]                       0x08001ef0   Section        0  oled.o(.text.OLED_ShowImage)
    [Anonymous Symbol]                       0x08002020   Section        0  oled.o(.text.OLED_ShowString)
    [Anonymous Symbol]                       0x08002090   Section        0  oled.o(.text.OLED_Update)
    [Anonymous Symbol]                       0x080020c8   Section        0  oled.o(.text.OLED_UpdateArea)
    [Anonymous Symbol]                       0x08002150   Section        0  oled.o(.text.OLED_WriteCommand)
    [Anonymous Symbol]                       0x08002204   Section        0  oled.o(.text.OLED_WriteData)
    [Anonymous Symbol]                       0x08002288   Section        0  stm32f10x_rcc.o(.text.RCC_ADCCLKConfig)
    [Anonymous Symbol]                       0x0800229c   Section        0  stm32f10x_rcc.o(.text.RCC_AHBPeriphClockCmd)
    [Anonymous Symbol]                       0x080022b4   Section        0  stm32f10x_rcc.o(.text.RCC_APB2PeriphClockCmd)
    [Anonymous Symbol]                       0x080022cc   Section        0  stm32f10x_rcc.o(.text.RCC_GetClocksFreq)
    [Anonymous Symbol]                       0x08002358   Section        0  uart.o(.text.Send_String)
    [Anonymous Symbol]                       0x0800238c   Section        0  system_stm32f10x.o(.text.SystemInit)
    [Anonymous Symbol]                       0x08002498   Section        0  uart.o(.text.USART1_IRQHandler)
    [Anonymous Symbol]                       0x08002508   Section        0  stm32f10x_usart.o(.text.USART_ClearITPendingBit)
    [Anonymous Symbol]                       0x08002518   Section        0  stm32f10x_usart.o(.text.USART_Cmd)
    [Anonymous Symbol]                       0x0800252c   Section        0  stm32f10x_usart.o(.text.USART_GetFlagStatus)
    [Anonymous Symbol]                       0x08002538   Section        0  stm32f10x_usart.o(.text.USART_GetITStatus)
    [Anonymous Symbol]                       0x0800256c   Section        0  stm32f10x_usart.o(.text.USART_ITConfig)
    [Anonymous Symbol]                       0x0800259c   Section        0  stm32f10x_usart.o(.text.USART_Init)
    [Anonymous Symbol]                       0x08002654   Section        0  stm32f10x_usart.o(.text.USART_ReceiveData)
    [Anonymous Symbol]                       0x0800265c   Section        0  stm32f10x_usart.o(.text.USART_SendData)
    [Anonymous Symbol]                       0x08002664   Section        0  uart.o(.text.Uart_Init)
    [Anonymous Symbol]                       0x080026f4   Section        0  adc.o(.text.adc_init)
    [Anonymous Symbol]                       0x08002818   Section        0  delay.o(.text.delay)
    [Anonymous Symbol]                       0x0800281c   Section        0  uart.o(.text.fputc)
    [Anonymous Symbol]                       0x08002840   Section        0  adc.o(.text.get_adc1_result)
    [Anonymous Symbol]                       0x08002850   Section        0  led.o(.text.led_init)
    [Anonymous Symbol]                       0x080028c0   Section        0  main.o(.text.main)
    i.__0printf                              0x08002d10   Section        0  printfa.o(i.__0printf)
    i.__0vsprintf                            0x08002d30   Section        0  printfa.o(i.__0vsprintf)
    i.__ARM_fpclassify                       0x08002d54   Section        0  fpclassify.o(i.__ARM_fpclassify)
    i.__kernel_poly                          0x08002d7c   Section        0  poly.o(i.__kernel_poly)
    i.__mathlib_dbl_infnan                   0x08002e26   Section        0  dunder.o(i.__mathlib_dbl_infnan)
    i.__mathlib_dbl_infnan2                  0x08002e2c   Section        0  dunder.o(i.__mathlib_dbl_infnan2)
    i.__mathlib_dbl_underflow                0x08002e30   Section        0  dunder.o(i.__mathlib_dbl_underflow)
    i.__scatterload_copy                     0x08002e40   Section       14  handlers.o(i.__scatterload_copy)
    i.__scatterload_null                     0x08002e4e   Section        2  handlers.o(i.__scatterload_null)
    i.__scatterload_zeroinit                 0x08002e50   Section       14  handlers.o(i.__scatterload_zeroinit)
    i.__set_errno                            0x08002e60   Section        0  errno.o(i.__set_errno)
    _fp_digits                               0x08002e6d   Thumb Code   366  printfa.o(i._fp_digits)
    i._fp_digits                             0x08002e6c   Section        0  printfa.o(i._fp_digits)
    _printf_core                             0x08002ff1   Thumb Code  1744  printfa.o(i._printf_core)
    i._printf_core                           0x08002ff0   Section        0  printfa.o(i._printf_core)
    _printf_post_padding                     0x080036cd   Thumb Code    36  printfa.o(i._printf_post_padding)
    i._printf_post_padding                   0x080036cc   Section        0  printfa.o(i._printf_post_padding)
    _printf_pre_padding                      0x080036f1   Thumb Code    46  printfa.o(i._printf_pre_padding)
    i._printf_pre_padding                    0x080036f0   Section        0  printfa.o(i._printf_pre_padding)
    _sputc                                   0x0800371f   Thumb Code    10  printfa.o(i._sputc)
    i._sputc                                 0x0800371e   Section        0  printfa.o(i._sputc)
    i.atan                                   0x08003728   Section        0  atan.o(i.atan)
    i.atan2                                  0x08003948   Section        0  atan2.o(i.atan2)
    i.puts                                   0x08003ae4   Section        0  puts.o(i.puts)
    atanhi                                   0x08003b08   Data          32  atan.o(.constdata)
    .constdata                               0x08003b08   Section      152  atan.o(.constdata)
    atanlo                                   0x08003b28   Data          32  atan.o(.constdata)
    aTodd                                    0x08003b48   Data          40  atan.o(.constdata)
    aTeven                                   0x08003b70   Data          48  atan.o(.constdata)
    .constdata                               0x08003ba0   Section        8  qnan.o(.constdata)
    ADCPrescTable                            0x08003ba8   Data           4  stm32f10x_rcc.o(.rodata.ADCPrescTable)
    [Anonymous Symbol]                       0x08003ba8   Section        0  stm32f10x_rcc.o(.rodata.ADCPrescTable)
    APBAHBPrescTable                         0x08003bac   Data          16  stm32f10x_rcc.o(.rodata.APBAHBPrescTable)
    [Anonymous Symbol]                       0x08003bac   Section        0  stm32f10x_rcc.o(.rodata.APBAHBPrescTable)
    .L.str.6                                 0x08004674   Data          21  main.o(.rodata.str1.1)
    [Anonymous Symbol]                       0x08004674   Section        0  main.o(.rodata.str1.1)
    .L.str.8                                 0x08004689   Data          21  main.o(.rodata.str1.1)
    .L.str.5                                 0x0800469e   Data          18  main.o(.rodata.str1.1)
    .L.str.7                                 0x080046b0   Data          15  main.o(.rodata.str1.1)
    .L.str.10                                0x080046bf   Data          16  main.o(.rodata.str1.1)
    .L.str.12                                0x080046cf   Data          16  main.o(.rodata.str1.1)
    .L.str.11                                0x080046df   Data          16  main.o(.rodata.str1.1)
    .L.str.9                                 0x080046ef   Data          16  main.o(.rodata.str1.1)
    .data                                    0x20000000   Section        4  stdout.o(.data)
    _errno                                   0x20000004   Data           4  errno.o(.data)
    .data                                    0x20000004   Section        4  errno.o(.data)
    STACK                                    0x20000410   Section     1024  startup_stm32f10x_md.o(STACK)

    Global Symbols

    Symbol Name                              Value     Ov Type        Size  Object(Section)

    BuildAttributes$$THM_ISAv4$P$D$K$B$S$PE$A:L22UL41UL21$X:L11$S22US41US21$IEEE1$IW$~IW$USESV6$~STKCKD$USESV7$~SHL$OTIME$ROPI$IEEEX$EBA8$MICROLIB$REQ8$PRES8$EABIv2 0x00000000   Number         0  anon$$obj.o ABSOLUTE
    _printf_a                                0x00000000   Number         0  printfstubs.o ABSOLUTE
    _printf_c                                0x00000000   Number         0  printfstubs.o ABSOLUTE
    _printf_charcount                        0x00000000   Number         0  printfstubs.o ABSOLUTE
    _printf_d                                0x00000000   Number         0  printfstubs.o ABSOLUTE
    _printf_e                                0x00000000   Number         0  printfstubs.o ABSOLUTE
    _printf_f                                0x00000000   Number         0  printfstubs.o ABSOLUTE
    _printf_flags                            0x00000000   Number         0  printfstubs.o ABSOLUTE
    _printf_fp_dec                           0x00000000   Number         0  printfstubs.o ABSOLUTE
    _printf_fp_hex                           0x00000000   Number         0  printfstubs.o ABSOLUTE
    _printf_g                                0x00000000   Number         0  printfstubs.o ABSOLUTE
    _printf_i                                0x00000000   Number         0  printfstubs.o ABSOLUTE
    _printf_int_dec                          0x00000000   Number         0  printfstubs.o ABSOLUTE
    _printf_l                                0x00000000   Number         0  printfstubs.o ABSOLUTE
    _printf_lc                               0x00000000   Number         0  printfstubs.o ABSOLUTE
    _printf_ll                               0x00000000   Number         0  printfstubs.o ABSOLUTE
    _printf_lld                              0x00000000   Number         0  printfstubs.o ABSOLUTE
    _printf_lli                              0x00000000   Number         0  printfstubs.o ABSOLUTE
    _printf_llo                              0x00000000   Number         0  printfstubs.o ABSOLUTE
    _printf_llu                              0x00000000   Number         0  printfstubs.o ABSOLUTE
    _printf_llx                              0x00000000   Number         0  printfstubs.o ABSOLUTE
    _printf_longlong_dec                     0x00000000   Number         0  printfstubs.o ABSOLUTE
    _printf_longlong_hex                     0x00000000   Number         0  printfstubs.o ABSOLUTE
    _printf_longlong_oct                     0x00000000   Number         0  printfstubs.o ABSOLUTE
    _printf_ls                               0x00000000   Number         0  printfstubs.o ABSOLUTE
    _printf_mbtowc                           0x00000000   Number         0  printfstubs.o ABSOLUTE
    _printf_n                                0x00000000   Number         0  printfstubs.o ABSOLUTE
    _printf_o                                0x00000000   Number         0  printfstubs.o ABSOLUTE
    _printf_p                                0x00000000   Number         0  printfstubs.o ABSOLUTE
    _printf_percent                          0x00000000   Number         0  printfstubs.o ABSOLUTE
    _printf_pre_padding                      0x00000000   Number         0  printfstubs.o ABSOLUTE
    _printf_return_value                     0x00000000   Number         0  printfstubs.o ABSOLUTE
    _printf_s                                0x00000000   Number         0  printfstubs.o ABSOLUTE
    _printf_sizespec                         0x00000000   Number         0  printfstubs.o ABSOLUTE
    _printf_str                              0x00000000   Number         0  printfstubs.o ABSOLUTE
    _printf_truncate_signed                  0x00000000   Number         0  printfstubs.o ABSOLUTE
    _printf_truncate_unsigned                0x00000000   Number         0  printfstubs.o ABSOLUTE
    _printf_u                                0x00000000   Number         0  printfstubs.o ABSOLUTE
    _printf_wc                               0x00000000   Number         0  printfstubs.o ABSOLUTE
    _printf_wctomb                           0x00000000   Number         0  printfstubs.o ABSOLUTE
    _printf_widthprec                        0x00000000   Number         0  printfstubs.o ABSOLUTE
    _printf_x                                0x00000000   Number         0  printfstubs.o ABSOLUTE
    __cpp_initialize__aeabi_                  - Undefined Weak Reference
    __cxa_finalize                            - Undefined Weak Reference
    __decompress                              - Undefined Weak Reference
    _clock_init                               - Undefined Weak Reference
    _microlib_exit                            - Undefined Weak Reference
    __Vectors_Size                           0x000000ec   Number         0  startup_stm32f10x_md.o ABSOLUTE
    __Vectors                                0x08000000   Data           4  startup_stm32f10x_md.o(RESET)
    __Vectors_End                            0x080000ec   Data           0  startup_stm32f10x_md.o(RESET)
    __main                                   0x080000ed   Thumb Code     0  entry.o(.ARM.Collect$$$$00000000)
    _main_stk                                0x080000ed   Thumb Code     0  entry2.o(.ARM.Collect$$$$00000001)
    _main_scatterload                        0x080000f1   Thumb Code     0  entry5.o(.ARM.Collect$$$$00000004)
    __main_after_scatterload                 0x080000f5   Thumb Code     0  entry5.o(.ARM.Collect$$$$00000004)
    _main_clock                              0x080000f5   Thumb Code     0  entry7b.o(.ARM.Collect$$$$00000008)
    _main_cpp_init                           0x080000f5   Thumb Code     0  entry8b.o(.ARM.Collect$$$$0000000A)
    _main_init                               0x080000f5   Thumb Code     0  entry9a.o(.ARM.Collect$$$$0000000B)
    __rt_final_cpp                           0x080000fd   Thumb Code     0  entry10a.o(.ARM.Collect$$$$0000000D)
    __rt_final_exit                          0x080000fd   Thumb Code     0  entry11a.o(.ARM.Collect$$$$0000000F)
    Reset_Handler                            0x08000101   Thumb Code     8  startup_stm32f10x_md.o(.text)
    NMI_Handler                              0x08000109   Thumb Code     2  startup_stm32f10x_md.o(.text)
    HardFault_Handler                        0x0800010b   Thumb Code     2  startup_stm32f10x_md.o(.text)
    MemManage_Handler                        0x0800010d   Thumb Code     2  startup_stm32f10x_md.o(.text)
    BusFault_Handler                         0x0800010f   Thumb Code     2  startup_stm32f10x_md.o(.text)
    UsageFault_Handler                       0x08000111   Thumb Code     2  startup_stm32f10x_md.o(.text)
    SVC_Handler                              0x08000113   Thumb Code     2  startup_stm32f10x_md.o(.text)
    DebugMon_Handler                         0x08000115   Thumb Code     2  startup_stm32f10x_md.o(.text)
    PendSV_Handler                           0x08000117   Thumb Code     2  startup_stm32f10x_md.o(.text)
    SysTick_Handler                          0x08000119   Thumb Code     2  startup_stm32f10x_md.o(.text)
    ADC1_2_IRQHandler                        0x0800011b   Thumb Code     0  startup_stm32f10x_md.o(.text)
    CAN1_RX1_IRQHandler                      0x0800011b   Thumb Code     0  startup_stm32f10x_md.o(.text)
    CAN1_SCE_IRQHandler                      0x0800011b   Thumb Code     0  startup_stm32f10x_md.o(.text)
    DMA1_Channel1_IRQHandler                 0x0800011b   Thumb Code     0  startup_stm32f10x_md.o(.text)
    DMA1_Channel2_IRQHandler                 0x0800011b   Thumb Code     0  startup_stm32f10x_md.o(.text)
    DMA1_Channel3_IRQHandler                 0x0800011b   Thumb Code     0  startup_stm32f10x_md.o(.text)
    DMA1_Channel4_IRQHandler                 0x0800011b   Thumb Code     0  startup_stm32f10x_md.o(.text)
    DMA1_Channel5_IRQHandler                 0x0800011b   Thumb Code     0  startup_stm32f10x_md.o(.text)
    DMA1_Channel6_IRQHandler                 0x0800011b   Thumb Code     0  startup_stm32f10x_md.o(.text)
    DMA1_Channel7_IRQHandler                 0x0800011b   Thumb Code     0  startup_stm32f10x_md.o(.text)
    EXTI15_10_IRQHandler                     0x0800011b   Thumb Code     0  startup_stm32f10x_md.o(.text)
    EXTI2_IRQHandler                         0x0800011b   Thumb Code     0  startup_stm32f10x_md.o(.text)
    EXTI3_IRQHandler                         0x0800011b   Thumb Code     0  startup_stm32f10x_md.o(.text)
    EXTI9_5_IRQHandler                       0x0800011b   Thumb Code     0  startup_stm32f10x_md.o(.text)
    FLASH_IRQHandler                         0x0800011b   Thumb Code     0  startup_stm32f10x_md.o(.text)
    I2C1_ER_IRQHandler                       0x0800011b   Thumb Code     0  startup_stm32f10x_md.o(.text)
    I2C1_EV_IRQHandler                       0x0800011b   Thumb Code     0  startup_stm32f10x_md.o(.text)
    I2C2_ER_IRQHandler                       0x0800011b   Thumb Code     0  startup_stm32f10x_md.o(.text)
    I2C2_EV_IRQHandler                       0x0800011b   Thumb Code     0  startup_stm32f10x_md.o(.text)
    PVD_IRQHandler                           0x0800011b   Thumb Code     0  startup_stm32f10x_md.o(.text)
    RCC_IRQHandler                           0x0800011b   Thumb Code     0  startup_stm32f10x_md.o(.text)
    RTCAlarm_IRQHandler                      0x0800011b   Thumb Code     0  startup_stm32f10x_md.o(.text)
    RTC_IRQHandler                           0x0800011b   Thumb Code     0  startup_stm32f10x_md.o(.text)
    SPI1_IRQHandler                          0x0800011b   Thumb Code     0  startup_stm32f10x_md.o(.text)
    SPI2_IRQHandler                          0x0800011b   Thumb Code     0  startup_stm32f10x_md.o(.text)
    TAMPER_IRQHandler                        0x0800011b   Thumb Code     0  startup_stm32f10x_md.o(.text)
    TIM1_BRK_IRQHandler                      0x0800011b   Thumb Code     0  startup_stm32f10x_md.o(.text)
    TIM1_CC_IRQHandler                       0x0800011b   Thumb Code     0  startup_stm32f10x_md.o(.text)
    TIM1_TRG_COM_IRQHandler                  0x0800011b   Thumb Code     0  startup_stm32f10x_md.o(.text)
    TIM1_UP_IRQHandler                       0x0800011b   Thumb Code     0  startup_stm32f10x_md.o(.text)
    TIM2_IRQHandler                          0x0800011b   Thumb Code     0  startup_stm32f10x_md.o(.text)
    TIM3_IRQHandler                          0x0800011b   Thumb Code     0  startup_stm32f10x_md.o(.text)
    TIM4_IRQHandler                          0x0800011b   Thumb Code     0  startup_stm32f10x_md.o(.text)
    USART2_IRQHandler                        0x0800011b   Thumb Code     0  startup_stm32f10x_md.o(.text)
    USART3_IRQHandler                        0x0800011b   Thumb Code     0  startup_stm32f10x_md.o(.text)
    USBWakeUp_IRQHandler                     0x0800011b   Thumb Code     0  startup_stm32f10x_md.o(.text)
    USB_HP_CAN1_TX_IRQHandler                0x0800011b   Thumb Code     0  startup_stm32f10x_md.o(.text)
    USB_LP_CAN1_RX0_IRQHandler               0x0800011b   Thumb Code     0  startup_stm32f10x_md.o(.text)
    WWDG_IRQHandler                          0x0800011b   Thumb Code     0  startup_stm32f10x_md.o(.text)
    __aeabi_memset                           0x08000125   Thumb Code    14  memseta.o(.text)
    __aeabi_memset4                          0x08000125   Thumb Code     0  memseta.o(.text)
    __aeabi_memset8                          0x08000125   Thumb Code     0  memseta.o(.text)
    __aeabi_memclr                           0x08000133   Thumb Code     4  memseta.o(.text)
    __aeabi_memclr4                          0x08000133   Thumb Code     0  memseta.o(.text)
    __aeabi_memclr8                          0x08000133   Thumb Code     0  memseta.o(.text)
    _memset$wrapper                          0x08000137   Thumb Code    18  memseta.o(.text)
    strcmp                                   0x08000149   Thumb Code    28  strcmp.o(.text)
    __aeabi_fmul                             0x08000165   Thumb Code   100  fmul.o(.text)
    __aeabi_fdiv                             0x080001c9   Thumb Code   124  fdiv.o(.text)
    __aeabi_dadd                             0x08000245   Thumb Code   322  dadd.o(.text)
    __aeabi_dsub                             0x08000387   Thumb Code     6  dadd.o(.text)
    __aeabi_drsub                            0x0800038d   Thumb Code     6  dadd.o(.text)
    __aeabi_dmul                             0x08000393   Thumb Code   228  dmul.o(.text)
    __aeabi_ddiv                             0x08000477   Thumb Code   222  ddiv.o(.text)
    __aeabi_ui2f                             0x08000555   Thumb Code    10  ffltui.o(.text)
    __aeabi_i2d                              0x0800055f   Thumb Code    34  dflti.o(.text)
    __aeabi_ui2d                             0x08000581   Thumb Code    26  dfltui.o(.text)
    __aeabi_d2iz                             0x0800059b   Thumb Code    62  dfixi.o(.text)
    __aeabi_f2d                              0x080005d9   Thumb Code    38  f2d.o(.text)
    __aeabi_d2f                              0x080005ff   Thumb Code    56  d2f.o(.text)
    __aeabi_uidiv                            0x08000637   Thumb Code     0  uidiv.o(.text)
    __aeabi_uidivmod                         0x08000637   Thumb Code    44  uidiv.o(.text)
    __aeabi_uldivmod                         0x08000663   Thumb Code    98  uldiv.o(.text)
    __aeabi_llsl                             0x080006c5   Thumb Code    30  llshl.o(.text)
    _ll_shift_l                              0x080006c5   Thumb Code     0  llshl.o(.text)
    __aeabi_llsr                             0x080006e3   Thumb Code    32  llushr.o(.text)
    _ll_ushift_r                             0x080006e3   Thumb Code     0  llushr.o(.text)
    __aeabi_lasr                             0x08000703   Thumb Code    36  llsshr.o(.text)
    _ll_sshift_r                             0x08000703   Thumb Code     0  llsshr.o(.text)
    __I$use$fp                               0x08000727   Thumb Code     0  iusefp.o(.text)
    _float_round                             0x08000727   Thumb Code    18  fepilogue.o(.text)
    _float_epilogue                          0x08000739   Thumb Code    92  fepilogue.o(.text)
    _double_round                            0x08000795   Thumb Code    30  depilogue.o(.text)
    _double_epilogue                         0x080007b3   Thumb Code   156  depilogue.o(.text)
    __aeabi_d2ulz                            0x0800084f   Thumb Code    48  dfixul.o(.text)
    __aeabi_cdcmpeq                          0x08000881   Thumb Code     0  cdcmple.o(.text)
    __aeabi_cdcmple                          0x08000881   Thumb Code    48  cdcmple.o(.text)
    __aeabi_cdrcmple                         0x080008b1   Thumb Code    48  cdrcmple.o(.text)
    __scatterload                            0x080008e1   Thumb Code    38  init.o(.text)
    __scatterload_rt2                        0x080008e1   Thumb Code     0  init.o(.text)
    __ARM_scalbn                             0x08000911   Thumb Code    46  dscalb.o(.text)
    scalbn                                   0x08000911   Thumb Code     0  dscalb.o(.text)
    ADC_Cmd                                  0x08000941   Thumb Code    16  stm32f10x_adc.o(.text.ADC_Cmd)
    ADC_DMACmd                               0x08000951   Thumb Code    18  stm32f10x_adc.o(.text.ADC_DMACmd)
    ADC_GetCalibrationStatus                 0x08000965   Thumb Code     8  stm32f10x_adc.o(.text.ADC_GetCalibrationStatus)
    ADC_GetResetCalibrationStatus            0x0800096d   Thumb Code     8  stm32f10x_adc.o(.text.ADC_GetResetCalibrationStatus)
    ADC_Init                                 0x08000975   Thumb Code    82  stm32f10x_adc.o(.text.ADC_Init)
    ADC_RegularChannelConfig                 0x080009c9   Thumb Code    96  stm32f10x_adc.o(.text.ADC_RegularChannelConfig)
    ADC_ResetCalibration                     0x08000a29   Thumb Code    10  stm32f10x_adc.o(.text.ADC_ResetCalibration)
    ADC_SoftwareStartConvCmd                 0x08000a35   Thumb Code    18  stm32f10x_adc.o(.text.ADC_SoftwareStartConvCmd)
    ADC_StartCalibration                     0x08000a49   Thumb Code    10  stm32f10x_adc.o(.text.ADC_StartCalibration)
    ADC_TempSensorVrefintCmd                 0x08000a55   Thumb Code    26  stm32f10x_adc.o(.text.ADC_TempSensorVrefintCmd)
    DMA_Cmd                                  0x08000a71   Thumb Code    22  stm32f10x_dma.o(.text.DMA_Cmd)
    DMA_DeInit                               0x08000a89   Thumb Code   268  stm32f10x_dma.o(.text.DMA_DeInit)
    DMA_Init                                 0x08000b95   Thumb Code    72  stm32f10x_dma.o(.text.DMA_Init)
    EXTI0_IRQHandler                         0x08000bdd   Thumb Code    66  exti.o(.text.EXTI0_IRQHandler)
    EXTI1_IRQHandler                         0x08000c21   Thumb Code    60  exti.o(.text.EXTI1_IRQHandler)
    EXTI4_IRQHandler                         0x08000c5d   Thumb Code    64  exti.o(.text.EXTI4_IRQHandler)
    EXTI_ClearITPendingBit                   0x08000c9d   Thumb Code    12  stm32f10x_exti.o(.text.EXTI_ClearITPendingBit)
    EXTI_GetITStatus                         0x08000ca9   Thumb Code    30  stm32f10x_exti.o(.text.EXTI_GetITStatus)
    GPIO_Init                                0x08000cc9   Thumb Code   188  stm32f10x_gpio.o(.text.GPIO_Init)
    GPIO_PinRemapConfig                      0x08000d85   Thumb Code   128  stm32f10x_gpio.o(.text.GPIO_PinRemapConfig)
    GPIO_SetBits                             0x08000e05   Thumb Code     4  stm32f10x_gpio.o(.text.GPIO_SetBits)
    GPIO_WriteBit                            0x08000e09   Thumb Code    12  stm32f10x_gpio.o(.text.GPIO_WriteBit)
    NVIC_Init                                0x08000e15   Thumb Code    94  misc.o(.text.NVIC_Init)
    OLED_Clear                               0x08000e75   Thumb Code    20  oled.o(.text.OLED_Clear)
    OLED_ClearArea                           0x08000e89   Thumb Code   124  oled.o(.text.OLED_ClearArea)
    OLED_DrawArc                             0x08000f05   Thumb Code  2442  oled.o(.text.OLED_DrawArc)
    OLED_DrawLine                            0x08001891   Thumb Code   586  oled.o(.text.OLED_DrawLine)
    OLED_DrawTriangle                        0x08001add   Thumb Code   362  oled.o(.text.OLED_DrawTriangle)
    OLED_I2C_SendByte                        0x08001c49   Thumb Code    92  oled.o(.text.OLED_I2C_SendByte)
    OLED_Init                                0x08001ca5   Thumb Code   222  oled.o(.text.OLED_Init)
    OLED_Printf                              0x08001d85   Thumb Code   128  oled.o(.text.OLED_Printf)
    OLED_ShowChar                            0x08001e05   Thumb Code    70  oled.o(.text.OLED_ShowChar)
    OLED_ShowChinese                         0x08001e4d   Thumb Code   164  oled.o(.text.OLED_ShowChinese)
    OLED_ShowImage                           0x08001ef1   Thumb Code   304  oled.o(.text.OLED_ShowImage)
    OLED_ShowString                          0x08002021   Thumb Code   112  oled.o(.text.OLED_ShowString)
    OLED_Update                              0x08002091   Thumb Code    54  oled.o(.text.OLED_Update)
    OLED_UpdateArea                          0x080020c9   Thumb Code   136  oled.o(.text.OLED_UpdateArea)
    OLED_WriteCommand                        0x08002151   Thumb Code   178  oled.o(.text.OLED_WriteCommand)
    OLED_WriteData                           0x08002205   Thumb Code   132  oled.o(.text.OLED_WriteData)
    RCC_ADCCLKConfig                         0x08002289   Thumb Code    20  stm32f10x_rcc.o(.text.RCC_ADCCLKConfig)
    RCC_AHBPeriphClockCmd                    0x0800229d   Thumb Code    24  stm32f10x_rcc.o(.text.RCC_AHBPeriphClockCmd)
    RCC_APB2PeriphClockCmd                   0x080022b5   Thumb Code    24  stm32f10x_rcc.o(.text.RCC_APB2PeriphClockCmd)
    RCC_GetClocksFreq                        0x080022cd   Thumb Code   140  stm32f10x_rcc.o(.text.RCC_GetClocksFreq)
    Send_String                              0x08002359   Thumb Code    50  uart.o(.text.Send_String)
    SystemInit                               0x0800238d   Thumb Code   268  system_stm32f10x.o(.text.SystemInit)
    USART1_IRQHandler                        0x08002499   Thumb Code   110  uart.o(.text.USART1_IRQHandler)
    USART_ClearITPendingBit                  0x08002509   Thumb Code    14  stm32f10x_usart.o(.text.USART_ClearITPendingBit)
    USART_Cmd                                0x08002519   Thumb Code    20  stm32f10x_usart.o(.text.USART_Cmd)
    USART_GetFlagStatus                      0x0800252d   Thumb Code    10  stm32f10x_usart.o(.text.USART_GetFlagStatus)
    USART_GetITStatus                        0x08002539   Thumb Code    50  stm32f10x_usart.o(.text.USART_GetITStatus)
    USART_ITConfig                           0x0800256d   Thumb Code    46  stm32f10x_usart.o(.text.USART_ITConfig)
    USART_Init                               0x0800259d   Thumb Code   182  stm32f10x_usart.o(.text.USART_Init)
    USART_ReceiveData                        0x08002655   Thumb Code     8  stm32f10x_usart.o(.text.USART_ReceiveData)
    USART_SendData                           0x0800265d   Thumb Code     8  stm32f10x_usart.o(.text.USART_SendData)
    Uart_Init                                0x08002665   Thumb Code   142  uart.o(.text.Uart_Init)
    adc_init                                 0x080026f5   Thumb Code   292  adc.o(.text.adc_init)
    delay                                    0x08002819   Thumb Code     2  delay.o(.text.delay)
    fputc                                    0x0800281d   Thumb Code    36  uart.o(.text.fputc)
    get_adc1_result                          0x08002841   Thumb Code    14  adc.o(.text.get_adc1_result)
    led_init                                 0x08002851   Thumb Code   110  led.o(.text.led_init)
    main                                     0x080028c1   Thumb Code  1048  main.o(.text.main)
    __0printf                                0x08002d11   Thumb Code    22  printfa.o(i.__0printf)
    __1printf                                0x08002d11   Thumb Code     0  printfa.o(i.__0printf)
    __2printf                                0x08002d11   Thumb Code     0  printfa.o(i.__0printf)
    __c89printf                              0x08002d11   Thumb Code     0  printfa.o(i.__0printf)
    printf                                   0x08002d11   Thumb Code     0  printfa.o(i.__0printf)
    __0vsprintf                              0x08002d31   Thumb Code    30  printfa.o(i.__0vsprintf)
    __1vsprintf                              0x08002d31   Thumb Code     0  printfa.o(i.__0vsprintf)
    __2vsprintf                              0x08002d31   Thumb Code     0  printfa.o(i.__0vsprintf)
    __c89vsprintf                            0x08002d31   Thumb Code     0  printfa.o(i.__0vsprintf)
    vsprintf                                 0x08002d31   Thumb Code     0  printfa.o(i.__0vsprintf)
    __ARM_fpclassify                         0x08002d55   Thumb Code    40  fpclassify.o(i.__ARM_fpclassify)
    __kernel_poly                            0x08002d7d   Thumb Code   170  poly.o(i.__kernel_poly)
    __mathlib_dbl_infnan                     0x08002e27   Thumb Code     6  dunder.o(i.__mathlib_dbl_infnan)
    __mathlib_dbl_infnan2                    0x08002e2d   Thumb Code     4  dunder.o(i.__mathlib_dbl_infnan2)
    __mathlib_dbl_underflow                  0x08002e31   Thumb Code    10  dunder.o(i.__mathlib_dbl_underflow)
    __scatterload_copy                       0x08002e41   Thumb Code    14  handlers.o(i.__scatterload_copy)
    __scatterload_null                       0x08002e4f   Thumb Code     2  handlers.o(i.__scatterload_null)
    __scatterload_zeroinit                   0x08002e51   Thumb Code    14  handlers.o(i.__scatterload_zeroinit)
    __set_errno                              0x08002e61   Thumb Code     6  errno.o(i.__set_errno)
    atan                                     0x08003729   Thumb Code   474  atan.o(i.atan)
    atan2                                    0x08003949   Thumb Code   374  atan2.o(i.atan2)
    puts                                     0x08003ae5   Thumb Code    30  puts.o(i.puts)
    __mathlib_zero                           0x08003ba0   Data           8  qnan.o(.constdata)
    Celsius                                  0x08003bbc   Data           6  oled_data.o(.rodata.Celsius)
    OLED_CF16x16                             0x08003bc2   Data         648  oled_data.o(.rodata.OLED_CF16x16)
    OLED_F6x8                                0x08003e4a   Data         570  oled_data.o(.rodata.OLED_F6x8)
    OLED_F8x16                               0x08004084   Data        1520  oled_data.o(.rodata.OLED_F8x16)
    Region$$Table$$Base                      0x08004700   Number         0  anon$$obj.o(Region$$Table)
    Region$$Table$$Limit                     0x08004720   Number         0  anon$$obj.o(Region$$Table)
    __stdout                                 0x20000000   Data           4  stdout.o(.data)
    OLED_DisplayBuf                          0x20000008   Data        1024  oled.o(.bss.OLED_DisplayBuf)
    ad_result                                0x20000408   Data           8  adc.o(.bss.ad_result)
    __initial_sp                             0x20000810   Data           0  startup_stm32f10x_md.o(STACK)



==============================================================================

Memory Map of the image

  Image Entry point : 0x080000ed

  Load Region LR_IROM1 (Base: 0x08000000, Size: 0x00004728, Max: 0x00010000, ABSOLUTE)

    Execution Region ER_IROM1 (Exec base: 0x08000000, Load base: 0x08000000, Size: 0x00004720, Max: 0x00010000, ABSOLUTE)

    Exec Addr    Load Addr    Size         Type   Attr      Idx    E Section Name        Object

    0x08000000   0x08000000   0x000000ec   Data   RO          557    RESET               startup_stm32f10x_md.o
    0x080000ec   0x080000ec   0x00000000   Code   RO          582  * .ARM.Collect$$$$00000000  mc_w.l(entry.o)
    0x080000ec   0x080000ec   0x00000004   Code   RO          910    .ARM.Collect$$$$00000001  mc_w.l(entry2.o)
    0x080000f0   0x080000f0   0x00000004   Code   RO          913    .ARM.Collect$$$$00000004  mc_w.l(entry5.o)
    0x080000f4   0x080000f4   0x00000000   Code   RO          915    .ARM.Collect$$$$00000008  mc_w.l(entry7b.o)
    0x080000f4   0x080000f4   0x00000000   Code   RO          917    .ARM.Collect$$$$0000000A  mc_w.l(entry8b.o)
    0x080000f4   0x080000f4   0x00000008   Code   RO          918    .ARM.Collect$$$$0000000B  mc_w.l(entry9a.o)
    0x080000fc   0x080000fc   0x00000000   Code   RO          920    .ARM.Collect$$$$0000000D  mc_w.l(entry10a.o)
    0x080000fc   0x080000fc   0x00000000   Code   RO          922    .ARM.Collect$$$$0000000F  mc_w.l(entry11a.o)
    0x080000fc   0x080000fc   0x00000004   Code   RO          911    .ARM.Collect$$$$00002712  mc_w.l(entry2.o)
    0x08000100   0x08000100   0x00000024   Code   RO          558    .text               startup_stm32f10x_md.o
    0x08000124   0x08000124   0x00000024   Code   RO          589    .text               mc_w.l(memseta.o)
    0x08000148   0x08000148   0x0000001c   Code   RO          591    .text               mc_w.l(strcmp.o)
    0x08000164   0x08000164   0x00000064   Code   RO          856    .text               mf_w.l(fmul.o)
    0x080001c8   0x080001c8   0x0000007c   Code   RO          858    .text               mf_w.l(fdiv.o)
    0x08000244   0x08000244   0x0000014e   Code   RO          860    .text               mf_w.l(dadd.o)
    0x08000392   0x08000392   0x000000e4   Code   RO          862    .text               mf_w.l(dmul.o)
    0x08000476   0x08000476   0x000000de   Code   RO          864    .text               mf_w.l(ddiv.o)
    0x08000554   0x08000554   0x0000000a   Code   RO          876    .text               mf_w.l(ffltui.o)
    0x0800055e   0x0800055e   0x00000022   Code   RO          878    .text               mf_w.l(dflti.o)
    0x08000580   0x08000580   0x0000001a   Code   RO          880    .text               mf_w.l(dfltui.o)
    0x0800059a   0x0800059a   0x0000003e   Code   RO          882    .text               mf_w.l(dfixi.o)
    0x080005d8   0x080005d8   0x00000026   Code   RO          886    .text               mf_w.l(f2d.o)
    0x080005fe   0x080005fe   0x00000038   Code   RO          888    .text               mf_w.l(d2f.o)
    0x08000636   0x08000636   0x0000002c   Code   RO          934    .text               mc_w.l(uidiv.o)
    0x08000662   0x08000662   0x00000062   Code   RO          936    .text               mc_w.l(uldiv.o)
    0x080006c4   0x080006c4   0x0000001e   Code   RO          938    .text               mc_w.l(llshl.o)
    0x080006e2   0x080006e2   0x00000020   Code   RO          940    .text               mc_w.l(llushr.o)
    0x08000702   0x08000702   0x00000024   Code   RO          942    .text               mc_w.l(llsshr.o)
    0x08000726   0x08000726   0x00000000   Code   RO          951    .text               mc_w.l(iusefp.o)
    0x08000726   0x08000726   0x0000006e   Code   RO          952    .text               mf_w.l(fepilogue.o)
    0x08000794   0x08000794   0x000000ba   Code   RO          954    .text               mf_w.l(depilogue.o)
    0x0800084e   0x0800084e   0x00000030   Code   RO          956    .text               mf_w.l(dfixul.o)
    0x0800087e   0x0800087e   0x00000002   PAD
    0x08000880   0x08000880   0x00000030   Code   RO          958    .text               mf_w.l(cdcmple.o)
    0x080008b0   0x080008b0   0x00000030   Code   RO          960    .text               mf_w.l(cdrcmple.o)
    0x080008e0   0x080008e0   0x00000030   Code   RO          966    .text               mc_w.l(init.o)
    0x08000910   0x08000910   0x0000002e   Code   RO          968    .text               mf_w.l(dscalb.o)
    0x0800093e   0x0800093e   0x00000002   PAD
    0x08000940   0x08000940   0x00000010   Code   RO          226    .text.ADC_Cmd       stm32f10x_adc.o
    0x08000950   0x08000950   0x00000012   Code   RO          228    .text.ADC_DMACmd    stm32f10x_adc.o
    0x08000962   0x08000962   0x00000002   PAD
    0x08000964   0x08000964   0x00000008   Code   RO          238    .text.ADC_GetCalibrationStatus  stm32f10x_adc.o
    0x0800096c   0x0800096c   0x00000008   Code   RO          234    .text.ADC_GetResetCalibrationStatus  stm32f10x_adc.o
    0x08000974   0x08000974   0x00000052   Code   RO          222    .text.ADC_Init      stm32f10x_adc.o
    0x080009c6   0x080009c6   0x00000002   PAD
    0x080009c8   0x080009c8   0x00000060   Code   RO          248    .text.ADC_RegularChannelConfig  stm32f10x_adc.o
    0x08000a28   0x08000a28   0x0000000a   Code   RO          232    .text.ADC_ResetCalibration  stm32f10x_adc.o
    0x08000a32   0x08000a32   0x00000002   PAD
    0x08000a34   0x08000a34   0x00000012   Code   RO          240    .text.ADC_SoftwareStartConvCmd  stm32f10x_adc.o
    0x08000a46   0x08000a46   0x00000002   PAD
    0x08000a48   0x08000a48   0x0000000a   Code   RO          236    .text.ADC_StartCalibration  stm32f10x_adc.o
    0x08000a52   0x08000a52   0x00000002   PAD
    0x08000a54   0x08000a54   0x0000001a   Code   RO          282    .text.ADC_TempSensorVrefintCmd  stm32f10x_adc.o
    0x08000a6e   0x08000a6e   0x00000002   PAD
    0x08000a70   0x08000a70   0x00000016   Code   RO          306    .text.DMA_Cmd       stm32f10x_dma.o
    0x08000a86   0x08000a86   0x00000002   PAD
    0x08000a88   0x08000a88   0x0000010c   Code   RO          300    .text.DMA_DeInit    stm32f10x_dma.o
    0x08000b94   0x08000b94   0x00000048   Code   RO          302    .text.DMA_Init      stm32f10x_dma.o
    0x08000bdc   0x08000bdc   0x00000042   Code   RO           40    .text.EXTI0_IRQHandler  exti.o
    0x08000c1e   0x08000c1e   0x00000002   PAD
    0x08000c20   0x08000c20   0x0000003c   Code   RO           42    .text.EXTI1_IRQHandler  exti.o
    0x08000c5c   0x08000c5c   0x00000040   Code   RO           44    .text.EXTI4_IRQHandler  exti.o
    0x08000c9c   0x08000c9c   0x0000000c   Code   RO          344    .text.EXTI_ClearITPendingBit  stm32f10x_exti.o
    0x08000ca8   0x08000ca8   0x0000001e   Code   RO          342    .text.EXTI_GetITStatus  stm32f10x_exti.o
    0x08000cc6   0x08000cc6   0x00000002   PAD
    0x08000cc8   0x08000cc8   0x000000bc   Code   RO          358    .text.GPIO_Init     stm32f10x_gpio.o
    0x08000d84   0x08000d84   0x00000080   Code   RO          384    .text.GPIO_PinRemapConfig  stm32f10x_gpio.o
    0x08000e04   0x08000e04   0x00000004   Code   RO          370    .text.GPIO_SetBits  stm32f10x_gpio.o
    0x08000e08   0x08000e08   0x0000000c   Code   RO          374    .text.GPIO_WriteBit  stm32f10x_gpio.o
    0x08000e14   0x08000e14   0x0000005e   Code   RO          204    .text.NVIC_Init     misc.o
    0x08000e72   0x08000e72   0x00000002   PAD
    0x08000e74   0x08000e74   0x00000014   Code   RO          121    .text.OLED_Clear    oled.o
    0x08000e88   0x08000e88   0x0000007c   Code   RO          123    .text.OLED_ClearArea  oled.o
    0x08000f04   0x08000f04   0x0000098a   Code   RO          163    .text.OLED_DrawArc  oled.o
    0x0800188e   0x0800188e   0x00000002   PAD
    0x08001890   0x08001890   0x0000024a   Code   RO          153    .text.OLED_DrawLine  oled.o
    0x08001ada   0x08001ada   0x00000002   PAD
    0x08001adc   0x08001adc   0x0000016a   Code   RO          157    .text.OLED_DrawTriangle  oled.o
    0x08001c46   0x08001c46   0x00000002   PAD
    0x08001c48   0x08001c48   0x0000005c   Code   RO          101    .text.OLED_I2C_SendByte  oled.o
    0x08001ca4   0x08001ca4   0x000000de   Code   RO          107    .text.OLED_Init     oled.o
    0x08001d82   0x08001d82   0x00000002   PAD
    0x08001d84   0x08001d84   0x00000080   Code   RO          147    .text.OLED_Printf   oled.o
    0x08001e04   0x08001e04   0x00000046   Code   RO          129    .text.OLED_ShowChar  oled.o
    0x08001e4a   0x08001e4a   0x00000002   PAD
    0x08001e4c   0x08001e4c   0x000000a4   Code   RO          145    .text.OLED_ShowChinese  oled.o
    0x08001ef0   0x08001ef0   0x00000130   Code   RO          131    .text.OLED_ShowImage  oled.o
    0x08002020   0x08002020   0x00000070   Code   RO          133    .text.OLED_ShowString  oled.o
    0x08002090   0x08002090   0x00000036   Code   RO          117    .text.OLED_Update   oled.o
    0x080020c6   0x080020c6   0x00000002   PAD
    0x080020c8   0x080020c8   0x00000088   Code   RO          119    .text.OLED_UpdateArea  oled.o
    0x08002150   0x08002150   0x000000b2   Code   RO          103    .text.OLED_WriteCommand  oled.o
    0x08002202   0x08002202   0x00000002   PAD
    0x08002204   0x08002204   0x00000084   Code   RO          105    .text.OLED_WriteData  oled.o
    0x08002288   0x08002288   0x00000014   Code   RO          429    .text.RCC_ADCCLKConfig  stm32f10x_rcc.o
    0x0800229c   0x0800229c   0x00000018   Code   RO          441    .text.RCC_AHBPeriphClockCmd  stm32f10x_rcc.o
    0x080022b4   0x080022b4   0x00000018   Code   RO          443    .text.RCC_APB2PeriphClockCmd  stm32f10x_rcc.o
    0x080022cc   0x080022cc   0x0000008c   Code   RO          439    .text.RCC_GetClocksFreq  stm32f10x_rcc.o
    0x08002358   0x08002358   0x00000032   Code   RO           57    .text.Send_String   uart.o
    0x0800238a   0x0800238a   0x00000002   PAD
    0x0800238c   0x0800238c   0x0000010c   Code   RO          565    .text.SystemInit    system_stm32f10x.o
    0x08002498   0x08002498   0x0000006e   Code   RO           65    .text.USART1_IRQHandler  uart.o
    0x08002506   0x08002506   0x00000002   PAD
    0x08002508   0x08002508   0x0000000e   Code   RO          529    .text.USART_ClearITPendingBit  stm32f10x_usart.o
    0x08002516   0x08002516   0x00000002   PAD
    0x08002518   0x08002518   0x00000014   Code   RO          483    .text.USART_Cmd     stm32f10x_usart.o
    0x0800252c   0x0800252c   0x0000000a   Code   RO          523    .text.USART_GetFlagStatus  stm32f10x_usart.o
    0x08002536   0x08002536   0x00000002   PAD
    0x08002538   0x08002538   0x00000032   Code   RO          527    .text.USART_GetITStatus  stm32f10x_usart.o
    0x0800256a   0x0800256a   0x00000002   PAD
    0x0800256c   0x0800256c   0x0000002e   Code   RO          485    .text.USART_ITConfig  stm32f10x_usart.o
    0x0800259a   0x0800259a   0x00000002   PAD
    0x0800259c   0x0800259c   0x000000b6   Code   RO          475    .text.USART_Init    stm32f10x_usart.o
    0x08002652   0x08002652   0x00000002   PAD
    0x08002654   0x08002654   0x00000008   Code   RO          501    .text.USART_ReceiveData  stm32f10x_usart.o
    0x0800265c   0x0800265c   0x00000008   Code   RO          499    .text.USART_SendData  stm32f10x_usart.o
    0x08002664   0x08002664   0x0000008e   Code   RO           53    .text.Uart_Init     uart.o
    0x080026f2   0x080026f2   0x00000002   PAD
    0x080026f4   0x080026f4   0x00000124   Code   RO           79    .text.adc_init      adc.o
    0x08002818   0x08002818   0x00000002   Code   RO          192    .text.delay         delay.o
    0x0800281a   0x0800281a   0x00000002   PAD
    0x0800281c   0x0800281c   0x00000024   Code   RO           61    .text.fputc         uart.o
    0x08002840   0x08002840   0x0000000e   Code   RO           81    .text.get_adc1_result  adc.o
    0x0800284e   0x0800284e   0x00000002   PAD
    0x08002850   0x08002850   0x0000006e   Code   RO           13    .text.led_init      led.o
    0x080028be   0x080028be   0x00000002   PAD
    0x080028c0   0x080028c0   0x00000450   Code   RO            2    .text.main          main.o
    0x08002d10   0x08002d10   0x00000020   Code   RO          826    i.__0printf         mc_w.l(printfa.o)
    0x08002d30   0x08002d30   0x00000024   Code   RO          832    i.__0vsprintf       mc_w.l(printfa.o)
    0x08002d54   0x08002d54   0x00000028   Code   RO          962    i.__ARM_fpclassify  m_ws.l(fpclassify.o)
    0x08002d7c   0x08002d7c   0x000000aa   Code   RO          964    i.__kernel_poly     m_ws.l(poly.o)
    0x08002e26   0x08002e26   0x00000006   Code   RO          896    i.__mathlib_dbl_infnan  m_ws.l(dunder.o)
    0x08002e2c   0x08002e2c   0x00000004   Code   RO          897    i.__mathlib_dbl_infnan2  m_ws.l(dunder.o)
    0x08002e30   0x08002e30   0x00000010   Code   RO          901    i.__mathlib_dbl_underflow  m_ws.l(dunder.o)
    0x08002e40   0x08002e40   0x0000000e   Code   RO          972    i.__scatterload_copy  mc_w.l(handlers.o)
    0x08002e4e   0x08002e4e   0x00000002   Code   RO          973    i.__scatterload_null  mc_w.l(handlers.o)
    0x08002e50   0x08002e50   0x0000000e   Code   RO          974    i.__scatterload_zeroinit  mc_w.l(handlers.o)
    0x08002e5e   0x08002e5e   0x00000002   PAD
    0x08002e60   0x08002e60   0x0000000c   Code   RO          946    i.__set_errno       mc_w.l(errno.o)
    0x08002e6c   0x08002e6c   0x00000184   Code   RO          833    i._fp_digits        mc_w.l(printfa.o)
    0x08002ff0   0x08002ff0   0x000006dc   Code   RO          834    i._printf_core      mc_w.l(printfa.o)
    0x080036cc   0x080036cc   0x00000024   Code   RO          835    i._printf_post_padding  mc_w.l(printfa.o)
    0x080036f0   0x080036f0   0x0000002e   Code   RO          836    i._printf_pre_padding  mc_w.l(printfa.o)
    0x0800371e   0x0800371e   0x0000000a   Code   RO          838    i._sputc            mc_w.l(printfa.o)
    0x08003728   0x08003728   0x00000220   Code   RO          891    i.atan              m_ws.l(atan.o)
    0x08003948   0x08003948   0x0000019c   Code   RO          579    i.atan2             m_ws.l(atan2.o)
    0x08003ae4   0x08003ae4   0x00000024   Code   RO          585    i.puts              mc_w.l(puts.o)
    0x08003b08   0x08003b08   0x00000098   Data   RO          892    .constdata          m_ws.l(atan.o)
    0x08003ba0   0x08003ba0   0x00000008   Data   RO          909    .constdata          m_ws.l(qnan.o)
    0x08003ba8   0x08003ba8   0x00000004   Data   RO          464    .rodata.ADCPrescTable  stm32f10x_rcc.o
    0x08003bac   0x08003bac   0x00000010   Data   RO          463    .rodata.APBAHBPrescTable  stm32f10x_rcc.o
    0x08003bbc   0x08003bbc   0x00000006   Data   RO          178    .rodata.Celsius     oled_data.o
    0x08003bc2   0x08003bc2   0x00000288   Data   RO          176    .rodata.OLED_CF16x16  oled_data.o
    0x08003e4a   0x08003e4a   0x0000023a   Data   RO          175    .rodata.OLED_F6x8   oled_data.o
    0x08004084   0x08004084   0x000005f0   Data   RO          174    .rodata.OLED_F8x16  oled_data.o
    0x08004674   0x08004674   0x0000008b   Data   RO            4    .rodata.str1.1      main.o
    0x080046ff   0x080046ff   0x00000001   PAD
    0x08004700   0x08004700   0x00000020   Data   RO          971    Region$$Table       anon$$obj.o


    Execution Region RW_IRAM1 (Exec base: 0x20000000, Load base: 0x08004720, Size: 0x00000810, Max: 0x00005000, ABSOLUTE)

    Exec Addr    Load Addr    Size         Type   Attr      Idx    E Section Name        Object

    0x20000000   0x08004720   0x00000004   Data   RW          924    .data               mc_w.l(stdout.o)
    0x20000004   0x08004724   0x00000004   Data   RW          947    .data               mc_w.l(errno.o)
    0x20000008        -       0x00000400   Zero   RW          165    .bss.OLED_DisplayBuf  oled.o
    0x20000408        -       0x00000008   Zero   RW           83    .bss.ad_result      adc.o
    0x20000410        -       0x00000400   Zero   RW          555    STACK               startup_stm32f10x_md.o


==============================================================================

Image component sizes


      Code (inc. data)   RO Data    RW Data    ZI Data      Debug   Object Name

       306          0          0          0          8       3222   adc.o
         2          0          0          0          0       1566   delay.o
       190          0          0          0          0       3951   exti.o
       110          0          0          0          0       1819   led.o
      1104         56        139          0          0       1683   main.o
        94          0          0          0          0       3685   misc.o
      5126          0          0          0       1024      36631   oled.o
         0          0       2744          0          0        914   oled_data.o
        36          8        236          0       1024        848   startup_stm32f10x_md.o
       292          0          0          0          0       9624   stm32f10x_adc.o
       362          0          0          0          0       4262   stm32f10x_dma.o
        42          0          0          0          0       3054   stm32f10x_exti.o
       332          0          0          0          0       6143   stm32f10x_gpio.o
       208          0         20          0          0       8535   stm32f10x_rcc.o
       338          0          0          0          0       8904   stm32f10x_usart.o
       268          0          0          0          0       2882   system_stm32f10x.o
       338          0          0          0          0       5896   uart.o

    ----------------------------------------------------------------------
      9204         64       3172          0       2056     103619   Object Totals
         0          0         32          0          0          0   (incl. Generated)
        56          0          1          0          0          0   (incl. Padding)

    ----------------------------------------------------------------------

      Code (inc. data)   RO Data    RW Data    ZI Data      Debug   Library Member Name

       544         70        152          0          0        124   atan.o
       412         38          0          0          0        144   atan2.o
        26          6          0          0          0        204   dunder.o
        40          0          0          0          0         68   fpclassify.o
       170          0          0          0          0         96   poly.o
         0          0          8          0          0          0   qnan.o
         0          0          0          0          0          0   entry.o
         0          0          0          0          0          0   entry10a.o
         0          0          0          0          0          0   entry11a.o
         8          4          0          0          0          0   entry2.o
         4          0          0          0          0          0   entry5.o
         0          0          0          0          0          0   entry7b.o
         0          0          0          0          0          0   entry8b.o
         8          4          0          0          0          0   entry9a.o
        12          6          0          4          0         68   errno.o
        30          0          0          0          0          0   handlers.o
        48         10          0          0          0         68   init.o
         0          0          0          0          0          0   iusefp.o
        30          0          0          0          0         68   llshl.o
        36          0          0          0          0         68   llsshr.o
        32          0          0          0          0         68   llushr.o
        36          0          0          0          0        108   memseta.o
      2304         96          0          0          0        600   printfa.o
        36          6          0          0          0         80   puts.o
         0          0          0          4          0          0   stdout.o
        28          0          0          0          0         76   strcmp.o
        44          0          0          0          0         80   uidiv.o
        98          0          0          0          0         92   uldiv.o
        48          0          0          0          0         68   cdcmple.o
        48          0          0          0          0         68   cdrcmple.o
        56          0          0          0          0         88   d2f.o
       334          0          0          0          0        148   dadd.o
       222          0          0          0          0        100   ddiv.o
       186          0          0          0          0        176   depilogue.o
        62          0          0          0          0         80   dfixi.o
        48          0          0          0          0         68   dfixul.o
        34          0          0          0          0         76   dflti.o
        26          0          0          0          0         76   dfltui.o
       228          0          0          0          0         96   dmul.o
        46          0          0          0          0         80   dscalb.o
        38          0          0          0          0         68   f2d.o
       124          0          0          0          0         88   fdiv.o
       110          0          0          0          0        168   fepilogue.o
        10          0          0          0          0         68   ffltui.o
       100          0          0          0          0         76   fmul.o

    ----------------------------------------------------------------------
      5672        240        160          8          0       3604   Library Totals
         6          0          0          0          0          0   (incl. Padding)

    ----------------------------------------------------------------------

      Code (inc. data)   RO Data    RW Data    ZI Data      Debug   Library Name

      1192        114        160          0          0        636   m_ws.l
      2754        126          0          8          0       1376   mc_w.l
      1720          0          0          0          0       1592   mf_w.l

    ----------------------------------------------------------------------
      5672        240        160          8          0       3604   Library Totals

    ----------------------------------------------------------------------

==============================================================================


      Code (inc. data)   RO Data    RW Data    ZI Data      Debug   

     14876        304       3332          8       2056     105119   Grand Totals
     14876        304       3332          8       2056     105119   ELF Image Totals
     14876        304       3332          8          0          0   ROM Totals

==============================================================================

    Total RO  Size (Code + RO Data)                18208 (  17.78kB)
    Total RW  Size (RW Data + ZI Data)              2064 (   2.02kB)
    Total ROM Size (Code + RO Data + RW Data)      18216 (  17.79kB)

==============================================================================

